[{"stream_name":"stderr","time":7.61576799,"data":"/usr/local/lib/python3.12/dist-packages/nbformat/__init__.py:96: MissingIDFieldWarning: Cell is missing an id field, this will become a hard error in future nbformat versions. You may want to use `normalize()` on your notebooks before validations (available since nbformat 5.1.4). Previous versions of nbformat are fixing this issue transparently, and will stop doing so in the future.\n"}
,{"stream_name":"stderr","time":7.615837132,"data":"  validate(nb)\n"}
,{"stream_name":"stderr","time":8.751111296,"data":"0.00s - Debugger warning: It seems that frozen modules are being used, which may\n"}
,{"stream_name":"stderr","time":8.751152060999999,"data":"0.00s - make the debugger miss breakpoints. Please pass -Xfrozen_modules=off\n"}
,{"stream_name":"stderr","time":8.75115869,"data":"0.00s - to python to disable frozen modules.\n"}
,{"stream_name":"stderr","time":8.75116398,"data":"0.00s - Note: Debugging will proceed. Set PYDEVD_DISABLE_FILE_VALIDATION=1 to disable this validation.\n"}
,{"stream_name":"stderr","time":9.558900919,"data":"0.00s - Debugger warning: It seems that frozen modules are being used, which may\n"}
,{"stream_name":"stderr","time":9.558942193,"data":"0.00s - make the debugger miss breakpoints. Please pass -Xfrozen_modules=off\n"}
,{"stream_name":"stderr","time":9.558946757,"data":"0.00s - to python to disable frozen modules.\n"}
,{"stream_name":"stderr","time":9.558951611,"data":"0.00s - Note: Debugging will proceed. Set PYDEVD_DISABLE_FILE_VALIDATION=1 to disable this validation.\n"}
,{"stream_name":"stdout","time":14.407154223,"data":"     ━━━━━━━━━━━━━━━━━━━━━━━━━━━━━━━━━━━━━━━━ 57.3/57.3 kB 2.4 MB/s eta 0:00:00\n"}
,{"stream_name":"stdout","time":14.567010818,"data":"   ━━━━━━━━━━━━━━━━━━━━━━━━━━━━━━━━━━━━━━━━ 5.4/5.4 MB 69.8 MB/s eta 0:00:00\n"}
,{"stream_name":"stdout","time":14.60436281,"data":"   ━━━━━━━━━━━━━━━━━━━━━━━━━━━━━━━━━━━━━━━━ 937.5/937.5 kB 34.4 MB/s eta 0:00:00\n"}
,{"stream_name":"stdout","time":14.610228125999999,"data":"     ━━━━━━━━━━━━━━━━━━━━━━━━━━━━━━━━━━━━━━━━ 57.3/57.3 kB 2.4 MB/s eta 0:00:00\n"}
,{"stream_name":"stdout","time":14.610270752,"data":"   ━━━━━━━━━━━━━━━━━━━━━━━━━━━━━━━━━━━━━━━━ 5.4/5.4 MB 69.8 MB/s eta 0:00:00\n"}
,{"stream_name":"stdout","time":14.610276881,"data":"   ━━━━━━━━━━━━━━━━━━━━━━━━━━━━━━━━━━━━━━━━ 937.5/937.5 kB 34.4 MB/s eta 0:00:00\n"}
,{"stream_name":"stdout","time":14.908685384,"data":"   ━━━━━━━━━━━━━━━━━━━━━━━━━━━━━━━━━━━━━━━━ 25.5/25.5 MB 59.7 MB/s eta 0:00:00\n"}
,{"stream_name":"stdout","time":14.954842518,"data":"   ━━━━━━━━━━━━━━━━━━━━━━━━━━━━━━━━━━━━━━━━ 2.4/2.4 MB 64.8 MB/s eta 0:00:00\n"}
,{"stream_name":"stdout","time":15.004120876,"data":"   ━━━━━━━━━━━━━━━━━━━━━━━━━━━━━━━━━━━━━━━━ 167.2/167.2 kB 8.2 MB/s eta 0:00:00\n"}
,{"stream_name":"stdout","time":15.111137588,"data":"   ━━━━━━━━━━━━━━━━━━━━━━━━━━━━━━━━━━━━━━━━ 25.5/25.5 MB 59.7 MB/s eta 0:00:00\n"}
,{"stream_name":"stdout","time":15.111188194,"data":"   ━━━━━━━━━━━━━━━━━━━━━━━━━━━━━━━━━━━━━━━━ 2.4/2.4 MB 64.8 MB/s eta 0:00:00\n"}
,{"stream_name":"stdout","time":15.111212962,"data":"   ━━━━━━━━━━━━━━━━━━━━━━━━━━━━━━━━━━━━━━━━ 167.2/167.2 kB 8.2 MB/s eta 0:00:00\n"}
,{"stream_name":"stdout","time":15.113136913,"data":"   ━━━━━━━━━━━━━━━━━━━━━━━━━━━━━━━━━━━━━━━━ 8.8/8.8 MB 90.0 MB/s eta 0:00:00\n"}
,{"stream_name":"stdout","time":15.315531784,"data":"   ━━━━━━━━━━━━━━━━━━━━━━━━━━━━━━━━━━━━━━━━ 8.8/8.8 MB 90.0 MB/s eta 0:00:00\n"}
,{"stream_name":"stdout","time":26.881710284,"data":"COMMAND /usr/bin/python3 /kaggle/input/datasets/ryhvic/hqcdnn-fixedsplit101-assets/run_experiments.py --repo-root /kaggle/working --cache /kaggle/input/datasets/ryhvic/hqcdnn-fixedsplit101-assets/cache --output /kaggle/working/results --protocol in_domain --dataset all --qubits 2\n"}
,{"stream_name":"stdout","time":47.795389587,"data":"epoch=1/50 val_recall=0.0000\n"}
,{"stream_name":"stdout","time":47.999604089,"data":"epoch=1/50 val_recall=0.0000\n"}
,{"stream_name":"stdout","time":50.411921058,"data":"epoch=2/50 val_recall=0.0000\n"}
,{"stream_name":"stdout","time":50.6147818,"data":"epoch=2/50 val_recall=0.0000\n"}
,{"stream_name":"stdout","time":53.087758207,"data":"epoch=3/50 val_recall=0.0000\n"}
,{"stream_name":"stdout","time":53.290726976,"data":"epoch=3/50 val_recall=0.0000\n"}
,{"stream_name":"stdout","time":55.734478945,"data":"epoch=4/50 val_recall=0.0000\n"}
,{"stream_name":"stdout","time":55.937038537,"data":"epoch=4/50 val_recall=0.0000\n"}
,{"stream_name":"stdout","time":58.406985249,"data":"epoch=5/50 val_recall=0.0000\n"}
,{"stream_name":"stdout","time":58.609844905,"data":"epoch=5/50 val_recall=0.0000\n"}
,{"stream_name":"stdout","time":61.028963432,"data":"epoch=6/50 val_recall=0.0000\n"}
,{"stream_name":"stdout","time":61.232434082,"data":"epoch=6/50 val_recall=0.0000\n"}
,{"stream_name":"stdout","time":63.762375836,"data":"epoch=7/50 val_recall=0.0000\n"}
,{"stream_name":"stdout","time":63.9652016,"data":"epoch=7/50 val_recall=0.0000\n"}
,{"stream_name":"stdout","time":66.428467761,"data":"epoch=8/50 val_recall=0.0000\n"}
,{"stream_name":"stdout","time":66.631833195,"data":"epoch=8/50 val_recall=0.0000\n"}
,{"stream_name":"stdout","time":69.117791902,"data":"epoch=9/50 val_recall=0.0000\n"}
,{"stream_name":"stdout","time":69.320514466,"data":"epoch=9/50 val_recall=0.0000\n"}
,{"stream_name":"stdout","time":71.830659975,"data":"epoch=10/50 val_recall=0.0000\n"}
,{"stream_name":"stdout","time":72.033420839,"data":"epoch=10/50 val_recall=0.0000\n"}
,{"stream_name":"stdout","time":74.467673909,"data":"epoch=11/50 val_recall=0.0000\n"}
,{"stream_name":"stdout","time":74.670780149,"data":"epoch=11/50 val_recall=0.0000\n"}
,{"stream_name":"stdout","time":77.670608222,"data":"epoch=1/50 val_recall=0.0147\n"}
,{"stream_name":"stdout","time":77.873257707,"data":"epoch=1/50 val_recall=0.0147\n"}
,{"stream_name":"stdout","time":80.365639516,"data":"epoch=2/50 val_recall=0.0000\n"}
,{"stream_name":"stdout","time":80.570572706,"data":"epoch=2/50 val_recall=0.0000\n"}
,{"stream_name":"stdout","time":83.036254714,"data":"epoch=3/50 val_recall=0.0000\n"}
,{"stream_name":"stdout","time":83.238982101,"data":"epoch=3/50 val_recall=0.0000\n"}
,{"stream_name":"stdout","time":85.658665693,"data":"epoch=4/50 val_recall=0.0000\n"}
,{"stream_name":"stdout","time":85.861410406,"data":"epoch=4/50 val_recall=0.0000\n"}
,{"stream_name":"stdout","time":88.30318359,"data":"epoch=5/50 val_recall=0.0000\n"}
,{"stream_name":"stdout","time":88.505995153,"data":"epoch=5/50 val_recall=0.0000\n"}
,{"stream_name":"stdout","time":91.071047612,"data":"epoch=6/50 val_recall=0.0000\n"}
,{"stream_name":"stdout","time":91.273704748,"data":"epoch=6/50 val_recall=0.0000\n"}
,{"stream_name":"stdout","time":93.999966875,"data":"epoch=7/50 val_recall=0.0000\n"}
,{"stream_name":"stdout","time":94.202983771,"data":"epoch=7/50 val_recall=0.0000\n"}
,{"stream_name":"stdout","time":96.751927142,"data":"epoch=8/50 val_recall=0.0588\n"}
,{"stream_name":"stdout","time":96.954699275,"data":"epoch=8/50 val_recall=0.0588\n"}
,{"stream_name":"stdout","time":99.370085078,"data":"epoch=9/50 val_recall=0.0882\n"}
,{"stream_name":"stdout","time":99.572795029,"data":"epoch=9/50 val_recall=0.0882\n"}
,{"stream_name":"stdout","time":101.985850511,"data":"epoch=10/50 val_recall=0.1176\n"}
,{"stream_name":"stdout","time":102.18880997,"data":"epoch=10/50 val_recall=0.1176\n"}
,{"stream_name":"stdout","time":104.576197411,"data":"epoch=11/50 val_recall=0.2059\n"}
,{"stream_name":"stdout","time":104.779171388,"data":"epoch=11/50 val_recall=0.2059\n"}
,{"stream_name":"stdout","time":107.190449936,"data":"epoch=12/50 val_recall=0.2059\n"}
,{"stream_name":"stdout","time":107.393465822,"data":"epoch=12/50 val_recall=0.2059\n"}
,{"stream_name":"stdout","time":109.812744747,"data":"epoch=13/50 val_recall=0.3382\n"}
,{"stream_name":"stdout","time":110.015549111,"data":"epoch=13/50 val_recall=0.3382\n"}
,{"stream_name":"stdout","time":112.475144821,"data":"epoch=14/50 val_recall=0.3088\n"}
,{"stream_name":"stdout","time":112.68071531,"data":"epoch=14/50 val_recall=0.3088\n"}
,{"stream_name":"stdout","time":115.104008265,"data":"epoch=15/50 val_recall=0.1912\n"}
,{"stream_name":"stdout","time":115.306784684,"data":"epoch=15/50 val_recall=0.1912\n"}
,{"stream_name":"stdout","time":117.729327696,"data":"epoch=16/50 val_recall=0.3971\n"}
,{"stream_name":"stdout","time":117.931950626,"data":"epoch=16/50 val_recall=0.3971\n"}
,{"stream_name":"stdout","time":120.341157055,"data":"epoch=17/50 val_recall=0.3824\n"}
,{"stream_name":"stdout","time":120.543874728,"data":"epoch=17/50 val_recall=0.3824\n"}
,{"stream_name":"stdout","time":122.979031975,"data":"epoch=18/50 val_recall=0.4412\n"}
,{"stream_name":"stdout","time":123.182308903,"data":"epoch=18/50 val_recall=0.4412\n"}
,{"stream_name":"stdout","time":125.5956982,"data":"epoch=19/50 val_recall=0.6029\n"}
,{"stream_name":"stdout","time":125.798459916,"data":"epoch=19/50 val_recall=0.6029\n"}
,{"stream_name":"stdout","time":128.201587116,"data":"epoch=20/50 val_recall=0.5441\n"}
,{"stream_name":"stdout","time":128.404629641,"data":"epoch=20/50 val_recall=0.5441\n"}
,{"stream_name":"stdout","time":130.800759194,"data":"epoch=21/50 val_recall=0.1912\n"}
,{"stream_name":"stdout","time":131.0033785,"data":"epoch=21/50 val_recall=0.1912\n"}
,{"stream_name":"stdout","time":133.44137299,"data":"epoch=22/50 val_recall=0.4559\n"}
,{"stream_name":"stdout","time":133.644051661,"data":"epoch=22/50 val_recall=0.4559\n"}
,{"stream_name":"stdout","time":136.057283944,"data":"epoch=23/50 val_recall=0.5294\n"}
,{"stream_name":"stdout","time":136.260050107,"data":"epoch=23/50 val_recall=0.5294\n"}
,{"stream_name":"stdout","time":138.679552656,"data":"epoch=24/50 val_recall=0.5441\n"}
,{"stream_name":"stdout","time":138.882196605,"data":"epoch=24/50 val_recall=0.5441\n"}
,{"stream_name":"stdout","time":141.339645,"data":"epoch=25/50 val_recall=0.5735\n"}
,{"stream_name":"stdout","time":141.542442227,"data":"epoch=25/50 val_recall=0.5735\n"}
,{"stream_name":"stdout","time":143.957816834,"data":"epoch=26/50 val_recall=0.5735\n"}
,{"stream_name":"stdout","time":144.16355058,"data":"epoch=26/50 val_recall=0.5735\n"}
,{"stream_name":"stdout","time":146.559561796,"data":"epoch=27/50 val_recall=0.5441\n"}
,{"stream_name":"stdout","time":146.762071254,"data":"epoch=27/50 val_recall=0.5441\n"}
,{"stream_name":"stdout","time":149.167748951,"data":"epoch=28/50 val_recall=0.4118\n"}
,{"stream_name":"stdout","time":149.370412228,"data":"epoch=28/50 val_recall=0.4118\n"}
,{"stream_name":"stdout","time":151.801832679,"data":"epoch=29/50 val_recall=0.4559\n"}
,{"stream_name":"stdout","time":152.004637807,"data":"epoch=29/50 val_recall=0.4559\n"}
,{"stream_name":"stdout","time":155.06771182,"data":"epoch=1/50 val_recall=0.0000\n"}
,{"stream_name":"stdout","time":155.270288136,"data":"epoch=1/50 val_recall=0.0000\n"}
,{"stream_name":"stdout","time":157.703526001,"data":"epoch=2/50 val_recall=0.0000\n"}
,{"stream_name":"stdout","time":157.906305429,"data":"epoch=2/50 val_recall=0.0000\n"}
,{"stream_name":"stdout","time":160.304304317,"data":"epoch=3/50 val_recall=0.0000\n"}
,{"stream_name":"stdout","time":160.506971998,"data":"epoch=3/50 val_recall=0.0000\n"}
,{"stream_name":"stdout","time":162.924361302,"data":"epoch=4/50 val_recall=0.0000\n"}
,{"stream_name":"stdout","time":163.127035366,"data":"epoch=4/50 val_recall=0.0000\n"}
,{"stream_name":"stdout","time":165.555424755,"data":"epoch=5/50 val_recall=0.0000\n"}
,{"stream_name":"stdout","time":165.758261948,"data":"epoch=5/50 val_recall=0.0000\n"}
,{"stream_name":"stdout","time":168.174794369,"data":"epoch=6/50 val_recall=0.0000\n"}
,{"stream_name":"stdout","time":168.377427425,"data":"epoch=6/50 val_recall=0.0000\n"}
,{"stream_name":"stdout","time":170.789149603,"data":"epoch=7/50 val_recall=0.0000\n"}
,{"stream_name":"stdout","time":170.991936327,"data":"epoch=7/50 val_recall=0.0000\n"}
,{"stream_name":"stdout","time":173.420955687,"data":"epoch=8/50 val_recall=0.0000\n"}
,{"stream_name":"stdout","time":173.623716943,"data":"epoch=8/50 val_recall=0.0000\n"}
,{"stream_name":"stdout","time":176.022482171,"data":"epoch=9/50 val_recall=0.0147\n"}
,{"stream_name":"stdout","time":176.228742552,"data":"epoch=9/50 val_recall=0.0147\n"}
,{"stream_name":"stdout","time":178.621686351,"data":"epoch=10/50 val_recall=0.0147\n"}
,{"stream_name":"stdout","time":178.824435216,"data":"epoch=10/50 val_recall=0.0147\n"}
,{"stream_name":"stdout","time":181.215581475,"data":"epoch=11/50 val_recall=0.0441\n"}
,{"stream_name":"stdout","time":181.418355474,"data":"epoch=11/50 val_recall=0.0441\n"}
,{"stream_name":"stdout","time":183.844157689,"data":"epoch=12/50 val_recall=0.1324\n"}
,{"stream_name":"stdout","time":184.046757139,"data":"epoch=12/50 val_recall=0.1324\n"}
,{"stream_name":"stdout","time":186.438858963,"data":"epoch=13/50 val_recall=0.2794\n"}
,{"stream_name":"stdout","time":186.641455165,"data":"epoch=13/50 val_recall=0.2794\n"}
,{"stream_name":"stdout","time":189.078584902,"data":"epoch=14/50 val_recall=0.2647\n"}
,{"stream_name":"stdout","time":189.281150263,"data":"epoch=14/50 val_recall=0.2647\n"}
,{"stream_name":"stdout","time":191.722798827,"data":"epoch=15/50 val_recall=0.1471\n"}
,{"stream_name":"stdout","time":191.925350349,"data":"epoch=15/50 val_recall=0.1471\n"}
,{"stream_name":"stdout","time":194.334899736,"data":"epoch=16/50 val_recall=0.4118\n"}
,{"stream_name":"stdout","time":194.537591183,"data":"epoch=16/50 val_recall=0.4118\n"}
,{"stream_name":"stdout","time":196.940648834,"data":"epoch=17/50 val_recall=0.2941\n"}
,{"stream_name":"stdout","time":197.143561488,"data":"epoch=17/50 val_recall=0.2941\n"}
,{"stream_name":"stdout","time":199.540143474,"data":"epoch=18/50 val_recall=0.4853\n"}
,{"stream_name":"stdout","time":199.742879866,"data":"epoch=18/50 val_recall=0.4853\n"}
,{"stream_name":"stdout","time":202.184475565,"data":"epoch=19/50 val_recall=0.2941\n"}
,{"stream_name":"stdout","time":202.387445998,"data":"epoch=19/50 val_recall=0.2941\n"}
,{"stream_name":"stdout","time":204.798339487,"data":"epoch=20/50 val_recall=0.5588\n"}
,{"stream_name":"stdout","time":205.00124602,"data":"epoch=20/50 val_recall=0.5588\n"}
,{"stream_name":"stdout","time":207.401138463,"data":"epoch=21/50 val_recall=0.5147\n"}
,{"stream_name":"stdout","time":207.607678209,"data":"epoch=21/50 val_recall=0.5147\n"}
,{"stream_name":"stdout","time":210.009822987,"data":"epoch=22/50 val_recall=0.3676\n"}
,{"stream_name":"stdout","time":210.212547258,"data":"epoch=22/50 val_recall=0.3676\n"}
,{"stream_name":"stdout","time":212.669187404,"data":"epoch=23/50 val_recall=0.5147\n"}
,{"stream_name":"stdout","time":212.872146958,"data":"epoch=23/50 val_recall=0.5147\n"}
,{"stream_name":"stdout","time":215.351897374,"data":"epoch=24/50 val_recall=0.6029\n"}
,{"stream_name":"stdout","time":215.554678296,"data":"epoch=24/50 val_recall=0.6029\n"}
,{"stream_name":"stdout","time":218.016374037,"data":"epoch=25/50 val_recall=0.5441\n"}
,{"stream_name":"stdout","time":218.219229536,"data":"epoch=25/50 val_recall=0.5441\n"}
,{"stream_name":"stdout","time":220.63073868,"data":"epoch=26/50 val_recall=0.5735\n"}
,{"stream_name":"stdout","time":220.833435465,"data":"epoch=26/50 val_recall=0.5735\n"}
,{"stream_name":"stdout","time":223.280964413,"data":"epoch=27/50 val_recall=0.5147\n"}
,{"stream_name":"stdout","time":223.483701242,"data":"epoch=27/50 val_recall=0.5147\n"}
,{"stream_name":"stdout","time":225.914799975,"data":"epoch=28/50 val_recall=0.5147\n"}
,{"stream_name":"stdout","time":226.117619564,"data":"epoch=28/50 val_recall=0.5147\n"}
,{"stream_name":"stdout","time":228.52194709,"data":"epoch=29/50 val_recall=0.5147\n"}
,{"stream_name":"stdout","time":228.724788492,"data":"epoch=29/50 val_recall=0.5147\n"}
,{"stream_name":"stdout","time":231.126420163,"data":"epoch=30/50 val_recall=0.6176\n"}
,{"stream_name":"stdout","time":231.329380798,"data":"epoch=30/50 val_recall=0.6176\n"}
,{"stream_name":"stdout","time":233.755676674,"data":"epoch=31/50 val_recall=0.5294\n"}
,{"stream_name":"stdout","time":233.95848304,"data":"epoch=31/50 val_recall=0.5294\n"}
,{"stream_name":"stdout","time":236.328781849,"data":"epoch=32/50 val_recall=0.6176\n"}
,{"stream_name":"stdout","time":236.531452604,"data":"epoch=32/50 val_recall=0.6176\n"}
,{"stream_name":"stdout","time":238.910144302,"data":"epoch=33/50 val_recall=0.5147\n"}
,{"stream_name":"stdout","time":239.117684778,"data":"epoch=33/50 val_recall=0.5147\n"}
,{"stream_name":"stdout","time":241.527347345,"data":"epoch=34/50 val_recall=0.5000\n"}
,{"stream_name":"stdout","time":241.730110154,"data":"epoch=34/50 val_recall=0.5000\n"}
,{"stream_name":"stdout","time":244.107424951,"data":"epoch=35/50 val_recall=0.4706\n"}
,{"stream_name":"stdout","time":244.310085345,"data":"epoch=35/50 val_recall=0.4706\n"}
,{"stream_name":"stdout","time":246.682175066,"data":"epoch=36/50 val_recall=0.6176\n"}
,{"stream_name":"stdout","time":246.884917754,"data":"epoch=36/50 val_recall=0.6176\n"}
,{"stream_name":"stdout","time":249.274390055,"data":"epoch=37/50 val_recall=0.6471\n"}
,{"stream_name":"stdout","time":249.477350399,"data":"epoch=37/50 val_recall=0.6471\n"}
,{"stream_name":"stdout","time":251.896746472,"data":"epoch=38/50 val_recall=0.5882\n"}
,{"stream_name":"stdout","time":252.099380999,"data":"epoch=38/50 val_recall=0.5882\n"}
,{"stream_name":"stdout","time":254.502502359,"data":"epoch=39/50 val_recall=0.4265\n"}
,{"stream_name":"stdout","time":254.70511165,"data":"epoch=39/50 val_recall=0.4265\n"}
,{"stream_name":"stdout","time":257.093766348,"data":"epoch=40/50 val_recall=0.5147\n"}
,{"stream_name":"stdout","time":257.296396337,"data":"epoch=40/50 val_recall=0.5147\n"}
,{"stream_name":"stdout","time":259.676855134,"data":"epoch=41/50 val_recall=0.5000\n"}
,{"stream_name":"stdout","time":259.879548253,"data":"epoch=41/50 val_recall=0.5000\n"}
,{"stream_name":"stdout","time":262.290032278,"data":"epoch=42/50 val_recall=0.5294\n"}
,{"stream_name":"stdout","time":262.492626472,"data":"epoch=42/50 val_recall=0.5294\n"}
,{"stream_name":"stdout","time":264.866577234,"data":"epoch=43/50 val_recall=0.5735\n"}
,{"stream_name":"stdout","time":265.069280769,"data":"epoch=43/50 val_recall=0.5735\n"}
,{"stream_name":"stdout","time":267.446768483,"data":"epoch=44/50 val_recall=0.6765\n"}
,{"stream_name":"stdout","time":267.649584936,"data":"epoch=44/50 val_recall=0.6765\n"}
,{"stream_name":"stdout","time":270.055663932,"data":"epoch=45/50 val_recall=0.5441\n"}
,{"stream_name":"stdout","time":270.263755902,"data":"epoch=45/50 val_recall=0.5441\n"}
,{"stream_name":"stdout","time":272.659578601,"data":"epoch=46/50 val_recall=0.5882\n"}
,{"stream_name":"stdout","time":272.862530721,"data":"epoch=46/50 val_recall=0.5882\n"}
,{"stream_name":"stdout","time":275.268881482,"data":"epoch=47/50 val_recall=0.6176\n"}
,{"stream_name":"stdout","time":275.471570589,"data":"epoch=47/50 val_recall=0.6176\n"}
,{"stream_name":"stdout","time":277.85544597,"data":"epoch=48/50 val_recall=0.6912\n"}
,{"stream_name":"stdout","time":278.058159369,"data":"epoch=48/50 val_recall=0.6912\n"}
,{"stream_name":"stdout","time":280.45390369,"data":"epoch=49/50 val_recall=0.6618\n"}
,{"stream_name":"stdout","time":280.656517261,"data":"epoch=49/50 val_recall=0.6618\n"}
,{"stream_name":"stdout","time":283.065027787,"data":"epoch=50/50 val_recall=0.5882\n"}
,{"stream_name":"stdout","time":283.268105291,"data":"epoch=50/50 val_recall=0.5882\n"}
,{"stream_name":"stdout","time":294.897406816,"data":"epoch=1/50 val_recall=0.0000\n"}
,{"stream_name":"stdout","time":295.100288289,"data":"epoch=1/50 val_recall=0.0000\n"}
,{"stream_name":"stdout","time":305.813435166,"data":"epoch=2/50 val_recall=0.2257\n"}
,{"stream_name":"stdout","time":306.022855075,"data":"epoch=2/50 val_recall=0.2257\n"}
,{"stream_name":"stdout","time":316.871947445,"data":"epoch=3/50 val_recall=0.3112\n"}
,{"stream_name":"stdout","time":317.074768765,"data":"epoch=3/50 val_recall=0.3112\n"}
,{"stream_name":"stdout","time":327.683126737,"data":"epoch=4/50 val_recall=0.3943\n"}
,{"stream_name":"stdout","time":327.88593377,"data":"epoch=4/50 val_recall=0.3943\n"}
,{"stream_name":"stdout","time":338.552606049,"data":"epoch=5/50 val_recall=0.4632\n"}
,{"stream_name":"stdout","time":338.765794165,"data":"epoch=5/50 val_recall=0.4632\n"}
,{"stream_name":"stdout","time":349.447980707,"data":"epoch=6/50 val_recall=0.3492\n"}
,{"stream_name":"stdout","time":349.650950249,"data":"epoch=6/50 val_recall=0.3492\n"}
,{"stream_name":"stdout","time":360.289149469,"data":"epoch=7/50 val_recall=0.4252\n"}
,{"stream_name":"stdout","time":360.49227272,"data":"epoch=7/50 val_recall=0.4252\n"}
,{"stream_name":"stdout","time":371.306640092,"data":"epoch=8/50 val_recall=0.3539\n"}
,{"stream_name":"stdout","time":371.52015658,"data":"epoch=8/50 val_recall=0.3539\n"}
,{"stream_name":"stdout","time":382.357323011,"data":"epoch=9/50 val_recall=0.4228\n"}
,{"stream_name":"stdout","time":382.560512329,"data":"epoch=9/50 val_recall=0.4228\n"}
,{"stream_name":"stdout","time":393.845123892,"data":"epoch=10/50 val_recall=0.3777\n"}
,{"stream_name":"stdout","time":394.047958246,"data":"epoch=10/50 val_recall=0.3777\n"}
,{"stream_name":"stdout","time":404.910412204,"data":"epoch=11/50 val_recall=0.3539\n"}
,{"stream_name":"stdout","time":405.123918816,"data":"epoch=11/50 val_recall=0.3539\n"}
,{"stream_name":"stdout","time":416.250267601,"data":"epoch=12/50 val_recall=0.3658\n"}
,{"stream_name":"stdout","time":416.453371881,"data":"epoch=12/50 val_recall=0.3658\n"}
,{"stream_name":"stdout","time":427.425286659,"data":"epoch=13/50 val_recall=0.4584\n"}
,{"stream_name":"stdout","time":427.628274678,"data":"epoch=13/50 val_recall=0.4584\n"}
,{"stream_name":"stdout","time":438.793054509,"data":"epoch=14/50 val_recall=0.3848\n"}
,{"stream_name":"stdout","time":439.007147753,"data":"epoch=14/50 val_recall=0.3848\n"}
,{"stream_name":"stdout","time":450.422522783,"data":"epoch=15/50 val_recall=0.4204\n"}
,{"stream_name":"stdout","time":450.625309405,"data":"epoch=15/50 val_recall=0.4204\n"}
,{"stream_name":"stdout","time":464.524259942,"data":"epoch=1/50 val_recall=0.1900\n"}
,{"stream_name":"stdout","time":464.727084854,"data":"epoch=1/50 val_recall=0.1900\n"}
,{"stream_name":"stdout","time":476.025913073,"data":"epoch=2/50 val_recall=0.3373\n"}
,{"stream_name":"stdout","time":476.237551121,"data":"epoch=2/50 val_recall=0.3373\n"}
,{"stream_name":"stdout","time":486.991650478,"data":"epoch=3/50 val_recall=0.3943\n"}
,{"stream_name":"stdout","time":487.194696807,"data":"epoch=3/50 val_recall=0.3943\n"}
,{"stream_name":"stdout","time":497.903225897,"data":"epoch=4/50 val_recall=0.3017\n"}
,{"stream_name":"stdout","time":498.106579479,"data":"epoch=4/50 val_recall=0.3017\n"}
,{"stream_name":"stdout","time":508.806469134,"data":"epoch=5/50 val_recall=0.2969\n"}
,{"stream_name":"stdout","time":509.020877482,"data":"epoch=5/50 val_recall=0.2969\n"}
,{"stream_name":"stdout","time":519.676038461,"data":"epoch=6/50 val_recall=0.3492\n"}
,{"stream_name":"stdout","time":519.878942388,"data":"epoch=6/50 val_recall=0.3492\n"}
,{"stream_name":"stdout","time":530.523333205,"data":"epoch=7/50 val_recall=0.3444\n"}
,{"stream_name":"stdout","time":530.726057548,"data":"epoch=7/50 val_recall=0.3444\n"}
,{"stream_name":"stdout","time":541.378419077,"data":"epoch=8/50 val_recall=0.3444\n"}
,{"stream_name":"stdout","time":541.587978984,"data":"epoch=8/50 val_recall=0.3444\n"}
,{"stream_name":"stdout","time":552.301361373,"data":"epoch=9/50 val_recall=0.3563\n"}
,{"stream_name":"stdout","time":552.504203459,"data":"epoch=9/50 val_recall=0.3563\n"}
,{"stream_name":"stdout","time":563.285664111,"data":"epoch=10/50 val_recall=0.3777\n"}
,{"stream_name":"stdout","time":563.488413364,"data":"epoch=10/50 val_recall=0.3777\n"}
,{"stream_name":"stdout","time":574.270846635,"data":"epoch=11/50 val_recall=0.4299\n"}
,{"stream_name":"stdout","time":574.480586854,"data":"epoch=11/50 val_recall=0.4299\n"}
,{"stream_name":"stdout","time":585.174011385,"data":"epoch=12/50 val_recall=0.2684\n"}
,{"stream_name":"stdout","time":585.376847281,"data":"epoch=12/50 val_recall=0.2684\n"}
,{"stream_name":"stdout","time":596.015919992,"data":"epoch=13/50 val_recall=0.4062\n"}
,{"stream_name":"stdout","time":596.218876141,"data":"epoch=13/50 val_recall=0.4062\n"}
,{"stream_name":"stdout","time":606.83726739,"data":"epoch=14/50 val_recall=0.3729\n"}
,{"stream_name":"stdout","time":607.04701839,"data":"epoch=14/50 val_recall=0.3729\n"}
,{"stream_name":"stdout","time":617.657789551,"data":"epoch=15/50 val_recall=0.4276\n"}
,{"stream_name":"stdout","time":617.860877609,"data":"epoch=15/50 val_recall=0.4276\n"}
,{"stream_name":"stdout","time":628.507308545,"data":"epoch=16/50 val_recall=0.4086\n"}
,{"stream_name":"stdout","time":628.710404947,"data":"epoch=16/50 val_recall=0.4086\n"}
,{"stream_name":"stdout","time":639.360552712,"data":"epoch=17/50 val_recall=0.3824\n"}
,{"stream_name":"stdout","time":639.570316123,"data":"epoch=17/50 val_recall=0.3824\n"}
,{"stream_name":"stdout","time":650.247405491,"data":"epoch=18/50 val_recall=0.4014\n"}
,{"stream_name":"stdout","time":650.450130361,"data":"epoch=18/50 val_recall=0.4014\n"}
,{"stream_name":"stdout","time":661.040013312,"data":"epoch=19/50 val_recall=0.3515\n"}
,{"stream_name":"stdout","time":661.242930526,"data":"epoch=19/50 val_recall=0.3515\n"}
,{"stream_name":"stdout","time":671.921363181,"data":"epoch=20/50 val_recall=0.3587\n"}
,{"stream_name":"stdout","time":672.133540932,"data":"epoch=20/50 val_recall=0.3587\n"}
,{"stream_name":"stdout","time":682.80327346,"data":"epoch=21/50 val_recall=0.4299\n"}
,{"stream_name":"stdout","time":683.005844994,"data":"epoch=21/50 val_recall=0.4299\n"}
,{"stream_name":"stdout","time":696.104327319,"data":"epoch=1/50 val_recall=0.0000\n"}
,{"stream_name":"stdout","time":696.307624984,"data":"epoch=1/50 val_recall=0.0000\n"}
,{"stream_name":"stdout","time":707.037266324,"data":"epoch=2/50 val_recall=0.2280\n"}
,{"stream_name":"stdout","time":707.253434323,"data":"epoch=2/50 val_recall=0.2280\n"}
,{"stream_name":"stdout","time":717.88367155,"data":"epoch=3/50 val_recall=0.3848\n"}
,{"stream_name":"stdout","time":718.086611961,"data":"epoch=3/50 val_recall=0.3848\n"}
,{"stream_name":"stdout","time":728.708386141,"data":"epoch=4/50 val_recall=0.3729\n"}
,{"stream_name":"stdout","time":728.911346173,"data":"epoch=4/50 val_recall=0.3729\n"}
,{"stream_name":"stdout","time":739.460437653,"data":"epoch=5/50 val_recall=0.3658\n"}
,{"stream_name":"stdout","time":739.670742271,"data":"epoch=5/50 val_recall=0.3658\n"}
,{"stream_name":"stdout","time":750.223287459,"data":"epoch=6/50 val_recall=0.4109\n"}
,{"stream_name":"stdout","time":750.426373091,"data":"epoch=6/50 val_recall=0.4109\n"}
,{"stream_name":"stdout","time":761.064625903,"data":"epoch=7/50 val_recall=0.4228\n"}
,{"stream_name":"stdout","time":761.267444063,"data":"epoch=7/50 val_recall=0.4228\n"}
,{"stream_name":"stdout","time":771.963066771,"data":"epoch=8/50 val_recall=0.3919\n"}
,{"stream_name":"stdout","time":772.174020821,"data":"epoch=8/50 val_recall=0.3919\n"}
,{"stream_name":"stdout","time":782.786735988,"data":"epoch=9/50 val_recall=0.4204\n"}
,{"stream_name":"stdout","time":782.989677499,"data":"epoch=9/50 val_recall=0.4204\n"}
,{"stream_name":"stdout","time":793.727238664,"data":"epoch=10/50 val_recall=0.4228\n"}
,{"stream_name":"stdout","time":793.930015107,"data":"epoch=10/50 val_recall=0.4228\n"}
,{"stream_name":"stdout","time":804.561406409,"data":"epoch=11/50 val_recall=0.4228\n"}
,{"stream_name":"stdout","time":804.778455235,"data":"epoch=11/50 val_recall=0.4228\n"}
,{"stream_name":"stdout","time":815.486345999,"data":"epoch=12/50 val_recall=0.4371\n"}
,{"stream_name":"stdout","time":815.689426052,"data":"epoch=12/50 val_recall=0.4371\n"}
,{"stream_name":"stdout","time":826.506908168,"data":"epoch=13/50 val_recall=0.4608\n"}
,{"stream_name":"stdout","time":826.710093735,"data":"epoch=13/50 val_recall=0.4608\n"}
,{"stream_name":"stdout","time":837.371116155,"data":"epoch=14/50 val_recall=0.4537\n"}
,{"stream_name":"stdout","time":837.587227057,"data":"epoch=14/50 val_recall=0.4537\n"}
,{"stream_name":"stdout","time":848.217079496,"data":"epoch=15/50 val_recall=0.5083\n"}
,{"stream_name":"stdout","time":848.420111374,"data":"epoch=15/50 val_recall=0.5083\n"}
,{"stream_name":"stdout","time":859.00105712,"data":"epoch=16/50 val_recall=0.4917\n"}
,{"stream_name":"stdout","time":859.204110073,"data":"epoch=16/50 val_recall=0.4917\n"}
,{"stream_name":"stdout","time":869.774430978,"data":"epoch=17/50 val_recall=0.5036\n"}
,{"stream_name":"stdout","time":869.991751078,"data":"epoch=17/50 val_recall=0.5036\n"}
,{"stream_name":"stdout","time":880.666432776,"data":"epoch=18/50 val_recall=0.4727\n"}
,{"stream_name":"stdout","time":880.869081206,"data":"epoch=18/50 val_recall=0.4727\n"}
,{"stream_name":"stdout","time":891.534147768,"data":"epoch=19/50 val_recall=0.4679\n"}
,{"stream_name":"stdout","time":891.737355602,"data":"epoch=19/50 val_recall=0.4679\n"}
,{"stream_name":"stdout","time":902.314546691,"data":"epoch=20/50 val_recall=0.4727\n"}
,{"stream_name":"stdout","time":902.527290875,"data":"epoch=20/50 val_recall=0.4727\n"}
,{"stream_name":"stdout","time":913.255169802,"data":"epoch=21/50 val_recall=0.4537\n"}
,{"stream_name":"stdout","time":913.457896323,"data":"epoch=21/50 val_recall=0.4537\n"}
,{"stream_name":"stdout","time":924.139344581,"data":"epoch=22/50 val_recall=0.4727\n"}
,{"stream_name":"stdout","time":924.342372859,"data":"epoch=22/50 val_recall=0.4727\n"}
,{"stream_name":"stdout","time":934.918627033,"data":"epoch=23/50 val_recall=0.5154\n"}
,{"stream_name":"stdout","time":935.135192595,"data":"epoch=23/50 val_recall=0.5154\n"}
,{"stream_name":"stdout","time":945.764832809,"data":"epoch=24/50 val_recall=0.5202\n"}
,{"stream_name":"stdout","time":945.967541971,"data":"epoch=24/50 val_recall=0.5202\n"}
,{"stream_name":"stdout","time":956.524175848,"data":"epoch=25/50 val_recall=0.5107\n"}
,{"stream_name":"stdout","time":956.727088497,"data":"epoch=25/50 val_recall=0.5107\n"}
,{"stream_name":"stdout","time":967.255014779,"data":"epoch=26/50 val_recall=0.4703\n"}
,{"stream_name":"stdout","time":967.46811663,"data":"epoch=26/50 val_recall=0.4703\n"}
,{"stream_name":"stdout","time":978.048444531,"data":"epoch=27/50 val_recall=0.4846\n"}
,{"stream_name":"stdout","time":978.251309442,"data":"epoch=27/50 val_recall=0.4846\n"}
,{"stream_name":"stdout","time":988.809482686,"data":"epoch=28/50 val_recall=0.5249\n"}
,{"stream_name":"stdout","time":989.012346339,"data":"epoch=28/50 val_recall=0.5249\n"}
,{"stream_name":"stdout","time":999.651421964,"data":"epoch=29/50 val_recall=0.4846\n"}
,{"stream_name":"stdout","time":999.863017532,"data":"epoch=29/50 val_recall=0.4846\n"}
,{"stream_name":"stdout","time":1010.457421253,"data":"epoch=30/50 val_recall=0.5154\n"}
,{"stream_name":"stdout","time":1010.660293711,"data":"epoch=30/50 val_recall=0.5154\n"}
,{"stream_name":"stdout","time":1021.19372158,"data":"epoch=31/50 val_recall=0.4988\n"}
,{"stream_name":"stdout","time":1021.396734073,"data":"epoch=31/50 val_recall=0.4988\n"}
,{"stream_name":"stdout","time":1032.067957237,"data":"epoch=32/50 val_recall=0.5321\n"}
,{"stream_name":"stdout","time":1032.279622992,"data":"epoch=32/50 val_recall=0.5321\n"}
,{"stream_name":"stdout","time":1042.910119253,"data":"epoch=33/50 val_recall=0.5463\n"}
,{"stream_name":"stdout","time":1043.113084847,"data":"epoch=33/50 val_recall=0.5463\n"}
,{"stream_name":"stdout","time":1053.717633832,"data":"epoch=34/50 val_recall=0.5321\n"}
,{"stream_name":"stdout","time":1053.920830833,"data":"epoch=34/50 val_recall=0.5321\n"}
,{"stream_name":"stdout","time":1064.462426666,"data":"epoch=35/50 val_recall=0.5273\n"}
,{"stream_name":"stdout","time":1064.681197129,"data":"epoch=35/50 val_recall=0.5273\n"}
,{"stream_name":"stdout","time":1075.227746522,"data":"epoch=36/50 val_recall=0.5273\n"}
,{"stream_name":"stdout","time":1075.43075673,"data":"epoch=36/50 val_recall=0.5273\n"}
,{"stream_name":"stdout","time":1086.00421916,"data":"epoch=37/50 val_recall=0.5368\n"}
,{"stream_name":"stdout","time":1086.20725808,"data":"epoch=37/50 val_recall=0.5368\n"}
,{"stream_name":"stdout","time":1096.800209657,"data":"epoch=38/50 val_recall=0.5273\n"}
,{"stream_name":"stdout","time":1097.011938359,"data":"epoch=38/50 val_recall=0.5273\n"}
,{"stream_name":"stdout","time":1107.574603518,"data":"epoch=39/50 val_recall=0.5059\n"}
,{"stream_name":"stdout","time":1107.7777726,"data":"epoch=39/50 val_recall=0.5059\n"}
,{"stream_name":"stdout","time":1118.351893642,"data":"epoch=40/50 val_recall=0.4964\n"}
,{"stream_name":"stdout","time":1118.554583654,"data":"epoch=40/50 val_recall=0.4964\n"}
,{"stream_name":"stdout","time":1129.126840266,"data":"epoch=41/50 val_recall=0.5083\n"}
,{"stream_name":"stdout","time":1129.338460165,"data":"epoch=41/50 val_recall=0.5083\n"}
,{"stream_name":"stdout","time":1139.933648498,"data":"epoch=42/50 val_recall=0.4893\n"}
,{"stream_name":"stdout","time":1140.136641604,"data":"epoch=42/50 val_recall=0.4893\n"}
,{"stream_name":"stdout","time":1150.678675496,"data":"epoch=43/50 val_recall=0.5392\n"}
,{"stream_name":"stdout","time":1150.881835217,"data":"epoch=43/50 val_recall=0.5392\n"}
,{"stream_name":"stdout","time":1152.86957753,"data":"epoch=1/50 val_recall=0.0000\n"}
,{"stream_name":"stdout","time":1153.072573333,"data":"epoch=1/50 val_recall=0.0000\n"}
,{"stream_name":"stdout","time":1153.230928659,"data":"epoch=2/50 val_recall=0.6667\n"}
,{"stream_name":"stdout","time":1153.433732227,"data":"epoch=2/50 val_recall=0.6667\n"}
,{"stream_name":"stdout","time":1153.595366267,"data":"epoch=3/50 val_recall=1.0000\n"}
,{"stream_name":"stdout","time":1153.798069827,"data":"epoch=3/50 val_recall=1.0000\n"}
,{"stream_name":"stdout","time":1153.954219527,"data":"epoch=4/50 val_recall=1.0000\n"}
,{"stream_name":"stdout","time":1154.156959586,"data":"epoch=4/50 val_recall=1.0000\n"}
,{"stream_name":"stdout","time":1154.314509244,"data":"epoch=5/50 val_recall=1.0000\n"}
,{"stream_name":"stdout","time":1154.517059027,"data":"epoch=5/50 val_recall=1.0000\n"}
,{"stream_name":"stdout","time":1154.680174319,"data":"epoch=6/50 val_recall=1.0000\n"}
,{"stream_name":"stdout","time":1154.882835774,"data":"epoch=6/50 val_recall=1.0000\n"}
,{"stream_name":"stdout","time":1155.044349729,"data":"epoch=7/50 val_recall=1.0000\n"}
,{"stream_name":"stdout","time":1155.246924048,"data":"epoch=7/50 val_recall=1.0000\n"}
,{"stream_name":"stdout","time":1155.407015979,"data":"epoch=8/50 val_recall=1.0000\n"}
,{"stream_name":"stdout","time":1155.609650605,"data":"epoch=8/50 val_recall=1.0000\n"}
,{"stream_name":"stdout","time":1155.77729804,"data":"epoch=9/50 val_recall=1.0000\n"}
,{"stream_name":"stdout","time":1155.980114397,"data":"epoch=9/50 val_recall=1.0000\n"}
,{"stream_name":"stdout","time":1156.141770338,"data":"epoch=10/50 val_recall=1.0000\n"}
,{"stream_name":"stdout","time":1156.344627699,"data":"epoch=10/50 val_recall=1.0000\n"}
,{"stream_name":"stdout","time":1156.50369146,"data":"epoch=11/50 val_recall=1.0000\n"}
,{"stream_name":"stdout","time":1156.706301912,"data":"epoch=11/50 val_recall=1.0000\n"}
,{"stream_name":"stdout","time":1156.866437296,"data":"epoch=12/50 val_recall=1.0000\n"}
,{"stream_name":"stdout","time":1157.069238421,"data":"epoch=12/50 val_recall=1.0000\n"}
,{"stream_name":"stdout","time":1157.233747474,"data":"epoch=13/50 val_recall=1.0000\n"}
,{"stream_name":"stdout","time":1157.436389575,"data":"epoch=13/50 val_recall=1.0000\n"}
,{"stream_name":"stdout","time":1157.681460844,"data":"epoch=1/50 val_recall=1.0000\n"}
,{"stream_name":"stdout","time":1157.884247157,"data":"epoch=1/50 val_recall=1.0000\n"}
,{"stream_name":"stdout","time":1158.047872,"data":"epoch=2/50 val_recall=1.0000\n"}
,{"stream_name":"stdout","time":1158.25064587,"data":"epoch=2/50 val_recall=1.0000\n"}
,{"stream_name":"stdout","time":1158.422090792,"data":"epoch=3/50 val_recall=1.0000\n"}
,{"stream_name":"stdout","time":1158.624830288,"data":"epoch=3/50 val_recall=1.0000\n"}
,{"stream_name":"stdout","time":1158.789603,"data":"epoch=4/50 val_recall=1.0000\n"}
,{"stream_name":"stdout","time":1158.992167317,"data":"epoch=4/50 val_recall=1.0000\n"}
,{"stream_name":"stdout","time":1159.155799317,"data":"epoch=5/50 val_recall=1.0000\n"}
,{"stream_name":"stdout","time":1159.370832283,"data":"epoch=5/50 val_recall=1.0000\n"}
,{"stream_name":"stdout","time":1159.529713562,"data":"epoch=6/50 val_recall=1.0000\n"}
,{"stream_name":"stdout","time":1159.732393361,"data":"epoch=6/50 val_recall=1.0000\n"}
,{"stream_name":"stdout","time":1159.898802451,"data":"epoch=7/50 val_recall=1.0000\n"}
,{"stream_name":"stdout","time":1160.101590647,"data":"epoch=7/50 val_recall=1.0000\n"}
,{"stream_name":"stdout","time":1160.263228218,"data":"epoch=8/50 val_recall=1.0000\n"}
,{"stream_name":"stdout","time":1160.465855859,"data":"epoch=8/50 val_recall=1.0000\n"}
,{"stream_name":"stdout","time":1160.630371116,"data":"epoch=9/50 val_recall=1.0000\n"}
,{"stream_name":"stdout","time":1160.833197867,"data":"epoch=9/50 val_recall=1.0000\n"}
,{"stream_name":"stdout","time":1161.001579423,"data":"epoch=10/50 val_recall=1.0000\n"}
,{"stream_name":"stdout","time":1161.204681729,"data":"epoch=10/50 val_recall=1.0000\n"}
,{"stream_name":"stdout","time":1161.395457264,"data":"epoch=11/50 val_recall=1.0000\n"}
,{"stream_name":"stdout","time":1161.598076243,"data":"epoch=11/50 val_recall=1.0000\n"}
,{"stream_name":"stdout","time":1161.855210051,"data":"epoch=1/50 val_recall=1.0000\n"}
,{"stream_name":"stdout","time":1162.057995234,"data":"epoch=1/50 val_recall=1.0000\n"}
,{"stream_name":"stdout","time":1162.223134822,"data":"epoch=2/50 val_recall=1.0000\n"}
,{"stream_name":"stdout","time":1162.425894835,"data":"epoch=2/50 val_recall=1.0000\n"}
,{"stream_name":"stdout","time":1162.583919667,"data":"epoch=3/50 val_recall=1.0000\n"}
,{"stream_name":"stdout","time":1162.786596525,"data":"epoch=3/50 val_recall=1.0000\n"}
,{"stream_name":"stdout","time":1162.948327832,"data":"epoch=4/50 val_recall=1.0000\n"}
,{"stream_name":"stdout","time":1163.150924852,"data":"epoch=4/50 val_recall=1.0000\n"}
,{"stream_name":"stdout","time":1163.31981796,"data":"epoch=5/50 val_recall=1.0000\n"}
,{"stream_name":"stdout","time":1163.522726113,"data":"epoch=5/50 val_recall=1.0000\n"}
,{"stream_name":"stdout","time":1163.687515705,"data":"epoch=6/50 val_recall=1.0000\n"}
,{"stream_name":"stdout","time":1163.890378577,"data":"epoch=6/50 val_recall=1.0000\n"}
,{"stream_name":"stdout","time":1164.047748889,"data":"epoch=7/50 val_recall=1.0000\n"}
,{"stream_name":"stdout","time":1164.250471112,"data":"epoch=7/50 val_recall=1.0000\n"}
,{"stream_name":"stdout","time":1164.405735898,"data":"epoch=8/50 val_recall=1.0000\n"}
,{"stream_name":"stdout","time":1164.608609594,"data":"epoch=8/50 val_recall=1.0000\n"}
,{"stream_name":"stdout","time":1164.769830216,"data":"epoch=9/50 val_recall=1.0000\n"}
,{"stream_name":"stdout","time":1164.972475069,"data":"epoch=9/50 val_recall=1.0000\n"}
,{"stream_name":"stdout","time":1165.132044019,"data":"epoch=10/50 val_recall=1.0000\n"}
,{"stream_name":"stdout","time":1165.334891034,"data":"epoch=10/50 val_recall=1.0000\n"}
,{"stream_name":"stdout","time":1165.503438681,"data":"epoch=11/50 val_recall=1.0000\n"}
,{"stream_name":"stdout","time":1165.706135195,"data":"epoch=11/50 val_recall=1.0000\n"}
,{"stream_name":"stdout","time":1166.81279115,"data":"COMMAND /usr/bin/python3 /kaggle/input/datasets/ryhvic/hqcdnn-fixedsplit101-assets/run_experiments.py --repo-root /kaggle/working --cache /kaggle/input/datasets/ryhvic/hqcdnn-fixedsplit101-assets/cache --output /kaggle/working/results --protocol in_domain --dataset all --qubits 4\n"}
,{"stream_name":"stdout","time":1176.588239564,"data":"epoch=1/50 val_recall=0.0000\n"}
,{"stream_name":"stdout","time":1176.791121271,"data":"epoch=1/50 val_recall=0.0000\n"}
,{"stream_name":"stdout","time":1179.320642098,"data":"epoch=2/50 val_recall=0.0000\n"}
,{"stream_name":"stdout","time":1179.524024368,"data":"epoch=2/50 val_recall=0.0000\n"}
,{"stream_name":"stdout","time":1182.070987986,"data":"epoch=3/50 val_recall=0.0000\n"}
,{"stream_name":"stdout","time":1182.274100109,"data":"epoch=3/50 val_recall=0.0000\n"}
,{"stream_name":"stdout","time":1184.803583446,"data":"epoch=4/50 val_recall=0.0294\n"}
,{"stream_name":"stdout","time":1185.006622901,"data":"epoch=4/50 val_recall=0.0294\n"}
,{"stream_name":"stdout","time":1187.534862506,"data":"epoch=5/50 val_recall=0.0000\n"}
,{"stream_name":"stdout","time":1187.737739088,"data":"epoch=5/50 val_recall=0.0000\n"}
,{"stream_name":"stdout","time":1190.269596394,"data":"epoch=6/50 val_recall=0.0294\n"}
,{"stream_name":"stdout","time":1190.485214354,"data":"epoch=6/50 val_recall=0.0294\n"}
,{"stream_name":"stdout","time":1193.021522372,"data":"epoch=7/50 val_recall=0.1324\n"}
,{"stream_name":"stdout","time":1193.224427469,"data":"epoch=7/50 val_recall=0.1324\n"}
,{"stream_name":"stdout","time":1195.749894103,"data":"epoch=8/50 val_recall=0.1618\n"}
,{"stream_name":"stdout","time":1195.953046345,"data":"epoch=8/50 val_recall=0.1618\n"}
,{"stream_name":"stdout","time":1198.483057855,"data":"epoch=9/50 val_recall=0.1765\n"}
,{"stream_name":"stdout","time":1198.686115902,"data":"epoch=9/50 val_recall=0.1765\n"}
,{"stream_name":"stdout","time":1201.231825105,"data":"epoch=10/50 val_recall=0.2500\n"}
,{"stream_name":"stdout","time":1201.435400399,"data":"epoch=10/50 val_recall=0.2500\n"}
,{"stream_name":"stdout","time":1203.965217334,"data":"epoch=11/50 val_recall=0.3382\n"}
,{"stream_name":"stdout","time":1204.168151359,"data":"epoch=11/50 val_recall=0.3382\n"}
,{"stream_name":"stdout","time":1206.695430381,"data":"epoch=12/50 val_recall=0.1765\n"}
,{"stream_name":"stdout","time":1206.898390213,"data":"epoch=12/50 val_recall=0.1765\n"}
,{"stream_name":"stdout","time":1209.421547357,"data":"epoch=13/50 val_recall=0.4118\n"}
,{"stream_name":"stdout","time":1209.62455844,"data":"epoch=13/50 val_recall=0.4118\n"}
,{"stream_name":"stdout","time":1212.187205635,"data":"epoch=14/50 val_recall=0.3824\n"}
,{"stream_name":"stdout","time":1212.390300176,"data":"epoch=14/50 val_recall=0.3824\n"}
,{"stream_name":"stdout","time":1214.908229576,"data":"epoch=15/50 val_recall=0.3235\n"}
,{"stream_name":"stdout","time":1215.111287333,"data":"epoch=15/50 val_recall=0.3235\n"}
,{"stream_name":"stdout","time":1217.638080688,"data":"epoch=16/50 val_recall=0.5147\n"}
,{"stream_name":"stdout","time":1217.841125198,"data":"epoch=16/50 val_recall=0.5147\n"}
,{"stream_name":"stdout","time":1220.400095871,"data":"epoch=17/50 val_recall=0.4412\n"}
,{"stream_name":"stdout","time":1220.62093242,"data":"epoch=17/50 val_recall=0.4412\n"}
,{"stream_name":"stdout","time":1223.1814665,"data":"epoch=18/50 val_recall=0.4265\n"}
,{"stream_name":"stdout","time":1223.384434112,"data":"epoch=18/50 val_recall=0.4265\n"}
,{"stream_name":"stdout","time":1225.903221564,"data":"epoch=19/50 val_recall=0.5294\n"}
,{"stream_name":"stdout","time":1226.106049224,"data":"epoch=19/50 val_recall=0.5294\n"}
,{"stream_name":"stdout","time":1228.656296435,"data":"epoch=20/50 val_recall=0.3971\n"}
,{"stream_name":"stdout","time":1228.859201102,"data":"epoch=20/50 val_recall=0.3971\n"}
,{"stream_name":"stdout","time":1231.415638964,"data":"epoch=21/50 val_recall=0.5147\n"}
,{"stream_name":"stdout","time":1231.618617363,"data":"epoch=21/50 val_recall=0.5147\n"}
,{"stream_name":"stdout","time":1234.14705893,"data":"epoch=22/50 val_recall=0.4412\n"}
,{"stream_name":"stdout","time":1234.34987655,"data":"epoch=22/50 val_recall=0.4412\n"}
,{"stream_name":"stdout","time":1236.875465501,"data":"epoch=23/50 val_recall=0.4706\n"}
,{"stream_name":"stdout","time":1237.078202571,"data":"epoch=23/50 val_recall=0.4706\n"}
,{"stream_name":"stdout","time":1239.618281248,"data":"epoch=24/50 val_recall=0.4265\n"}
,{"stream_name":"stdout","time":1239.82095428,"data":"epoch=24/50 val_recall=0.4265\n"}
,{"stream_name":"stdout","time":1242.372540923,"data":"epoch=25/50 val_recall=0.5147\n"}
,{"stream_name":"stdout","time":1242.574872601,"data":"epoch=25/50 val_recall=0.5147\n"}
,{"stream_name":"stdout","time":1245.101200032,"data":"epoch=26/50 val_recall=0.4265\n"}
,{"stream_name":"stdout","time":1245.303892523,"data":"epoch=26/50 val_recall=0.4265\n"}
,{"stream_name":"stdout","time":1247.843842478,"data":"epoch=27/50 val_recall=0.5294\n"}
,{"stream_name":"stdout","time":1248.046865979,"data":"epoch=27/50 val_recall=0.5294\n"}
,{"stream_name":"stdout","time":1250.587880861,"data":"epoch=28/50 val_recall=0.5588\n"}
,{"stream_name":"stdout","time":1250.802850695,"data":"epoch=28/50 val_recall=0.5588\n"}
,{"stream_name":"stdout","time":1253.342510818,"data":"epoch=29/50 val_recall=0.5147\n"}
,{"stream_name":"stdout","time":1253.545368241,"data":"epoch=29/50 val_recall=0.5147\n"}
,{"stream_name":"stdout","time":1256.071348579,"data":"epoch=30/50 val_recall=0.5000\n"}
,{"stream_name":"stdout","time":1256.27399942,"data":"epoch=30/50 val_recall=0.5000\n"}
,{"stream_name":"stdout","time":1258.786766281,"data":"epoch=31/50 val_recall=0.5441\n"}
,{"stream_name":"stdout","time":1258.989465115,"data":"epoch=31/50 val_recall=0.5441\n"}
,{"stream_name":"stdout","time":1261.54773289,"data":"epoch=32/50 val_recall=0.5588\n"}
,{"stream_name":"stdout","time":1261.750559567,"data":"epoch=32/50 val_recall=0.5588\n"}
,{"stream_name":"stdout","time":1264.285795738,"data":"epoch=33/50 val_recall=0.6765\n"}
,{"stream_name":"stdout","time":1264.488414701,"data":"epoch=33/50 val_recall=0.6765\n"}
,{"stream_name":"stdout","time":1267.025233974,"data":"epoch=34/50 val_recall=0.6176\n"}
,{"stream_name":"stdout","time":1267.228024253,"data":"epoch=34/50 val_recall=0.6176\n"}
,{"stream_name":"stdout","time":1269.750779819,"data":"epoch=35/50 val_recall=0.5882\n"}
,{"stream_name":"stdout","time":1269.953598045,"data":"epoch=35/50 val_recall=0.5882\n"}
,{"stream_name":"stdout","time":1272.517666963,"data":"epoch=36/50 val_recall=0.5294\n"}
,{"stream_name":"stdout","time":1272.720414578,"data":"epoch=36/50 val_recall=0.5294\n"}
,{"stream_name":"stdout","time":1275.262019648,"data":"epoch=37/50 val_recall=0.5294\n"}
,{"stream_name":"stdout","time":1275.464803551,"data":"epoch=37/50 val_recall=0.5294\n"}
,{"stream_name":"stdout","time":1278.002399744,"data":"epoch=38/50 val_recall=0.6324\n"}
,{"stream_name":"stdout","time":1278.205200524,"data":"epoch=38/50 val_recall=0.6324\n"}
,{"stream_name":"stdout","time":1280.765521784,"data":"epoch=39/50 val_recall=0.5588\n"}
,{"stream_name":"stdout","time":1280.981270202,"data":"epoch=39/50 val_recall=0.5588\n"}
,{"stream_name":"stdout","time":1283.512801936,"data":"epoch=40/50 val_recall=0.6324\n"}
,{"stream_name":"stdout","time":1283.716007409,"data":"epoch=40/50 val_recall=0.6324\n"}
,{"stream_name":"stdout","time":1286.22957978,"data":"epoch=41/50 val_recall=0.7206\n"}
,{"stream_name":"stdout","time":1286.432698407,"data":"epoch=41/50 val_recall=0.7206\n"}
,{"stream_name":"stdout","time":1288.953270822,"data":"epoch=42/50 val_recall=0.6471\n"}
,{"stream_name":"stdout","time":1289.1562962,"data":"epoch=42/50 val_recall=0.6471\n"}
,{"stream_name":"stdout","time":1291.725028818,"data":"epoch=43/50 val_recall=0.6324\n"}
,{"stream_name":"stdout","time":1291.928100463,"data":"epoch=43/50 val_recall=0.6324\n"}
,{"stream_name":"stdout","time":1294.500063322,"data":"epoch=44/50 val_recall=0.5882\n"}
,{"stream_name":"stdout","time":1294.702816041,"data":"epoch=44/50 val_recall=0.5882\n"}
,{"stream_name":"stdout","time":1297.253999885,"data":"epoch=45/50 val_recall=0.5882\n"}
,{"stream_name":"stdout","time":1297.457038064,"data":"epoch=45/50 val_recall=0.5882\n"}
,{"stream_name":"stdout","time":1299.999188626,"data":"epoch=46/50 val_recall=0.6324\n"}
,{"stream_name":"stdout","time":1300.202120936,"data":"epoch=46/50 val_recall=0.6324\n"}
,{"stream_name":"stdout","time":1302.762174209,"data":"epoch=47/50 val_recall=0.6912\n"}
,{"stream_name":"stdout","time":1302.965440275,"data":"epoch=47/50 val_recall=0.6912\n"}
,{"stream_name":"stdout","time":1305.494892738,"data":"epoch=48/50 val_recall=0.6176\n"}
,{"stream_name":"stdout","time":1305.697703943,"data":"epoch=48/50 val_recall=0.6176\n"}
,{"stream_name":"stdout","time":1308.23277014,"data":"epoch=49/50 val_recall=0.5588\n"}
,{"stream_name":"stdout","time":1308.435459863,"data":"epoch=49/50 val_recall=0.5588\n"}
,{"stream_name":"stdout","time":1311.001911437,"data":"epoch=50/50 val_recall=0.5294\n"}
,{"stream_name":"stdout","time":1311.227764674,"data":"epoch=50/50 val_recall=0.5294\n"}
,{"stream_name":"stdout","time":1314.301101146,"data":"epoch=1/50 val_recall=0.0000\n"}
,{"stream_name":"stdout","time":1314.504152511,"data":"epoch=1/50 val_recall=0.0000\n"}
,{"stream_name":"stdout","time":1317.024308621,"data":"epoch=2/50 val_recall=0.0000\n"}
,{"stream_name":"stdout","time":1317.227018507,"data":"epoch=2/50 val_recall=0.0000\n"}
,{"stream_name":"stdout","time":1319.754243314,"data":"epoch=3/50 val_recall=0.0000\n"}
,{"stream_name":"stdout","time":1319.956938036,"data":"epoch=3/50 val_recall=0.0000\n"}
,{"stream_name":"stdout","time":1322.512798532,"data":"epoch=4/50 val_recall=0.0147\n"}
,{"stream_name":"stdout","time":1322.715671994,"data":"epoch=4/50 val_recall=0.0147\n"}
,{"stream_name":"stdout","time":1325.225085876,"data":"epoch=5/50 val_recall=0.0147\n"}
,{"stream_name":"stdout","time":1325.427940861,"data":"epoch=5/50 val_recall=0.0147\n"}
,{"stream_name":"stdout","time":1327.948629746,"data":"epoch=6/50 val_recall=0.3088\n"}
,{"stream_name":"stdout","time":1328.151511745,"data":"epoch=6/50 val_recall=0.3088\n"}
,{"stream_name":"stdout","time":1330.691349315,"data":"epoch=7/50 val_recall=0.3088\n"}
,{"stream_name":"stdout","time":1330.894113741,"data":"epoch=7/50 val_recall=0.3088\n"}
,{"stream_name":"stdout","time":1333.447253458,"data":"epoch=8/50 val_recall=0.4265\n"}
,{"stream_name":"stdout","time":1333.64997949,"data":"epoch=8/50 val_recall=0.4265\n"}
,{"stream_name":"stdout","time":1336.173389665,"data":"epoch=9/50 val_recall=0.3676\n"}
,{"stream_name":"stdout","time":1336.376226844,"data":"epoch=9/50 val_recall=0.3676\n"}
,{"stream_name":"stdout","time":1338.920162877,"data":"epoch=10/50 val_recall=0.5000\n"}
,{"stream_name":"stdout","time":1339.122831737,"data":"epoch=10/50 val_recall=0.5000\n"}
,{"stream_name":"stdout","time":1341.691719166,"data":"epoch=11/50 val_recall=0.4265\n"}
,{"stream_name":"stdout","time":1341.908304795,"data":"epoch=11/50 val_recall=0.4265\n"}
,{"stream_name":"stdout","time":1344.40065851,"data":"epoch=12/50 val_recall=0.4118\n"}
,{"stream_name":"stdout","time":1344.60354937,"data":"epoch=12/50 val_recall=0.4118\n"}
,{"stream_name":"stdout","time":1347.143526903,"data":"epoch=13/50 val_recall=0.4706\n"}
,{"stream_name":"stdout","time":1347.346539653,"data":"epoch=13/50 val_recall=0.4706\n"}
,{"stream_name":"stdout","time":1349.87994795,"data":"epoch=14/50 val_recall=0.5588\n"}
,{"stream_name":"stdout","time":1350.083009986,"data":"epoch=14/50 val_recall=0.5588\n"}
,{"stream_name":"stdout","time":1352.662594201,"data":"epoch=15/50 val_recall=0.5294\n"}
,{"stream_name":"stdout","time":1352.865516273,"data":"epoch=15/50 val_recall=0.5294\n"}
,{"stream_name":"stdout","time":1355.422838554,"data":"epoch=16/50 val_recall=0.4853\n"}
,{"stream_name":"stdout","time":1355.625630487,"data":"epoch=16/50 val_recall=0.4853\n"}
,{"stream_name":"stdout","time":1358.173770331,"data":"epoch=17/50 val_recall=0.5588\n"}
,{"stream_name":"stdout","time":1358.376654512,"data":"epoch=17/50 val_recall=0.5588\n"}
,{"stream_name":"stdout","time":1360.930044061,"data":"epoch=18/50 val_recall=0.5147\n"}
,{"stream_name":"stdout","time":1361.132777055,"data":"epoch=18/50 val_recall=0.5147\n"}
,{"stream_name":"stdout","time":1363.723597219,"data":"epoch=19/50 val_recall=0.6324\n"}
,{"stream_name":"stdout","time":1363.926199426,"data":"epoch=19/50 val_recall=0.6324\n"}
,{"stream_name":"stdout","time":1366.454103535,"data":"epoch=20/50 val_recall=0.6324\n"}
,{"stream_name":"stdout","time":1366.656812773,"data":"epoch=20/50 val_recall=0.6324\n"}
,{"stream_name":"stdout","time":1369.219655104,"data":"epoch=21/50 val_recall=0.4706\n"}
,{"stream_name":"stdout","time":1369.422415335,"data":"epoch=21/50 val_recall=0.4706\n"}
,{"stream_name":"stdout","time":1372.056590723,"data":"epoch=22/50 val_recall=0.5882\n"}
,{"stream_name":"stdout","time":1372.274347268,"data":"epoch=22/50 val_recall=0.5882\n"}
,{"stream_name":"stdout","time":1374.82599089,"data":"epoch=23/50 val_recall=0.5147\n"}
,{"stream_name":"stdout","time":1375.029152729,"data":"epoch=23/50 val_recall=0.5147\n"}
,{"stream_name":"stdout","time":1377.604226802,"data":"epoch=24/50 val_recall=0.5000\n"}
,{"stream_name":"stdout","time":1377.807399864,"data":"epoch=24/50 val_recall=0.5000\n"}
,{"stream_name":"stdout","time":1380.411896107,"data":"epoch=25/50 val_recall=0.5294\n"}
,{"stream_name":"stdout","time":1380.615427328,"data":"epoch=25/50 val_recall=0.5294\n"}
,{"stream_name":"stdout","time":1383.325177232,"data":"epoch=26/50 val_recall=0.5735\n"}
,{"stream_name":"stdout","time":1383.528363642,"data":"epoch=26/50 val_recall=0.5735\n"}
,{"stream_name":"stdout","time":1386.236169524,"data":"epoch=27/50 val_recall=0.5735\n"}
,{"stream_name":"stdout","time":1386.439509341,"data":"epoch=27/50 val_recall=0.5735\n"}
,{"stream_name":"stdout","time":1389.117250354,"data":"epoch=28/50 val_recall=0.5441\n"}
,{"stream_name":"stdout","time":1389.320339708,"data":"epoch=28/50 val_recall=0.5441\n"}
,{"stream_name":"stdout","time":1392.011121916,"data":"epoch=29/50 val_recall=0.5147\n"}
,{"stream_name":"stdout","time":1392.214508303,"data":"epoch=29/50 val_recall=0.5147\n"}
,{"stream_name":"stdout","time":1395.612407723,"data":"epoch=1/50 val_recall=0.0000\n"}
,{"stream_name":"stdout","time":1395.815576577,"data":"epoch=1/50 val_recall=0.0000\n"}
,{"stream_name":"stdout","time":1398.651179106,"data":"epoch=2/50 val_recall=0.0000\n"}
,{"stream_name":"stdout","time":1398.854854993,"data":"epoch=2/50 val_recall=0.0000\n"}
,{"stream_name":"stdout","time":1401.734948356,"data":"epoch=3/50 val_recall=0.0000\n"}
,{"stream_name":"stdout","time":1401.937993793,"data":"epoch=3/50 val_recall=0.0000\n"}
,{"stream_name":"stdout","time":1404.639632432,"data":"epoch=4/50 val_recall=0.0000\n"}
,{"stream_name":"stdout","time":1404.86298274,"data":"epoch=4/50 val_recall=0.0000\n"}
,{"stream_name":"stdout","time":1407.598111192,"data":"epoch=5/50 val_recall=0.0000\n"}
,{"stream_name":"stdout","time":1407.801236376,"data":"epoch=5/50 val_recall=0.0000\n"}
,{"stream_name":"stdout","time":1410.56040089,"data":"epoch=6/50 val_recall=0.0147\n"}
,{"stream_name":"stdout","time":1410.763694929,"data":"epoch=6/50 val_recall=0.0147\n"}
,{"stream_name":"stdout","time":1413.925004527,"data":"epoch=7/50 val_recall=0.0147\n"}
,{"stream_name":"stdout","time":1414.128288476,"data":"epoch=7/50 val_recall=0.0147\n"}
,{"stream_name":"stdout","time":1417.344555911,"data":"epoch=8/50 val_recall=0.2500\n"}
,{"stream_name":"stdout","time":1417.547668144,"data":"epoch=8/50 val_recall=0.2500\n"}
,{"stream_name":"stdout","time":1420.454701518,"data":"epoch=9/50 val_recall=0.4265\n"}
,{"stream_name":"stdout","time":1420.657922136,"data":"epoch=9/50 val_recall=0.4265\n"}
,{"stream_name":"stdout","time":1423.45718772,"data":"epoch=10/50 val_recall=0.2794\n"}
,{"stream_name":"stdout","time":1423.660364773,"data":"epoch=10/50 val_recall=0.2794\n"}
,{"stream_name":"stdout","time":1426.932632805,"data":"epoch=11/50 val_recall=0.2647\n"}
,{"stream_name":"stdout","time":1427.135646419,"data":"epoch=11/50 val_recall=0.2647\n"}
,{"stream_name":"stdout","time":1430.161075824,"data":"epoch=12/50 val_recall=0.3088\n"}
,{"stream_name":"stdout","time":1430.364151918,"data":"epoch=12/50 val_recall=0.3088\n"}
,{"stream_name":"stdout","time":1433.22778956,"data":"epoch=13/50 val_recall=0.5441\n"}
,{"stream_name":"stdout","time":1433.430617858,"data":"epoch=13/50 val_recall=0.5441\n"}
,{"stream_name":"stdout","time":1436.153806523,"data":"epoch=14/50 val_recall=0.6618\n"}
,{"stream_name":"stdout","time":1436.375177133,"data":"epoch=14/50 val_recall=0.6618\n"}
,{"stream_name":"stdout","time":1439.081108641,"data":"epoch=15/50 val_recall=0.3529\n"}
,{"stream_name":"stdout","time":1439.284085887,"data":"epoch=15/50 val_recall=0.3529\n"}
,{"stream_name":"stdout","time":1442.011544507,"data":"epoch=16/50 val_recall=0.4706\n"}
,{"stream_name":"stdout","time":1442.214468107,"data":"epoch=16/50 val_recall=0.4706\n"}
,{"stream_name":"stdout","time":1444.908847404,"data":"epoch=17/50 val_recall=0.3971\n"}
,{"stream_name":"stdout","time":1445.111752887,"data":"epoch=17/50 val_recall=0.3971\n"}
,{"stream_name":"stdout","time":1447.717282898,"data":"epoch=18/50 val_recall=0.5735\n"}
,{"stream_name":"stdout","time":1447.920183749,"data":"epoch=18/50 val_recall=0.5735\n"}
,{"stream_name":"stdout","time":1450.641206669,"data":"epoch=19/50 val_recall=0.5294\n"}
,{"stream_name":"stdout","time":1450.844039981,"data":"epoch=19/50 val_recall=0.5294\n"}
,{"stream_name":"stdout","time":1453.477372304,"data":"epoch=20/50 val_recall=0.6176\n"}
,{"stream_name":"stdout","time":1453.68020884,"data":"epoch=20/50 val_recall=0.6176\n"}
,{"stream_name":"stdout","time":1456.305826685,"data":"epoch=21/50 val_recall=0.6324\n"}
,{"stream_name":"stdout","time":1456.508600474,"data":"epoch=21/50 val_recall=0.6324\n"}
,{"stream_name":"stdout","time":1459.165760847,"data":"epoch=22/50 val_recall=0.5588\n"}
,{"stream_name":"stdout","time":1459.36855626,"data":"epoch=22/50 val_recall=0.5588\n"}
,{"stream_name":"stdout","time":1462.133414159,"data":"epoch=23/50 val_recall=0.5735\n"}
,{"stream_name":"stdout","time":1462.336480592,"data":"epoch=23/50 val_recall=0.5735\n"}
,{"stream_name":"stdout","time":1464.940830024,"data":"epoch=24/50 val_recall=0.6471\n"}
,{"stream_name":"stdout","time":1465.143960627,"data":"epoch=24/50 val_recall=0.6471\n"}
,{"stream_name":"stdout","time":1478.687604857,"data":"epoch=1/50 val_recall=0.0000\n"}
,{"stream_name":"stdout","time":1478.906696525,"data":"epoch=1/50 val_recall=0.0000\n"}
,{"stream_name":"stdout","time":1491.339372751,"data":"epoch=2/50 val_recall=0.2850\n"}
,{"stream_name":"stdout","time":1491.542433026,"data":"epoch=2/50 val_recall=0.2850\n"}
,{"stream_name":"stdout","time":1503.899905105,"data":"epoch=3/50 val_recall=0.3064\n"}
,{"stream_name":"stdout","time":1504.103058125,"data":"epoch=3/50 val_recall=0.3064\n"}
,{"stream_name":"stdout","time":1516.655923022,"data":"epoch=4/50 val_recall=0.3729\n"}
,{"stream_name":"stdout","time":1516.882968041,"data":"epoch=4/50 val_recall=0.3729\n"}
,{"stream_name":"stdout","time":1529.503249848,"data":"epoch=5/50 val_recall=0.3587\n"}
,{"stream_name":"stdout","time":1529.706381688,"data":"epoch=5/50 val_recall=0.3587\n"}
,{"stream_name":"stdout","time":1541.938726704,"data":"epoch=6/50 val_recall=0.4038\n"}
,{"stream_name":"stdout","time":1542.142269238,"data":"epoch=6/50 val_recall=0.4038\n"}
,{"stream_name":"stdout","time":1554.427164454,"data":"epoch=7/50 val_recall=0.4014\n"}
,{"stream_name":"stdout","time":1554.652281763,"data":"epoch=7/50 val_recall=0.4014\n"}
,{"stream_name":"stdout","time":1566.594107551,"data":"epoch=8/50 val_recall=0.4252\n"}
,{"stream_name":"stdout","time":1566.796932861,"data":"epoch=8/50 val_recall=0.4252\n"}
,{"stream_name":"stdout","time":1578.754109069,"data":"epoch=9/50 val_recall=0.4347\n"}
,{"stream_name":"stdout","time":1578.957010316,"data":"epoch=9/50 val_recall=0.4347\n"}
,{"stream_name":"stdout","time":1590.859995948,"data":"epoch=10/50 val_recall=0.4489\n"}
,{"stream_name":"stdout","time":1591.081188004,"data":"epoch=10/50 val_recall=0.4489\n"}
,{"stream_name":"stdout","time":1603.027845098,"data":"epoch=11/50 val_recall=0.4656\n"}
,{"stream_name":"stdout","time":1603.231054681,"data":"epoch=11/50 val_recall=0.4656\n"}
,{"stream_name":"stdout","time":1615.306169866,"data":"epoch=12/50 val_recall=0.4584\n"}
,{"stream_name":"stdout","time":1615.50901444,"data":"epoch=12/50 val_recall=0.4584\n"}
,{"stream_name":"stdout","time":1627.446746081,"data":"epoch=13/50 val_recall=0.5344\n"}
,{"stream_name":"stdout","time":1627.667878351,"data":"epoch=13/50 val_recall=0.5344\n"}
,{"stream_name":"stdout","time":1640.03904927,"data":"epoch=14/50 val_recall=0.5154\n"}
,{"stream_name":"stdout","time":1640.242096018,"data":"epoch=14/50 val_recall=0.5154\n"}
,{"stream_name":"stdout","time":1652.603922416,"data":"epoch=15/50 val_recall=0.4846\n"}
,{"stream_name":"stdout","time":1652.807103826,"data":"epoch=15/50 val_recall=0.4846\n"}
,{"stream_name":"stdout","time":1665.025824536,"data":"epoch=16/50 val_recall=0.4869\n"}
,{"stream_name":"stdout","time":1665.251080579,"data":"epoch=16/50 val_recall=0.4869\n"}
,{"stream_name":"stdout","time":1677.337415738,"data":"epoch=17/50 val_recall=0.4893\n"}
,{"stream_name":"stdout","time":1677.539848144,"data":"epoch=17/50 val_recall=0.4893\n"}
,{"stream_name":"stdout","time":1689.509963664,"data":"epoch=18/50 val_recall=0.5036\n"}
,{"stream_name":"stdout","time":1689.712462779,"data":"epoch=18/50 val_recall=0.5036\n"}
,{"stream_name":"stdout","time":1701.650692882,"data":"epoch=19/50 val_recall=0.5012\n"}
,{"stream_name":"stdout","time":1701.870232073,"data":"epoch=19/50 val_recall=0.5012\n"}
,{"stream_name":"stdout","time":1713.900208029,"data":"epoch=20/50 val_recall=0.4941\n"}
,{"stream_name":"stdout","time":1714.103054236,"data":"epoch=20/50 val_recall=0.4941\n"}
,{"stream_name":"stdout","time":1726.337343072,"data":"epoch=21/50 val_recall=0.5083\n"}
,{"stream_name":"stdout","time":1726.540124986,"data":"epoch=21/50 val_recall=0.5083\n"}
,{"stream_name":"stdout","time":1738.868602323,"data":"epoch=22/50 val_recall=0.4964\n"}
,{"stream_name":"stdout","time":1739.088298819,"data":"epoch=22/50 val_recall=0.4964\n"}
,{"stream_name":"stdout","time":1751.113666417,"data":"epoch=23/50 val_recall=0.5107\n"}
,{"stream_name":"stdout","time":1751.316080562,"data":"epoch=23/50 val_recall=0.5107\n"}
,{"stream_name":"stdout","time":1765.857553836,"data":"epoch=1/50 val_recall=0.2779\n"}
,{"stream_name":"stdout","time":1766.06017159,"data":"epoch=1/50 val_recall=0.2779\n"}
,{"stream_name":"stdout","time":1778.027598529,"data":"epoch=2/50 val_recall=0.3492\n"}
,{"stream_name":"stdout","time":1778.247264905,"data":"epoch=2/50 val_recall=0.3492\n"}
,{"stream_name":"stdout","time":1790.257205794,"data":"epoch=3/50 val_recall=0.4394\n"}
,{"stream_name":"stdout","time":1790.459817434,"data":"epoch=3/50 val_recall=0.4394\n"}
,{"stream_name":"stdout","time":1802.387406551,"data":"epoch=4/50 val_recall=0.3777\n"}
,{"stream_name":"stdout","time":1802.590311853,"data":"epoch=4/50 val_recall=0.3777\n"}
,{"stream_name":"stdout","time":1814.48625313,"data":"epoch=5/50 val_recall=0.3302\n"}
,{"stream_name":"stdout","time":1814.705910289,"data":"epoch=5/50 val_recall=0.3302\n"}
,{"stream_name":"stdout","time":1826.681088422,"data":"epoch=6/50 val_recall=0.4181\n"}
,{"stream_name":"stdout","time":1826.883727202,"data":"epoch=6/50 val_recall=0.4181\n"}
,{"stream_name":"stdout","time":1838.679428546,"data":"epoch=7/50 val_recall=0.4276\n"}
,{"stream_name":"stdout","time":1838.88225505,"data":"epoch=7/50 val_recall=0.4276\n"}
,{"stream_name":"stdout","time":1850.885290467,"data":"epoch=8/50 val_recall=0.4371\n"}
,{"stream_name":"stdout","time":1851.107441462,"data":"epoch=8/50 val_recall=0.4371\n"}
,{"stream_name":"stdout","time":1863.105975131,"data":"epoch=9/50 val_recall=0.4442\n"}
,{"stream_name":"stdout","time":1863.309029689,"data":"epoch=9/50 val_recall=0.4442\n"}
,{"stream_name":"stdout","time":1875.187967155,"data":"epoch=10/50 val_recall=0.4774\n"}
,{"stream_name":"stdout","time":1875.391278349,"data":"epoch=10/50 val_recall=0.4774\n"}
,{"stream_name":"stdout","time":1887.371693119,"data":"epoch=11/50 val_recall=0.4941\n"}
,{"stream_name":"stdout","time":1887.591919881,"data":"epoch=11/50 val_recall=0.4941\n"}
,{"stream_name":"stdout","time":1899.577900875,"data":"epoch=12/50 val_recall=0.4584\n"}
,{"stream_name":"stdout","time":1899.780723251,"data":"epoch=12/50 val_recall=0.4584\n"}
,{"stream_name":"stdout","time":1911.987820113,"data":"epoch=13/50 val_recall=0.5202\n"}
,{"stream_name":"stdout","time":1912.190593135,"data":"epoch=13/50 val_recall=0.5202\n"}
,{"stream_name":"stdout","time":1924.121701475,"data":"epoch=14/50 val_recall=0.4727\n"}
,{"stream_name":"stdout","time":1924.347370307,"data":"epoch=14/50 val_recall=0.4727\n"}
,{"stream_name":"stdout","time":1936.111429387,"data":"epoch=15/50 val_recall=0.4988\n"}
,{"stream_name":"stdout","time":1936.314468394,"data":"epoch=15/50 val_recall=0.4988\n"}
,{"stream_name":"stdout","time":1948.10173796,"data":"epoch=16/50 val_recall=0.4656\n"}
,{"stream_name":"stdout","time":1948.304618348,"data":"epoch=16/50 val_recall=0.4656\n"}
,{"stream_name":"stdout","time":1960.074692865,"data":"epoch=17/50 val_recall=0.4774\n"}
,{"stream_name":"stdout","time":1960.310389303,"data":"epoch=17/50 val_recall=0.4774\n"}
,{"stream_name":"stdout","time":1972.081741953,"data":"epoch=18/50 val_recall=0.5131\n"}
,{"stream_name":"stdout","time":1972.286135337,"data":"epoch=18/50 val_recall=0.5131\n"}
,{"stream_name":"stdout","time":1984.027341956,"data":"epoch=19/50 val_recall=0.4228\n"}
,{"stream_name":"stdout","time":1984.229992654,"data":"epoch=19/50 val_recall=0.4228\n"}
,{"stream_name":"stdout","time":1996.100259328,"data":"epoch=20/50 val_recall=0.4751\n"}
,{"stream_name":"stdout","time":1996.327588845,"data":"epoch=20/50 val_recall=0.4751\n"}
,{"stream_name":"stdout","time":2008.251233627,"data":"epoch=21/50 val_recall=0.5154\n"}
,{"stream_name":"stdout","time":2008.453860129,"data":"epoch=21/50 val_recall=0.5154\n"}
,{"stream_name":"stdout","time":2020.365094022,"data":"epoch=22/50 val_recall=0.5178\n"}
,{"stream_name":"stdout","time":2020.567867134,"data":"epoch=22/50 val_recall=0.5178\n"}
,{"stream_name":"stdout","time":2032.500172274,"data":"epoch=23/50 val_recall=0.5083\n"}
,{"stream_name":"stdout","time":2032.721955997,"data":"epoch=23/50 val_recall=0.5083\n"}
,{"stream_name":"stdout","time":2046.873657034,"data":"epoch=1/50 val_recall=0.0000\n"}
,{"stream_name":"stdout","time":2047.076435018,"data":"epoch=1/50 val_recall=0.0000\n"}
,{"stream_name":"stdout","time":2058.932033917,"data":"epoch=2/50 val_recall=0.3824\n"}
,{"stream_name":"stdout","time":2059.135107375,"data":"epoch=2/50 val_recall=0.3824\n"}
,{"stream_name":"stdout","time":2071.012088523,"data":"epoch=3/50 val_recall=0.4394\n"}
,{"stream_name":"stdout","time":2071.252955065,"data":"epoch=3/50 val_recall=0.4394\n"}
,{"stream_name":"stdout","time":2083.041223693,"data":"epoch=4/50 val_recall=0.4466\n"}
,{"stream_name":"stdout","time":2083.244126802,"data":"epoch=4/50 val_recall=0.4466\n"}
,{"stream_name":"stdout","time":2095.031285756,"data":"epoch=5/50 val_recall=0.4679\n"}
,{"stream_name":"stdout","time":2095.234010431,"data":"epoch=5/50 val_recall=0.4679\n"}
,{"stream_name":"stdout","time":2106.991011783,"data":"epoch=6/50 val_recall=0.4727\n"}
,{"stream_name":"stdout","time":2107.212053967,"data":"epoch=6/50 val_recall=0.4727\n"}
,{"stream_name":"stdout","time":2119.07273605,"data":"epoch=7/50 val_recall=0.4703\n"}
,{"stream_name":"stdout","time":2119.275454867,"data":"epoch=7/50 val_recall=0.4703\n"}
,{"stream_name":"stdout","time":2131.06946196,"data":"epoch=8/50 val_recall=0.5273\n"}
,{"stream_name":"stdout","time":2131.272596481,"data":"epoch=8/50 val_recall=0.5273\n"}
,{"stream_name":"stdout","time":2143.096942593,"data":"epoch=9/50 val_recall=0.5059\n"}
,{"stream_name":"stdout","time":2143.318662742,"data":"epoch=9/50 val_recall=0.5059\n"}
,{"stream_name":"stdout","time":2155.248172581,"data":"epoch=10/50 val_recall=0.5202\n"}
,{"stream_name":"stdout","time":2155.450919665,"data":"epoch=10/50 val_recall=0.5202\n"}
,{"stream_name":"stdout","time":2167.235704532,"data":"epoch=11/50 val_recall=0.4822\n"}
,{"stream_name":"stdout","time":2167.438631211,"data":"epoch=11/50 val_recall=0.4822\n"}
,{"stream_name":"stdout","time":2179.234158528,"data":"epoch=12/50 val_recall=0.5178\n"}
,{"stream_name":"stdout","time":2179.463663896,"data":"epoch=12/50 val_recall=0.5178\n"}
,{"stream_name":"stdout","time":2191.162190717,"data":"epoch=13/50 val_recall=0.5344\n"}
,{"stream_name":"stdout","time":2191.36535025,"data":"epoch=13/50 val_recall=0.5344\n"}
,{"stream_name":"stdout","time":2203.212294232,"data":"epoch=14/50 val_recall=0.5463\n"}
,{"stream_name":"stdout","time":2203.415008179,"data":"epoch=14/50 val_recall=0.5463\n"}
,{"stream_name":"stdout","time":2215.338153812,"data":"epoch=15/50 val_recall=0.5368\n"}
,{"stream_name":"stdout","time":2215.573161523,"data":"epoch=15/50 val_recall=0.5368\n"}
,{"stream_name":"stdout","time":2227.426622603,"data":"epoch=16/50 val_recall=0.5439\n"}
,{"stream_name":"stdout","time":2227.630031159,"data":"epoch=16/50 val_recall=0.5439\n"}
,{"stream_name":"stdout","time":2239.488458165,"data":"epoch=17/50 val_recall=0.5582\n"}
,{"stream_name":"stdout","time":2239.691081211,"data":"epoch=17/50 val_recall=0.5582\n"}
,{"stream_name":"stdout","time":2251.585463096,"data":"epoch=18/50 val_recall=0.5368\n"}
,{"stream_name":"stdout","time":2251.8068042,"data":"epoch=18/50 val_recall=0.5368\n"}
,{"stream_name":"stdout","time":2263.607829399,"data":"epoch=19/50 val_recall=0.5606\n"}
,{"stream_name":"stdout","time":2263.810607785,"data":"epoch=19/50 val_recall=0.5606\n"}
,{"stream_name":"stdout","time":2275.652740523,"data":"epoch=20/50 val_recall=0.5701\n"}
,{"stream_name":"stdout","time":2275.856130711,"data":"epoch=20/50 val_recall=0.5701\n"}
,{"stream_name":"stdout","time":2287.633352933,"data":"epoch=21/50 val_recall=0.5202\n"}
,{"stream_name":"stdout","time":2287.855891398,"data":"epoch=21/50 val_recall=0.5202\n"}
,{"stream_name":"stdout","time":2299.656918027,"data":"epoch=22/50 val_recall=0.5012\n"}
,{"stream_name":"stdout","time":2299.859698569,"data":"epoch=22/50 val_recall=0.5012\n"}
,{"stream_name":"stdout","time":2311.706981384,"data":"epoch=23/50 val_recall=0.5511\n"}
,{"stream_name":"stdout","time":2311.90979081,"data":"epoch=23/50 val_recall=0.5511\n"}
,{"stream_name":"stdout","time":2323.719966039,"data":"epoch=24/50 val_recall=0.5273\n"}
,{"stream_name":"stdout","time":2323.9426184,"data":"epoch=24/50 val_recall=0.5273\n"}
,{"stream_name":"stdout","time":2336.025572939,"data":"epoch=25/50 val_recall=0.5629\n"}
,{"stream_name":"stdout","time":2336.228024461,"data":"epoch=25/50 val_recall=0.5629\n"}
,{"stream_name":"stdout","time":2348.07194746,"data":"epoch=26/50 val_recall=0.5154\n"}
,{"stream_name":"stdout","time":2348.274599682,"data":"epoch=26/50 val_recall=0.5154\n"}
,{"stream_name":"stdout","time":2360.111012069,"data":"epoch=27/50 val_recall=0.5012\n"}
,{"stream_name":"stdout","time":2360.333136334,"data":"epoch=27/50 val_recall=0.5012\n"}
,{"stream_name":"stdout","time":2372.251416604,"data":"epoch=28/50 val_recall=0.5321\n"}
,{"stream_name":"stdout","time":2372.454153118,"data":"epoch=28/50 val_recall=0.5321\n"}
,{"stream_name":"stdout","time":2384.405273048,"data":"epoch=29/50 val_recall=0.5344\n"}
,{"stream_name":"stdout","time":2384.608234512,"data":"epoch=29/50 val_recall=0.5344\n"}
,{"stream_name":"stdout","time":2396.442573331,"data":"epoch=30/50 val_recall=0.5416\n"}
,{"stream_name":"stdout","time":2396.664768814,"data":"epoch=30/50 val_recall=0.5416\n"}
,{"stream_name":"stdout","time":2398.816117728,"data":"epoch=1/50 val_recall=1.0000\n"}
,{"stream_name":"stdout","time":2399.018403879,"data":"epoch=1/50 val_recall=1.0000\n"}
,{"stream_name":"stdout","time":2399.219903535,"data":"epoch=2/50 val_recall=1.0000\n"}
,{"stream_name":"stdout","time":2399.422561134,"data":"epoch=2/50 val_recall=1.0000\n"}
,{"stream_name":"stdout","time":2399.624542673,"data":"epoch=3/50 val_recall=1.0000\n"}
,{"stream_name":"stdout","time":2399.827326061,"data":"epoch=3/50 val_recall=1.0000\n"}
,{"stream_name":"stdout","time":2400.026857578,"data":"epoch=4/50 val_recall=1.0000\n"}
,{"stream_name":"stdout","time":2400.229674283,"data":"epoch=4/50 val_recall=1.0000\n"}
,{"stream_name":"stdout","time":2400.431266558,"data":"epoch=5/50 val_recall=1.0000\n"}
,{"stream_name":"stdout","time":2400.634071802,"data":"epoch=5/50 val_recall=1.0000\n"}
,{"stream_name":"stdout","time":2400.829626768,"data":"epoch=6/50 val_recall=1.0000\n"}
,{"stream_name":"stdout","time":2401.032092018,"data":"epoch=6/50 val_recall=1.0000\n"}
,{"stream_name":"stdout","time":2401.248850004,"data":"epoch=7/50 val_recall=1.0000\n"}
,{"stream_name":"stdout","time":2401.451366694,"data":"epoch=7/50 val_recall=1.0000\n"}
,{"stream_name":"stdout","time":2401.660021987,"data":"epoch=8/50 val_recall=1.0000\n"}
,{"stream_name":"stdout","time":2401.862684132,"data":"epoch=8/50 val_recall=1.0000\n"}
,{"stream_name":"stdout","time":2402.059353545,"data":"epoch=9/50 val_recall=1.0000\n"}
,{"stream_name":"stdout","time":2402.262312445,"data":"epoch=9/50 val_recall=1.0000\n"}
,{"stream_name":"stdout","time":2402.468765739,"data":"epoch=10/50 val_recall=1.0000\n"}
,{"stream_name":"stdout","time":2402.671565626,"data":"epoch=10/50 val_recall=1.0000\n"}
,{"stream_name":"stdout","time":2402.869892434,"data":"epoch=11/50 val_recall=0.9815\n"}
,{"stream_name":"stdout","time":2403.072618751,"data":"epoch=11/50 val_recall=0.9815\n"}
,{"stream_name":"stdout","time":2403.349911041,"data":"epoch=1/50 val_recall=0.0000\n"}
,{"stream_name":"stdout","time":2403.55277705,"data":"epoch=1/50 val_recall=0.0000\n"}
,{"stream_name":"stdout","time":2403.749524865,"data":"epoch=2/50 val_recall=0.0000\n"}
,{"stream_name":"stdout","time":2403.951937772,"data":"epoch=2/50 val_recall=0.0000\n"}
,{"stream_name":"stdout","time":2404.145977447,"data":"epoch=3/50 val_recall=0.0000\n"}
,{"stream_name":"stdout","time":2404.348754617,"data":"epoch=3/50 val_recall=0.0000\n"}
,{"stream_name":"stdout","time":2404.548014415,"data":"epoch=4/50 val_recall=0.0000\n"}
,{"stream_name":"stdout","time":2404.750953499,"data":"epoch=4/50 val_recall=0.0000\n"}
,{"stream_name":"stdout","time":2404.951947766,"data":"epoch=5/50 val_recall=0.0000\n"}
,{"stream_name":"stdout","time":2405.154848761,"data":"epoch=5/50 val_recall=0.0000\n"}
,{"stream_name":"stdout","time":2405.350917555,"data":"epoch=6/50 val_recall=0.0000\n"}
,{"stream_name":"stdout","time":2405.553839895,"data":"epoch=6/50 val_recall=0.0000\n"}
,{"stream_name":"stdout","time":2405.755892581,"data":"epoch=7/50 val_recall=0.4259\n"}
,{"stream_name":"stdout","time":2405.958873834,"data":"epoch=7/50 val_recall=0.4259\n"}
,{"stream_name":"stdout","time":2406.161700176,"data":"epoch=8/50 val_recall=0.9074\n"}
,{"stream_name":"stdout","time":2406.364455407,"data":"epoch=8/50 val_recall=0.9074\n"}
,{"stream_name":"stdout","time":2406.58229311,"data":"epoch=9/50 val_recall=0.9815\n"}
,{"stream_name":"stdout","time":2406.785134956,"data":"epoch=9/50 val_recall=0.9815\n"}
,{"stream_name":"stdout","time":2406.989219286,"data":"epoch=10/50 val_recall=0.9815\n"}
,{"stream_name":"stdout","time":2407.192145283,"data":"epoch=10/50 val_recall=0.9815\n"}
,{"stream_name":"stdout","time":2407.399799144,"data":"epoch=11/50 val_recall=1.0000\n"}
,{"stream_name":"stdout","time":2407.602432147,"data":"epoch=11/50 val_recall=1.0000\n"}
,{"stream_name":"stdout","time":2407.810921217,"data":"epoch=12/50 val_recall=1.0000\n"}
,{"stream_name":"stdout","time":2408.0136623,"data":"epoch=12/50 val_recall=1.0000\n"}
,{"stream_name":"stdout","time":2408.222675306,"data":"epoch=13/50 val_recall=1.0000\n"}
,{"stream_name":"stdout","time":2408.425306256,"data":"epoch=13/50 val_recall=1.0000\n"}
,{"stream_name":"stdout","time":2408.624861757,"data":"epoch=14/50 val_recall=1.0000\n"}
,{"stream_name":"stdout","time":2408.827827217,"data":"epoch=14/50 val_recall=1.0000\n"}
,{"stream_name":"stdout","time":2409.024841649,"data":"epoch=15/50 val_recall=1.0000\n"}
,{"stream_name":"stdout","time":2409.227772549,"data":"epoch=15/50 val_recall=1.0000\n"}
,{"stream_name":"stdout","time":2409.419203531,"data":"epoch=16/50 val_recall=1.0000\n"}
,{"stream_name":"stdout","time":2409.622042552,"data":"epoch=16/50 val_recall=1.0000\n"}
,{"stream_name":"stdout","time":2409.815803336,"data":"epoch=17/50 val_recall=1.0000\n"}
,{"stream_name":"stdout","time":2410.018889246,"data":"epoch=17/50 val_recall=1.0000\n"}
,{"stream_name":"stdout","time":2410.215374699,"data":"epoch=18/50 val_recall=1.0000\n"}
,{"stream_name":"stdout","time":2410.418299064,"data":"epoch=18/50 val_recall=1.0000\n"}
,{"stream_name":"stdout","time":2410.611175426,"data":"epoch=19/50 val_recall=1.0000\n"}
,{"stream_name":"stdout","time":2410.813922162,"data":"epoch=19/50 val_recall=1.0000\n"}
,{"stream_name":"stdout","time":2411.014627567,"data":"epoch=20/50 val_recall=1.0000\n"}
,{"stream_name":"stdout","time":2411.218243274,"data":"epoch=20/50 val_recall=1.0000\n"}
,{"stream_name":"stdout","time":2411.436466521,"data":"epoch=21/50 val_recall=1.0000\n"}
,{"stream_name":"stdout","time":2411.639193929,"data":"epoch=21/50 val_recall=1.0000\n"}
,{"stream_name":"stdout","time":2411.923419584,"data":"epoch=1/50 val_recall=0.0000\n"}
,{"stream_name":"stdout","time":2412.126117413,"data":"epoch=1/50 val_recall=0.0000\n"}
,{"stream_name":"stdout","time":2412.324513344,"data":"epoch=2/50 val_recall=0.0000\n"}
,{"stream_name":"stdout","time":2412.52700522,"data":"epoch=2/50 val_recall=0.0000\n"}
,{"stream_name":"stdout","time":2412.730200106,"data":"epoch=3/50 val_recall=0.0000\n"}
,{"stream_name":"stdout","time":2412.932884705,"data":"epoch=3/50 val_recall=0.0000\n"}
,{"stream_name":"stdout","time":2413.129477468,"data":"epoch=4/50 val_recall=0.0000\n"}
,{"stream_name":"stdout","time":2413.332381343,"data":"epoch=4/50 val_recall=0.0000\n"}
,{"stream_name":"stdout","time":2413.527705068,"data":"epoch=5/50 val_recall=0.0000\n"}
,{"stream_name":"stdout","time":2413.730717856,"data":"epoch=5/50 val_recall=0.0000\n"}
,{"stream_name":"stdout","time":2413.927296402,"data":"epoch=6/50 val_recall=0.0000\n"}
,{"stream_name":"stdout","time":2414.130347003,"data":"epoch=6/50 val_recall=0.0000\n"}
,{"stream_name":"stdout","time":2414.325664742,"data":"epoch=7/50 val_recall=0.0000\n"}
,{"stream_name":"stdout","time":2414.528644365,"data":"epoch=7/50 val_recall=0.0000\n"}
,{"stream_name":"stdout","time":2414.72960183,"data":"epoch=8/50 val_recall=0.0000\n"}
,{"stream_name":"stdout","time":2414.932873908,"data":"epoch=8/50 val_recall=0.0000\n"}
,{"stream_name":"stdout","time":2415.128737623,"data":"epoch=9/50 val_recall=0.0741\n"}
,{"stream_name":"stdout","time":2415.33172559,"data":"epoch=9/50 val_recall=0.0741\n"}
,{"stream_name":"stdout","time":2415.530038159,"data":"epoch=10/50 val_recall=0.3704\n"}
,{"stream_name":"stdout","time":2415.733030527,"data":"epoch=10/50 val_recall=0.3704\n"}
,{"stream_name":"stdout","time":2415.928473601,"data":"epoch=11/50 val_recall=0.7407\n"}
,{"stream_name":"stdout","time":2416.131572077,"data":"epoch=11/50 val_recall=0.7407\n"}
,{"stream_name":"stdout","time":2416.333662079,"data":"epoch=12/50 val_recall=0.9815\n"}
,{"stream_name":"stdout","time":2416.536654901,"data":"epoch=12/50 val_recall=0.9815\n"}
,{"stream_name":"stdout","time":2416.725915235,"data":"epoch=13/50 val_recall=0.9815\n"}
,{"stream_name":"stdout","time":2416.928893658,"data":"epoch=13/50 val_recall=0.9815\n"}
,{"stream_name":"stdout","time":2417.122821716,"data":"epoch=14/50 val_recall=0.9815\n"}
,{"stream_name":"stdout","time":2417.325897427,"data":"epoch=14/50 val_recall=0.9815\n"}
,{"stream_name":"stdout","time":2417.529780883,"data":"epoch=15/50 val_recall=0.9815\n"}
,{"stream_name":"stdout","time":2417.732611713,"data":"epoch=15/50 val_recall=0.9815\n"}
,{"stream_name":"stdout","time":2417.923615889,"data":"epoch=16/50 val_recall=0.9815\n"}
,{"stream_name":"stdout","time":2418.126822305,"data":"epoch=16/50 val_recall=0.9815\n"}
,{"stream_name":"stdout","time":2418.323254387,"data":"epoch=17/50 val_recall=0.9815\n"}
,{"stream_name":"stdout","time":2418.526120987,"data":"epoch=17/50 val_recall=0.9815\n"}
,{"stream_name":"stdout","time":2418.72927255,"data":"epoch=18/50 val_recall=0.9815\n"}
,{"stream_name":"stdout","time":2418.93224324,"data":"epoch=18/50 val_recall=0.9815\n"}
,{"stream_name":"stdout","time":2419.130463199,"data":"epoch=19/50 val_recall=0.9815\n"}
,{"stream_name":"stdout","time":2419.333653439,"data":"epoch=19/50 val_recall=0.9815\n"}
,{"stream_name":"stdout","time":2419.531353552,"data":"epoch=20/50 val_recall=0.9815\n"}
,{"stream_name":"stdout","time":2419.734398712,"data":"epoch=20/50 val_recall=0.9815\n"}
,{"stream_name":"stdout","time":2419.928270484,"data":"epoch=21/50 val_recall=1.0000\n"}
,{"stream_name":"stdout","time":2420.131388504,"data":"epoch=21/50 val_recall=1.0000\n"}
,{"stream_name":"stdout","time":2420.325367268,"data":"epoch=22/50 val_recall=1.0000\n"}
,{"stream_name":"stdout","time":2420.528346047,"data":"epoch=22/50 val_recall=1.0000\n"}
,{"stream_name":"stdout","time":2420.722649787,"data":"epoch=23/50 val_recall=1.0000\n"}
,{"stream_name":"stdout","time":2420.925549676,"data":"epoch=23/50 val_recall=1.0000\n"}
,{"stream_name":"stdout","time":2421.127484468,"data":"epoch=24/50 val_recall=1.0000\n"}
,{"stream_name":"stdout","time":2421.330579507,"data":"epoch=24/50 val_recall=1.0000\n"}
,{"stream_name":"stdout","time":2421.557480761,"data":"epoch=25/50 val_recall=1.0000\n"}
,{"stream_name":"stdout","time":2421.760159737,"data":"epoch=25/50 val_recall=1.0000\n"}
,{"stream_name":"stdout","time":2421.950319944,"data":"epoch=26/50 val_recall=1.0000\n"}
,{"stream_name":"stdout","time":2422.153366067,"data":"epoch=26/50 val_recall=1.0000\n"}
,{"stream_name":"stdout","time":2422.352576211,"data":"epoch=27/50 val_recall=1.0000\n"}
,{"stream_name":"stdout","time":2422.555739428,"data":"epoch=27/50 val_recall=1.0000\n"}
,{"stream_name":"stdout","time":2422.748259878,"data":"epoch=28/50 val_recall=1.0000\n"}
,{"stream_name":"stdout","time":2422.951099468,"data":"epoch=28/50 val_recall=1.0000\n"}
,{"stream_name":"stdout","time":2423.142632015,"data":"epoch=29/50 val_recall=1.0000\n"}
,{"stream_name":"stdout","time":2423.345560647,"data":"epoch=29/50 val_recall=1.0000\n"}
,{"stream_name":"stdout","time":2423.545111786,"data":"epoch=30/50 val_recall=1.0000\n"}
,{"stream_name":"stdout","time":2423.748053076,"data":"epoch=30/50 val_recall=1.0000\n"}
,{"stream_name":"stdout","time":2423.943945702,"data":"epoch=31/50 val_recall=1.0000\n"}
,{"stream_name":"stdout","time":2424.147089413,"data":"epoch=31/50 val_recall=1.0000\n"}
,{"stream_name":"stdout","time":2425.170684156,"data":"HQCDNN_IN_DOMAIN_COMPLETE\n"}
,{"stream_name":"stderr","time":2428.713022958,"data":"/usr/local/lib/python3.12/dist-packages/mistune.py:435: SyntaxWarning: invalid escape sequence '\\|'\n"}
,{"stream_name":"stderr","time":2428.713065152,"data":"  cells[i][c] = re.sub('\\\\\\\\\\|', '|', cell)\n"}
,{"stream_name":"stderr","time":2428.926686262,"data":"/usr/local/lib/python3.12/dist-packages/nbconvert/filters/filter_links.py:36: SyntaxWarning: invalid escape sequence '\\_'\n"}
,{"stream_name":"stderr","time":2428.926720777,"data":"  text = re.sub(r'_', '\\_', text) # Escape underscores in display text\n"}
,{"stream_name":"stderr","time":2429.724226307,"data":"[NbConvertApp] Converting notebook __notebook__.ipynb to notebook\n"}
,{"stream_name":"stderr","time":2430.202266955,"data":"[NbConvertApp] Writing 21798 bytes to __notebook__.ipynb\n"}
,{"stream_name":"stderr","time":2433.500827878,"data":"[NbConvertApp] Converting notebook __notebook__.ipynb to html\n"}
,{"stream_name":"stderr","time":2434.601479856,"data":"[NbConvertApp] Writing 291193 bytes to __results__.html\n"}
]