[{"stream_name":"stderr","time":4.935282016,"data":"/usr/local/lib/python3.12/dist-packages/nbformat/__init__.py:96: MissingIDFieldWarning: Cell is missing an id field, this will become a hard error in future nbformat versions. You may want to use `normalize()` on your notebooks before validations (available since nbformat 5.1.4). Previous versions of nbformat are fixing this issue transparently, and will stop doing so in the future.\n"}
,{"stream_name":"stderr","time":4.935373431,"data":"  validate(nb)\n"}
,{"stream_name":"stderr","time":5.601818858,"data":"0.00s - Debugger warning: It seems that frozen modules are being used, which may\n"}
,{"stream_name":"stderr","time":5.601847301,"data":"0.00s - make the debugger miss breakpoints. Please pass -Xfrozen_modules=off\n"}
,{"stream_name":"stderr","time":5.601854289,"data":"0.00s - to python to disable frozen modules.\n"}
,{"stream_name":"stderr","time":5.601859312,"data":"0.00s - Note: Debugging will proceed. Set PYDEVD_DISABLE_FILE_VALIDATION=1 to disable this validation.\n"}
,{"stream_name":"stderr","time":6.132034207,"data":"0.00s - Debugger warning: It seems that frozen modules are being used, which may\n"}
,{"stream_name":"stderr","time":6.132069748,"data":"0.00s - make the debugger miss breakpoints. Please pass -Xfrozen_modules=off\n"}
,{"stream_name":"stderr","time":6.132076847,"data":"0.00s - to python to disable frozen modules.\n"}
,{"stream_name":"stderr","time":6.132082297,"data":"0.00s - Note: Debugging will proceed. Set PYDEVD_DISABLE_FILE_VALIDATION=1 to disable this validation.\n"}
,{"stream_name":"stdout","time":8.954316257,"data":"\u001b[?25l     \u001b[90m━━━━━━━━━━━━━━━━━━━━━━━━━━━━━━━━━━━━━━━━\u001b[0m \u001b[32m0.0/64.4 kB\u001b[0m \u001b[31m?\u001b[0m eta \u001b[36m-:--:--\u001b[0m\r\u001b[2K     \u001b[90m━━━━━━━━━━━━━━━━━━━━━━━━━━━━━━━━━━━━━━━━\u001b[0m \u001b[32m64.4/64.4 kB\u001b[0m \u001b[31m2.5 MB/s\u001b[0m eta \u001b[36m0:00:00\u001b[0m\r\n"}
,{"stream_name":"stdout","time":9.762886717,"data":"\u001b[?25h\u001b[?25l     \u001b[90m━━━━━━━━━━━━━━━━━━━━━━━━━━━━━━━━━━━━━━━━\u001b[0m \u001b[32m0.0/57.3 kB\u001b[0m \u001b[31m?\u001b[0m eta \u001b[36m-:--:--\u001b[0m\r\u001b[2K     \u001b[90m━━━━━━━━━━━━━━━━━━━━━━━━━━━━━━━━━━━━━━━━\u001b[0m \u001b[32m57.3/57.3 kB\u001b[0m \u001b[31m4.3 MB/s\u001b[0m eta \u001b[36m0:00:00\u001b[0m\r\n"}
,{"stream_name":"stdout","time":9.965672782,"data":"\u001b[?25h\u001b[?25l   \u001b[90m━━━━━━━━━━━━━━━━━━━━━━━━━━━━━━━━━━━━━━━━\u001b[0m \u001b[32m0.0/1.3 MB\u001b[0m \u001b[31m?\u001b[0m eta \u001b[36m-:--:--\u001b[0m\r\u001b[2K   \u001b[91m━━━━━━━━━━━━━━━━━━━━━━━━━━━━━━━━━\u001b[0m\u001b[90m╺\u001b[0m\u001b[90m━━━━━━\u001b[0m \u001b[32m1.1/1.3 MB\u001b[0m \u001b[31m32.6 MB/s\u001b[0m eta \u001b[36m0:00:01\u001b[0m\r\u001b[2K   \u001b[90m━━━━━━━━━━━━━━━━━━━━━━━━━━━━━━━━━━━━━━━━\u001b[0m \u001b[32m1.3/1.3 MB\u001b[0m \u001b[31m25.6 MB/s\u001b[0m eta \u001b[36m0:00:00\u001b[0m\r\n"}
,{"stream_name":"stdout","time":10.067432721,"data":"\u001b[?25h\u001b[?25l   \u001b[90m━━━━━━━━━━━━━━━━━━━━━━━━━━━━━━━━━━━━━━━━\u001b[0m \u001b[32m0.0/5.4 MB\u001b[0m \u001b[31m?\u001b[0m eta \u001b[36m-:--:--\u001b[0m\r\u001b[2K   \u001b[91m━━━━━━━━━━━━━━━━━━━━━━━━━━━━━━━━━━\u001b[0m\u001b[91m╸\u001b[0m\u001b[90m━━━━━\u001b[0m \u001b[32m4.7/5.4 MB\u001b[0m \u001b[31m141.9 MB/s\u001b[0m eta \u001b[36m0:00:01\u001b[0m\r\u001b[2K   \u001b[90m━━━━━━━━━━━━━━━━━━━━━━━━━━━━━━━━━━━━━━━━\u001b[0m \u001b[32m5.4/5.4 MB\u001b[0m \u001b[31m86.0 MB/s\u001b[0m eta \u001b[36m0:00:00\u001b[0m\r\n"}
,{"stream_name":"stdout","time":10.067474637,"data":"\u001b[?25h\u001b[?25l   \u001b[90m━━━━━━━━━━━━━━━━━━━━━━━━━━━━━━━━━━━━━━━━\u001b[0m \u001b[32m0.0/937.5 kB\u001b[0m \u001b[31m?\u001b[0m eta \u001b[36m-:--:--\u001b[0m\r\u001b[2K   \u001b[90m━━━━━━━━━━━━━━━━━━━━━━━━━━━━━━━━━━━━━━━━\u001b[0m \u001b[32m937.5/937.5 kB\u001b[0m \u001b[31m50.9 MB/s\u001b[0m eta \u001b[36m0:00:00\u001b[0m\r\n"}
,{"stream_name":"stdout","time":10.37203583,"data":"\u001b[?25h\u001b[?25l   \u001b[90m━━━━━━━━━━━━━━━━━━━━━━━━━━━━━━━━━━━━━━━━\u001b[0m \u001b[32m0.0/25.5 MB\u001b[0m \u001b[31m?\u001b[0m eta \u001b[36m-:--:--\u001b[0m\r\u001b[2K   \u001b[91m━━━━━━━\u001b[0m\u001b[91m╸\u001b[0m\u001b[90m━━━━━━━━━━━━━━━━━━━━━━━━━━━━━━━━\u001b[0m \u001b[32m5.0/25.5 MB\u001b[0m \u001b[31m149.1 MB/s\u001b[0m eta \u001b[36m0:00:01\u001b[0m\r\u001b[2K   \u001b[91m━━━━━━━━━━━━━━━━━\u001b[0m\u001b[90m╺\u001b[0m\u001b[90m━━━━━━━━━━━━━━━━━━━━━━\u001b[0m \u001b[32m11.0/25.5 MB\u001b[0m \u001b[31m157.8 MB/s\u001b[0m eta \u001b[36m0:00:01\u001b[0m\r\u001b[2K   \u001b[91m━━━━━━━━━━━━━━━━━━━━━━━━━━\u001b[0m\u001b[91m╸\u001b[0m\u001b[90m━━━━━━━━━━━━━\u001b[0m \u001b[32m16.9/25.5 MB\u001b[0m \u001b[31m172.9 MB/s\u001b[0m eta \u001b[36m0:00:01\u001b[0m\r\u001b[2K   \u001b[91m━━━━━━━━━━━━━━━━━━━━━━━━━━━━━━━━━━━\u001b[0m\u001b[91m╸\u001b[0m\u001b[90m━━━━\u001b[0m \u001b[32m22.9/25.5 MB\u001b[0m \u001b[31m170.1 MB/s\u001b[0m eta \u001b[36m0:00:01\u001b[0m\r\u001b[2K   \u001b[91m━━━━━━━━━━━━━━━━━━━━━━━━━━━━━━━━━━━━━━━\u001b[0m\u001b[91m╸\u001b[0m \u001b[32m25.5/25.5 MB\u001b[0m \u001b[31m167.9 MB/s\u001b[0m eta \u001b[36m0:00:01\u001b[0m\r\u001b[2K   \u001b[91m━━━━━━━━━━━━━━━━━━━━━━━━━━━━━━━━━━━━━━━\u001b[0m\u001b[91m╸\u001b[0m \u001b[32m25.5/25.5 MB\u001b[0m \u001b[31m167.9 MB/s\u001b[0m eta \u001b[36m0:00:01\u001b[0m\r\u001b[2K   \u001b[91m━━━━━━━━━━━━━━━━━━━━━━━━━━━━━━━━━━━━━━━\u001b[0m\u001b[91m╸\u001b[0m \u001b[32m25.5/25.5 MB\u001b[0m \u001b[31m167.9 MB/s\u001b[0m eta \u001b[36m0:00:01\u001b[0m\r\u001b[2K   \u001b[90m━━━━━━━━━━━━━━━━━━━━━━━━━━━━━━━━━━━━━━━━\u001b[0m \u001b[32m25.5/25.5 MB\u001b[0m \u001b[31m66.6 MB/s\u001b[0m eta \u001b[36m0:00:00\u001b[0m\r\n"}
,{"stream_name":"stdout","time":10.422534344,"data":"\u001b[?25h\u001b[?25l   \u001b[90m━━━━━━━━━━━━━━━━━━━━━━━━━━━━━━━━━━━━━━━━\u001b[0m \u001b[32m0.0/2.4 MB\u001b[0m \u001b[31m?\u001b[0m eta \u001b[36m-:--:--\u001b[0m\r\u001b[2K   \u001b[90m━━━━━━━━━━━━━━━━━━━━━━━━━━━━━━━━━━━━━━━━\u001b[0m \u001b[32m2.4/2.4 MB\u001b[0m \u001b[31m79.3 MB/s\u001b[0m eta \u001b[36m0:00:00\u001b[0m\r\n"}
,{"stream_name":"stdout","time":10.474559662,"data":"\u001b[?25h\u001b[?25l   \u001b[90m━━━━━━━━━━━━━━━━━━━━━━━━━━━━━━━━━━━━━━━━\u001b[0m \u001b[32m0.0/167.2 kB\u001b[0m \u001b[31m?\u001b[0m eta \u001b[36m-:--:--\u001b[0m\r\u001b[2K   \u001b[90m━━━━━━━━━━━━━━━━━━━━━━━━━━━━━━━━━━━━━━━━\u001b[0m \u001b[32m167.2/167.2 kB\u001b[0m \u001b[31m14.1 MB/s\u001b[0m eta \u001b[36m0:00:00\u001b[0m\r\n"}
,{"stream_name":"stdout","time":10.575080651,"data":"\u001b[?25h\u001b[?25l   \u001b[90m━━━━━━━━━━━━━━━━━━━━━━━━━━━━━━━━━━━━━━━━\u001b[0m \u001b[32m0.0/8.8 MB\u001b[0m \u001b[31m?\u001b[0m eta \u001b[36m-:--:--\u001b[0m\r\u001b[2K   \u001b[91m━━━━━━━━━━━━━━━━━━━━━━━━━━\u001b[0m\u001b[90m╺\u001b[0m\u001b[90m━━━━━━━━━━━━━\u001b[0m \u001b[32m5.8/8.8 MB\u001b[0m \u001b[31m174.7 MB/s\u001b[0m eta \u001b[36m0:00:01\u001b[0m\r\u001b[2K   \u001b[91m━━━━━━━━━━━━━━━━━━━━━━━━━━━━━━━━━━━━━━━\u001b[0m\u001b[91m╸\u001b[0m \u001b[32m8.8/8.8 MB\u001b[0m \u001b[31m173.6 MB/s\u001b[0m eta \u001b[36m0:00:01\u001b[0m\r\u001b[2K   \u001b[90m━━━━━━━━━━━━━━━━━━━━━━━━━━━━━━━━━━━━━━━━\u001b[0m \u001b[32m8.8/8.8 MB\u001b[0m \u001b[31m94.6 MB/s\u001b[0m eta \u001b[36m0:00:00\u001b[0m\r\n"}
,{"stream_name":"stdout","time":24.844927441,"data":"\u001b[?25hRunning VUDENC PAG-Vul binary training from vudenc-pagvul-binary-assets on cuda\n"}
,{"stream_name":"stderr","time":49.449219886,"data":"/usr/local/lib/python3.12/dist-packages/torch_geometric/utils/_scatter.py:91: UserWarning: The usage of `scatter(reduce='max')` can be accelerated via the 'torch-scatter' package, but it was not found\n"}
,{"stream_name":"stderr","time":49.449283943,"data":"  warnings.warn(\n"}
,{"stream_name":"stderr","time":49.6515796,"data":"/usr/local/lib/python3.12/dist-packages/torch_geometric/utils/_scatter.py:91: UserWarning: The usage of `scatter(reduce='max')` can be accelerated via the 'torch-scatter' package, but it was not found\n"}
,{"stream_name":"stderr","time":49.651616615,"data":"  warnings.warn(\n"}
,{"stream_name":"stderr","time":49.651621168,"data":"\n"}
,{"stream_name":"stderr","time":49.651624456,"data":"/usr/local/lib/python3.12/dist-packages/torch_geometric/utils/_scatter.py:91: UserWarning: The usage of `scatter(reduce='max')` can be accelerated via the 'torch-scatter' package, but it was not found\n"}
,{"stream_name":"stderr","time":49.651627891,"data":"  warnings.warn(\n"}
,{"stream_name":"stdout","time":437.150442467,"data":"{\n"}
,{"stream_name":"stdout","time":437.150487791,"data":"  \"config\": {\n"}
,{"stream_name":"stdout","time":437.150493846,"data":"    \"train_ratio\": 0.7,\n"}
,{"stream_name":"stdout","time":437.150498149,"data":"    \"val_ratio\": 0.15,\n"}
,{"stream_name":"stdout","time":437.150502657,"data":"    \"seed\": 202,\n"}
,{"stream_name":"stdout","time":437.150507034,"data":"    \"split_seed\": 101,\n"}
,{"stream_name":"stdout","time":437.150532141,"data":"    \"hidden_dim\": 128,\n"}
,{"stream_name":"stdout","time":437.150538056,"data":"    \"embedding_dim\": 128,\n"}
,{"stream_name":"stdout","time":437.150542439,"data":"    \"attention_dim\": 64,\n"}
,{"stream_name":"stdout","time":437.150546798,"data":"    \"value_dim\": 64,\n"}
,{"stream_name":"stdout","time":437.150550791,"data":"    \"gat_layers\": 3,\n"}
,{"stream_name":"stdout","time":437.150555572,"data":"    \"gat_heads\": 4,\n"}
,{"stream_name":"stdout","time":437.150560479,"data":"    \"dropout\": 0.3,\n"}
,{"stream_name":"stdout","time":437.150584623,"data":"    \"warmup_epochs\": 50,\n"}
,{"stream_name":"stdout","time":437.15058747,"data":"    \"head_epochs\": 50,\n"}
,{"stream_name":"stdout","time":437.15058991,"data":"    \"batch_size\": 16,\n"}
,{"stream_name":"stdout","time":437.150592073,"data":"    \"learning_rate\": 0.002,\n"}
,{"stream_name":"stdout","time":437.150594434,"data":"    \"head_learning_rate\": 0.002,\n"}
,{"stream_name":"stdout","time":437.150596733,"data":"    \"weight_decay\": 0.0001,\n"}
,{"stream_name":"stdout","time":437.150599038,"data":"    \"top_cwes\": 6,\n"}
,{"stream_name":"stdout","time":437.150601214,"data":"    \"prototypes_per_cwe\": 3,\n"}
,{"stream_name":"stdout","time":437.150603424,"data":"    \"benign_prototypes\": 4,\n"}
,{"stream_name":"stdout","time":437.150605672,"data":"    \"attention\": \"classical\",\n"}
,{"stream_name":"stdout","time":437.150608187,"data":"    \"n_qubits\": 10,\n"}
,{"stream_name":"stdout","time":437.1506104,"data":"    \"quantum_depth\": 5,\n"}
,{"stream_name":"stdout","time":437.150612705,"data":"    \"quantum_device\": \"default.qubit\"\n"}
,{"stream_name":"stdout","time":437.150614971,"data":"  },\n"}
,{"stream_name":"stdout","time":437.150617197,"data":"  \"split_mode\": \"standard\",\n"}
,{"stream_name":"stdout","time":437.150619439,"data":"  \"split_sizes\": {\n"}
,{"stream_name":"stdout","time":437.150621641,"data":"    \"train\": 11088,\n"}
,{"stream_name":"stdout","time":437.150623926,"data":"    \"validation\": 2376,\n"}
,{"stream_name":"stdout","time":437.150626191,"data":"    \"test\": 2376\n"}
,{"stream_name":"stdout","time":437.150628712,"data":"  },\n"}
,{"stream_name":"stdout","time":437.150631189,"data":"  \"split_binary_counts\": {\n"}
,{"stream_name":"stdout","time":437.150633444,"data":"    \"train\": {\n"}
,{"stream_name":"stdout","time":437.150635603,"data":"      \"0\": 9125,\n"}
,{"stream_name":"stdout","time":437.150637794,"data":"      \"1\": 1963\n"}
,{"stream_name":"stdout","time":437.150639936,"data":"    },\n"}
,{"stream_name":"stdout","time":437.150642139,"data":"    \"validation\": {\n"}
,{"stream_name":"stdout","time":437.150644416,"data":"      \"0\": 1955,\n"}
,{"stream_name":"stdout","time":437.15064658,"data":"      \"1\": 421\n"}
,{"stream_name":"stdout","time":437.150648775,"data":"    },\n"}
,{"stream_name":"stdout","time":437.15065086,"data":"    \"test\": {\n"}
,{"stream_name":"stdout","time":437.150653067,"data":"      \"0\": 1955,\n"}
,{"stream_name":"stdout","time":437.150655219,"data":"      \"1\": 421\n"}
,{"stream_name":"stdout","time":437.150657381,"data":"    }\n"}
,{"stream_name":"stdout","time":437.150659481,"data":"  },\n"}
,{"stream_name":"stdout","time":437.150661562,"data":"  \"class_weights\": [\n"}
,{"stream_name":"stdout","time":437.150663744,"data":"    0.6075616478919983,\n"}
,{"stream_name":"stdout","time":437.150666016,"data":"    2.8242485523223877\n"}
,{"stream_name":"stdout","time":437.150668189,"data":"  ],\n"}
,{"stream_name":"stdout","time":437.150670298,"data":"  \"prototype_manifest\": [\n"}
,{"stream_name":"stdout","time":437.150672508,"data":"    {\n"}
,{"stream_name":"stdout","time":437.150674626,"data":"      \"kind\": \"benign\",\n"}
,{"stream_name":"stdout","time":437.150676865,"data":"      \"cwe\": \"BENIGN\",\n"}
,{"stream_name":"stdout","time":437.150679093,"data":"      \"count\": 4\n"}
,{"stream_name":"stdout","time":437.15068128,"data":"    },\n"}
,{"stream_name":"stdout","time":437.150683383,"data":"    {\n"}
,{"stream_name":"stdout","time":437.150687988,"data":"      \"kind\": \"vulnerable\",\n"}
,{"stream_name":"stdout","time":437.150690497,"data":"      \"cwe\": \"VUDENC-TYPE-4\",\n"}
,{"stream_name":"stdout","time":437.150692713,"data":"      \"count\": 3,\n"}
,{"stream_name":"stdout","time":437.150694877,"data":"      \"train_samples\": 780\n"}
,{"stream_name":"stdout","time":437.150697092,"data":"    },\n"}
,{"stream_name":"stdout","time":437.150699198,"data":"    {\n"}
,{"stream_name":"stdout","time":437.150701282,"data":"      \"kind\": \"vulnerable\",\n"}
,{"stream_name":"stdout","time":437.150703485,"data":"      \"cwe\": \"VUDENC-TYPE-5\",\n"}
,{"stream_name":"stdout","time":437.150705711,"data":"      \"count\": 3,\n"}
,{"stream_name":"stdout","time":437.150707891,"data":"      \"train_samples\": 385\n"}
,{"stream_name":"stdout","time":437.150710091,"data":"    },\n"}
,{"stream_name":"stdout","time":437.150712217,"data":"    {\n"}
,{"stream_name":"stdout","time":437.150714332,"data":"      \"kind\": \"vulnerable\",\n"}
,{"stream_name":"stdout","time":437.150716542,"data":"      \"cwe\": \"VUDENC-TYPE-1\",\n"}
,{"stream_name":"stdout","time":437.150718743,"data":"      \"count\": 3,\n"}
,{"stream_name":"stdout","time":437.150720943,"data":"      \"train_samples\": 221\n"}
,{"stream_name":"stdout","time":437.150723146,"data":"    },\n"}
,{"stream_name":"stdout","time":437.150725275,"data":"    {\n"}
,{"stream_name":"stdout","time":437.150727389,"data":"      \"kind\": \"vulnerable\",\n"}
,{"stream_name":"stdout","time":437.150729593,"data":"      \"cwe\": \"VUDENC-TYPE-2\",\n"}
,{"stream_name":"stdout","time":437.15073185,"data":"      \"count\": 3,\n"}
,{"stream_name":"stdout","time":437.150734032,"data":"      \"train_samples\": 219\n"}
,{"stream_name":"stdout","time":437.150736232,"data":"    },\n"}
,{"stream_name":"stdout","time":437.150738417,"data":"    {\n"}
,{"stream_name":"stdout","time":437.150740528,"data":"      \"kind\": \"vulnerable\",\n"}
,{"stream_name":"stdout","time":437.150742725,"data":"      \"cwe\": \"VUDENC-TYPE-6\",\n"}
,{"stream_name":"stdout","time":437.150744928,"data":"      \"count\": 3,\n"}
,{"stream_name":"stdout","time":437.150747124,"data":"      \"train_samples\": 169\n"}
,{"stream_name":"stdout","time":437.150749328,"data":"    },\n"}
,{"stream_name":"stdout","time":437.150751455,"data":"    {\n"}
,{"stream_name":"stdout","time":437.150753565,"data":"      \"kind\": \"vulnerable\",\n"}
,{"stream_name":"stdout","time":437.150755788,"data":"      \"cwe\": \"VUDENC-TYPE-7\",\n"}
,{"stream_name":"stdout","time":437.150758,"data":"      \"count\": 3,\n"}
,{"stream_name":"stdout","time":437.150760178,"data":"      \"train_samples\": 143\n"}
,{"stream_name":"stdout","time":437.150762388,"data":"    }\n"}
,{"stream_name":"stdout","time":437.150764515,"data":"  ],\n"}
,{"stream_name":"stdout","time":437.150766615,"data":"  \"prototype_shape\": [\n"}
,{"stream_name":"stdout","time":437.150768833,"data":"    22,\n"}
,{"stream_name":"stdout","time":437.150771057,"data":"    128\n"}
,{"stream_name":"stdout","time":437.150773247,"data":"  ],\n"}
,{"stream_name":"stdout","time":437.15077535,"data":"  \"warmup_last\": {\n"}
,{"stream_name":"stdout","time":437.150777571,"data":"    \"accuracy\": 0.872053861618042,\n"}
,{"stream_name":"stdout","time":437.150779858,"data":"    \"macro_f1\": 0.7049932364876786,\n"}
,{"stream_name":"stdout","time":437.15078212,"data":"    \"per_class_f1\": [\n"}
,{"stream_name":"stdout","time":437.150784297,"data":"      0.9269932756964457,\n"}
,{"stream_name":"stdout","time":437.150788386,"data":"      0.48299319727891155\n"}
,{"stream_name":"stdout","time":437.150790697,"data":"    ],\n"}
,{"stream_name":"stdout","time":437.150792903,"data":"    \"epoch\": 50,\n"}
,{"stream_name":"stdout","time":437.150797268,"data":"    \"train_loss\": 0.2928193090631375\n"}
,{"stream_name":"stdout","time":437.150799613,"data":"  },\n"}
,{"stream_name":"stdout","time":437.15080174,"data":"  \"head_last\": {\n"}
,{"stream_name":"stdout","time":437.150803945,"data":"    \"accuracy\": 0.8526936026936027,\n"}
,{"stream_name":"stdout","time":437.150806168,"data":"    \"balanced_accuracy\": 0.7995905498417482,\n"}
,{"stream_name":"stdout","time":437.15080846,"data":"    \"precision\": 0.5666041275797373,\n"}
,{"stream_name":"stdout","time":437.150810758,"data":"    \"recall\": 0.7173396674584323,\n"}
,{"stream_name":"stdout","time":437.150813075,"data":"    \"f1\": 0.6331236897274632,\n"}
,{"stream_name":"stdout","time":437.150815286,"data":"    \"confusion_matrix\": [\n"}
,{"stream_name":"stdout","time":437.15081751,"data":"      [\n"}
,{"stream_name":"stdout","time":437.150819674,"data":"        1724,\n"}
,{"stream_name":"stdout","time":437.150821845,"data":"        231\n"}
,{"stream_name":"stdout","time":437.150824005,"data":"      ],\n"}
,{"stream_name":"stdout","time":437.150826163,"data":"      [\n"}
,{"stream_name":"stdout","time":437.150828325,"data":"        119,\n"}
,{"stream_name":"stdout","time":437.150830501,"data":"        302\n"}
,{"stream_name":"stdout","time":437.150832668,"data":"      ]\n"}
,{"stream_name":"stdout","time":437.150834795,"data":"    ],\n"}
,{"stream_name":"stdout","time":437.150836952,"data":"    \"epoch\": 50,\n"}
,{"stream_name":"stdout","time":437.150839173,"data":"    \"train_loss\": 0.1827913373708725\n"}
,{"stream_name":"stdout","time":437.150841438,"data":"  },\n"}
,{"stream_name":"stdout","time":437.150843547,"data":"  \"test\": {\n"}
,{"stream_name":"stdout","time":437.150845729,"data":"    \"accuracy\": 0.8602693602693603,\n"}
,{"stream_name":"stdout","time":437.150848028,"data":"    \"balanced_accuracy\": 0.7902157206991027,\n"}
,{"stream_name":"stdout","time":437.150850305,"data":"    \"precision\": 0.5917525773195876,\n"}
,{"stream_name":"stdout","time":437.150852543,"data":"    \"recall\": 0.6817102137767221,\n"}
,{"stream_name":"stdout","time":437.150854795,"data":"    \"f1\": 0.6335540838852098,\n"}
,{"stream_name":"stdout","time":437.150857012,"data":"    \"confusion_matrix\": [\n"}
,{"stream_name":"stdout","time":437.150859236,"data":"      [\n"}
,{"stream_name":"stdout","time":437.150861365,"data":"        1757,\n"}
,{"stream_name":"stdout","time":437.15086352,"data":"        198\n"}
,{"stream_name":"stdout","time":437.150865707,"data":"      ],\n"}
,{"stream_name":"stdout","time":437.150867893,"data":"      [\n"}
,{"stream_name":"stdout","time":437.150870011,"data":"        134,\n"}
,{"stream_name":"stdout","time":437.150872215,"data":"        287\n"}
,{"stream_name":"stdout","time":437.150874375,"data":"      ]\n"}
,{"stream_name":"stdout","time":437.150876528,"data":"    ]\n"}
,{"stream_name":"stdout","time":437.150878657,"data":"  }\n"}
,{"stream_name":"stdout","time":437.150880798,"data":"}\n"}
,{"stream_name":"stdout","time":437.35536351,"data":"{\n"}
,{"stream_name":"stdout","time":437.355390585,"data":"  \"config\": {\n"}
,{"stream_name":"stdout","time":437.355395608,"data":"    \"train_ratio\": 0.7,\n"}
,{"stream_name":"stdout","time":437.355399216,"data":"    \"val_ratio\": 0.15,\n"}
,{"stream_name":"stdout","time":437.355410469,"data":"    \"seed\": 202,\n"}
,{"stream_name":"stdout","time":437.355413973,"data":"    \"split_seed\": 101,\n"}
,{"stream_name":"stdout","time":437.355417383,"data":"    \"hidden_dim\": 128,\n"}
,{"stream_name":"stdout","time":437.355420946,"data":"    \"embedding_dim\": 128,\n"}
,{"stream_name":"stdout","time":437.355424096,"data":"    \"attention_dim\": 64,\n"}
,{"stream_name":"stdout","time":437.355428727,"data":"    \"value_dim\": 64,\n"}
,{"stream_name":"stdout","time":437.355436825,"data":"    \"gat_layers\": 3,\n"}
,{"stream_name":"stdout","time":437.355439339,"data":"    \"gat_heads\": 4,\n"}
,{"stream_name":"stdout","time":437.355441548,"data":"    \"dropout\": 0.3,\n"}
,{"stream_name":"stdout","time":437.355443768,"data":"    \"warmup_epochs\": 50,\n"}
,{"stream_name":"stdout","time":437.355446011,"data":"    \"head_epochs\": 50,\n"}
,{"stream_name":"stdout","time":437.355448248,"data":"    \"batch_size\": 16,\n"}
,{"stream_name":"stdout","time":437.35545462,"data":"    \"learning_rate\": 0.002,\n"}
,{"stream_name":"stdout","time":437.355456943,"data":"    \"head_learning_rate\": 0.002,\n"}
,{"stream_name":"stdout","time":437.355459188,"data":"    \"weight_decay\": 0.0001,\n"}
,{"stream_name":"stdout","time":437.355461423,"data":"    \"top_cwes\": 6,\n"}
,{"stream_name":"stdout","time":437.355463653,"data":"    \"prototypes_per_cwe\": 3,\n"}
,{"stream_name":"stdout","time":437.35546586,"data":"    \"benign_prototypes\": 4,\n"}
,{"stream_name":"stdout","time":437.355468111,"data":"    \"attention\": \"classical\",\n"}
,{"stream_name":"stdout","time":437.35547045,"data":"    \"n_qubits\": 10,\n"}
,{"stream_name":"stdout","time":437.355472715,"data":"    \"quantum_depth\": 5,\n"}
,{"stream_name":"stdout","time":437.35547493,"data":"    \"quantum_device\": \"default.qubit\"\n"}
,{"stream_name":"stdout","time":437.355477212,"data":"  },\n"}
,{"stream_name":"stdout","time":437.355479343,"data":"  \"split_mode\": \"standard\",\n"}
,{"stream_name":"stdout","time":437.355481616,"data":"  \"split_sizes\": {\n"}
,{"stream_name":"stdout","time":437.355483813,"data":"    \"train\": 11088,\n"}
,{"stream_name":"stdout","time":437.355486024,"data":"    \"validation\": 2376,\n"}
,{"stream_name":"stdout","time":437.355488237,"data":"    \"test\": 2376\n"}
,{"stream_name":"stdout","time":437.355490402,"data":"  },\n"}
,{"stream_name":"stdout","time":437.355492491,"data":"  \"split_binary_counts\": {\n"}
,{"stream_name":"stdout","time":437.355494735,"data":"    \"train\": {\n"}
,{"stream_name":"stdout","time":437.355496901,"data":"      \"0\": 9125,\n"}
,{"stream_name":"stdout","time":437.355499113,"data":"      \"1\": 1963\n"}
,{"stream_name":"stdout","time":437.355501278,"data":"    },\n"}
,{"stream_name":"stdout","time":437.355503387,"data":"    \"validation\": {\n"}
,{"stream_name":"stdout","time":437.355505607,"data":"      \"0\": 1955,\n"}
,{"stream_name":"stdout","time":437.355507763,"data":"      \"1\": 421\n"}
,{"stream_name":"stdout","time":437.355543938,"data":"    },\n"}
,{"stream_name":"stdout","time":437.355548593,"data":"    \"test\": {\n"}
,{"stream_name":"stdout","time":437.355552655,"data":"      \"0\": 1955,\n"}
,{"stream_name":"stdout","time":437.355556457,"data":"      \"1\": 421\n"}
,{"stream_name":"stdout","time":437.355560399,"data":"    }\n"}
,{"stream_name":"stdout","time":437.355564299,"data":"  },\n"}
,{"stream_name":"stdout","time":437.355568205,"data":"  \"class_weights\": [\n"}
,{"stream_name":"stdout","time":437.355572083,"data":"    0.6075616478919983,\n"}
,{"stream_name":"stdout","time":437.355581191,"data":"    2.8242485523223877\n"}
,{"stream_name":"stdout","time":437.35558468,"data":"  ],\n"}
,{"stream_name":"stdout","time":437.355587825,"data":"  \"prototype_manifest\": [\n"}
,{"stream_name":"stdout","time":437.355591141,"data":"    {\n"}
,{"stream_name":"stdout","time":437.355594316,"data":"      \"kind\": \"benign\",\n"}
,{"stream_name":"stdout","time":437.355597671,"data":"      \"cwe\": \"BENIGN\",\n"}
,{"stream_name":"stdout","time":437.355601106,"data":"      \"count\": 4\n"}
,{"stream_name":"stdout","time":437.355604474,"data":"    },\n"}
,{"stream_name":"stdout","time":437.355607733,"data":"    {\n"}
,{"stream_name":"stdout","time":437.355610845,"data":"      \"kind\": \"vulnerable\",\n"}
,{"stream_name":"stdout","time":437.355614193,"data":"      \"cwe\": \"VUDENC-TYPE-4\",\n"}
,{"stream_name":"stdout","time":437.355617631,"data":"      \"count\": 3,\n"}
,{"stream_name":"stdout","time":437.355622823,"data":"      \"train_samples\": 780\n"}
,{"stream_name":"stdout","time":437.355629209,"data":"    },\n"}
,{"stream_name":"stdout","time":437.355631638,"data":"    {\n"}
,{"stream_name":"stdout","time":437.355633724,"data":"      \"kind\": \"vulnerable\",\n"}
,{"stream_name":"stdout","time":437.355635911,"data":"      \"cwe\": \"VUDENC-TYPE-5\",\n"}
,{"stream_name":"stdout","time":437.355638106,"data":"      \"count\": 3,\n"}
,{"stream_name":"stdout","time":437.355640228,"data":"      \"train_samples\": 385\n"}
,{"stream_name":"stdout","time":437.35564238,"data":"    },\n"}
,{"stream_name":"stdout","time":437.355644479,"data":"    {\n"}
,{"stream_name":"stdout","time":437.355646633,"data":"      \"kind\": \"vulnerable\",\n"}
,{"stream_name":"stdout","time":437.355648823,"data":"      \"cwe\": \"VUDENC-TYPE-1\",\n"}
,{"stream_name":"stdout","time":437.355651014,"data":"      \"count\": 3,\n"}
,{"stream_name":"stdout","time":437.355653155,"data":"      \"train_samples\": 221\n"}
,{"stream_name":"stdout","time":437.355655372,"data":"    },\n"}
,{"stream_name":"stdout","time":437.355657471,"data":"    {\n"}
,{"stream_name":"stdout","time":437.35565956,"data":"      \"kind\": \"vulnerable\",\n"}
,{"stream_name":"stdout","time":437.355661809,"data":"      \"cwe\": \"VUDENC-TYPE-2\",\n"}
,{"stream_name":"stdout","time":437.355663988,"data":"      \"count\": 3,\n"}
,{"stream_name":"stdout","time":437.355666155,"data":"      \"train_samples\": 219\n"}
,{"stream_name":"stdout","time":437.355668373,"data":"    },\n"}
,{"stream_name":"stdout","time":437.355670464,"data":"    {\n"}
,{"stream_name":"stdout","time":437.355672543,"data":"      \"kind\": \"vulnerable\",\n"}
,{"stream_name":"stdout","time":437.355674712,"data":"      \"cwe\": \"VUDENC-TYPE-6\",\n"}
,{"stream_name":"stdout","time":437.355676891,"data":"      \"count\": 3,\n"}
,{"stream_name":"stdout","time":437.355679039,"data":"      \"train_samples\": 169\n"}
,{"stream_name":"stdout","time":437.355681204,"data":"    },\n"}
,{"stream_name":"stdout","time":437.355683322,"data":"    {\n"}
,{"stream_name":"stdout","time":437.355685504,"data":"      \"kind\": \"vulnerable\",\n"}
,{"stream_name":"stdout","time":437.355687791,"data":"      \"cwe\": \"VUDENC-TYPE-7\",\n"}
,{"stream_name":"stdout","time":437.355689968,"data":"      \"count\": 3,\n"}
,{"stream_name":"stdout","time":437.355692159,"data":"      \"train_samples\": 143\n"}
,{"stream_name":"stdout","time":437.355694356,"data":"    }\n"}
,{"stream_name":"stdout","time":437.355696453,"data":"  ],\n"}
,{"stream_name":"stdout","time":437.355700925,"data":"  \"prototype_shape\": [\n"}
,{"stream_name":"stdout","time":437.355703328,"data":"    22,\n"}
,{"stream_name":"stdout","time":437.35570546,"data":"    128\n"}
,{"stream_name":"stdout","time":437.35570757200003,"data":"  ],\n"}
,{"stream_name":"stdout","time":437.35570972,"data":"  \"warmup_last\": {\n"}
,{"stream_name":"stdout","time":437.355711884,"data":"    \"accuracy\": 0.872053861618042,\n"}
,{"stream_name":"stdout","time":437.355714115,"data":"    \"macro_f1\": 0.7049932364876786,\n"}
,{"stream_name":"stdout","time":437.355716329,"data":"    \"per_class_f1\": [\n"}
,{"stream_name":"stdout","time":437.355718517,"data":"      0.9269932756964457,\n"}
,{"stream_name":"stdout","time":437.355720874,"data":"      0.48299319727891155\n"}
,{"stream_name":"stdout","time":437.355722999,"data":"    ],\n"}
,{"stream_name":"stdout","time":437.35572511,"data":"    \"epoch\": 50,\n"}
,{"stream_name":"stdout","time":437.355729382,"data":"    \"train_loss\": 0.2928193090631375\n"}
,{"stream_name":"stdout","time":437.355731678,"data":"  },\n"}
,{"stream_name":"stdout","time":437.355733761,"data":"  \"head_last\": {\n"}
,{"stream_name":"stdout","time":437.355735931,"data":"    \"accuracy\": 0.8526936026936027,\n"}
,{"stream_name":"stdout","time":437.355738159,"data":"    \"balanced_accuracy\": 0.7995905498417482,\n"}
,{"stream_name":"stdout","time":437.355740443,"data":"    \"precision\": 0.5666041275797373,\n"}
,{"stream_name":"stdout","time":437.355742635,"data":"    \"recall\": 0.7173396674584323,\n"}
,{"stream_name":"stdout","time":437.355744831,"data":"    \"f1\": 0.6331236897274632,\n"}
,{"stream_name":"stdout","time":437.355747006,"data":"    \"confusion_matrix\": [\n"}
,{"stream_name":"stdout","time":437.355749188,"data":"      [\n"}
,{"stream_name":"stdout","time":437.355751333,"data":"        1724,\n"}
,{"stream_name":"stdout","time":437.355753482,"data":"        231\n"}
,{"stream_name":"stdout","time":437.355755608,"data":"      ],\n"}
,{"stream_name":"stdout","time":437.355757743,"data":"      [\n"}
,{"stream_name":"stdout","time":437.355759843,"data":"        119,\n"}
,{"stream_name":"stdout","time":437.35576196,"data":"        302\n"}
,{"stream_name":"stdout","time":437.355764065,"data":"      ]\n"}
,{"stream_name":"stdout","time":437.355766161,"data":"    ],\n"}
,{"stream_name":"stdout","time":437.355768241,"data":"    \"epoch\": 50,\n"}
,{"stream_name":"stdout","time":437.355770418,"data":"    \"train_loss\": 0.1827913373708725\n"}
,{"stream_name":"stdout","time":437.355772665,"data":"  },\n"}
,{"stream_name":"stdout","time":437.35577477,"data":"  \"test\": {\n"}
,{"stream_name":"stdout","time":437.355776952,"data":"    \"accuracy\": 0.8602693602693603,\n"}
,{"stream_name":"stdout","time":437.355779168,"data":"    \"balanced_accuracy\": 0.7902157206991027,\n"}
,{"stream_name":"stdout","time":437.355781425,"data":"    \"precision\": 0.5917525773195876,\n"}
,{"stream_name":"stdout","time":437.355783613,"data":"    \"recall\": 0.6817102137767221,\n"}
,{"stream_name":"stdout","time":437.355785808,"data":"    \"f1\": 0.6335540838852098,\n"}
,{"stream_name":"stdout","time":437.355788,"data":"    \"confusion_matrix\": [\n"}
,{"stream_name":"stdout","time":437.35579021,"data":"      [\n"}
,{"stream_name":"stdout","time":437.355792323,"data":"        1757,\n"}
,{"stream_name":"stdout","time":437.355794452,"data":"        198\n"}
,{"stream_name":"stdout","time":437.355796555,"data":"      ],\n"}
,{"stream_name":"stdout","time":437.35579868,"data":"      [\n"}
,{"stream_name":"stdout","time":437.355802826,"data":"        134,\n"}
,{"stream_name":"stdout","time":437.355805066,"data":"        287\n"}
,{"stream_name":"stdout","time":437.355807179,"data":"      ]\n"}
,{"stream_name":"stdout","time":437.355809296,"data":"    ]\n"}
,{"stream_name":"stdout","time":437.355811424,"data":"  }\n"}
,{"stream_name":"stdout","time":437.355813541,"data":"}\n"}
,{"stream_name":"stdout","time":439.355948802,"data":"{\n"}
,{"stream_name":"stdout","time":439.355974574,"data":"  \"config\": {\n"}
,{"stream_name":"stdout","time":439.355978804,"data":"    \"train_ratio\": 0.7,\n"}
,{"stream_name":"stdout","time":439.355982922,"data":"    \"val_ratio\": 0.15,\n"}
,{"stream_name":"stdout","time":439.355986412,"data":"    \"seed\": 202,\n"}
,{"stream_name":"stdout","time":439.355990151,"data":"    \"split_seed\": 101,\n"}
,{"stream_name":"stdout","time":439.355993532,"data":"    \"hidden_dim\": 128,\n"}
,{"stream_name":"stdout","time":439.355996755,"data":"    \"embedding_dim\": 128,\n"}
,{"stream_name":"stdout","time":439.356000074,"data":"    \"attention_dim\": 64,\n"}
,{"stream_name":"stdout","time":439.356003391,"data":"    \"value_dim\": 64,\n"}
,{"stream_name":"stdout","time":439.356006574,"data":"    \"gat_layers\": 3,\n"}
,{"stream_name":"stdout","time":439.356011506,"data":"    \"gat_heads\": 4,\n"}
,{"stream_name":"stdout","time":439.356018513,"data":"    \"dropout\": 0.3,\n"}
,{"stream_name":"stdout","time":439.356021386,"data":"    \"warmup_epochs\": 50,\n"}
,{"stream_name":"stdout","time":439.35602358,"data":"    \"head_epochs\": 50,\n"}
,{"stream_name":"stdout","time":439.356025761,"data":"    \"batch_size\": 16,\n"}
,{"stream_name":"stdout","time":439.35602799,"data":"    \"learning_rate\": 0.002,\n"}
,{"stream_name":"stdout","time":439.356030277,"data":"    \"head_learning_rate\": 0.002,\n"}
,{"stream_name":"stdout","time":439.356032644,"data":"    \"weight_decay\": 0.0001,\n"}
,{"stream_name":"stdout","time":439.356035021,"data":"    \"top_cwes\": 6,\n"}
,{"stream_name":"stdout","time":439.356037316,"data":"    \"prototypes_per_cwe\": 3,\n"}
,{"stream_name":"stdout","time":439.356039662,"data":"    \"benign_prototypes\": 4,\n"}
,{"stream_name":"stdout","time":439.356041994,"data":"    \"attention\": \"classical\",\n"}
,{"stream_name":"stdout","time":439.356044338,"data":"    \"n_qubits\": 10,\n"}
,{"stream_name":"stdout","time":439.356046632,"data":"    \"quantum_depth\": 5,\n"}
,{"stream_name":"stdout","time":439.356048853,"data":"    \"quantum_device\": \"default.qubit\"\n"}
,{"stream_name":"stdout","time":439.35605120499997,"data":"  },\n"}
,{"stream_name":"stdout","time":439.356053302,"data":"  \"split_mode\": \"standard\",\n"}
,{"stream_name":"stdout","time":439.356055635,"data":"  \"split_sizes\": {\n"}
,{"stream_name":"stdout","time":439.356057843,"data":"    \"train\": 11088,\n"}
,{"stream_name":"stdout","time":439.356060037,"data":"    \"validation\": 2376,\n"}
,{"stream_name":"stdout","time":439.35606225,"data":"    \"test\": 2376\n"}
,{"stream_name":"stdout","time":439.356064417,"data":"  },\n"}
,{"stream_name":"stdout","time":439.356066509,"data":"  \"split_binary_counts\": {\n"}
,{"stream_name":"stdout","time":439.356068736,"data":"    \"train\": {\n"}
,{"stream_name":"stdout","time":439.356087915,"data":"      \"0\": 9125,\n"}
,{"stream_name":"stdout","time":439.356091824,"data":"      \"1\": 1963\n"}
,{"stream_name":"stdout","time":439.356095007,"data":"    },\n"}
,{"stream_name":"stdout","time":439.356098695,"data":"    \"validation\": {\n"}
,{"stream_name":"stdout","time":439.356112304,"data":"      \"0\": 1955,\n"}
,{"stream_name":"stdout","time":439.35611555,"data":"      \"1\": 421\n"}
,{"stream_name":"stdout","time":439.356118717,"data":"    },\n"}
,{"stream_name":"stdout","time":439.356121682,"data":"    \"test\": {\n"}
,{"stream_name":"stdout","time":439.356124725,"data":"      \"0\": 1955,\n"}
,{"stream_name":"stdout","time":439.356127854,"data":"      \"1\": 421\n"}
,{"stream_name":"stdout","time":439.356130914,"data":"    }\n"}
,{"stream_name":"stdout","time":439.356134048,"data":"  },\n"}
,{"stream_name":"stdout","time":439.356137047,"data":"  \"class_weights\": [\n"}
,{"stream_name":"stdout","time":439.356140264,"data":"    0.6075616478919983,\n"}
,{"stream_name":"stdout","time":439.356143907,"data":"    2.8242485523223877\n"}
,{"stream_name":"stdout","time":439.356148048,"data":"  ],\n"}
,{"stream_name":"stdout","time":439.356151757,"data":"  \"prototype_manifest\": [\n"}
,{"stream_name":"stdout","time":439.356155436,"data":"    {\n"}
,{"stream_name":"stdout","time":439.356158495,"data":"      \"kind\": \"benign\",\n"}
,{"stream_name":"stdout","time":439.356162031,"data":"      \"cwe\": \"BENIGN\",\n"}
,{"stream_name":"stdout","time":439.356165385,"data":"      \"count\": 4\n"}
,{"stream_name":"stdout","time":439.356168553,"data":"    },\n"}
,{"stream_name":"stdout","time":439.356171789,"data":"    {\n"}
,{"stream_name":"stdout","time":439.356174926,"data":"      \"kind\": \"vulnerable\",\n"}
,{"stream_name":"stdout","time":439.35617831,"data":"      \"cwe\": \"VUDENC-TYPE-4\",\n"}
,{"stream_name":"stdout","time":439.356181589,"data":"      \"count\": 3,\n"}
,{"stream_name":"stdout","time":439.356184846,"data":"      \"train_samples\": 780\n"}
,{"stream_name":"stdout","time":439.356188074,"data":"    },\n"}
,{"stream_name":"stdout","time":439.356195324,"data":"    {\n"}
,{"stream_name":"stdout","time":439.35619903,"data":"      \"kind\": \"vulnerable\",\n"}
,{"stream_name":"stdout","time":439.356203064,"data":"      \"cwe\": \"VUDENC-TYPE-5\",\n"}
,{"stream_name":"stdout","time":439.356206487,"data":"      \"count\": 3,\n"}
,{"stream_name":"stdout","time":439.356209695,"data":"      \"train_samples\": 385\n"}
,{"stream_name":"stdout","time":439.356213112,"data":"    },\n"}
,{"stream_name":"stdout","time":439.35621653,"data":"    {\n"}
,{"stream_name":"stdout","time":439.356219835,"data":"      \"kind\": \"vulnerable\",\n"}
,{"stream_name":"stdout","time":439.356223234,"data":"      \"cwe\": \"VUDENC-TYPE-1\",\n"}
,{"stream_name":"stdout","time":439.356226712,"data":"      \"count\": 3,\n"}
,{"stream_name":"stdout","time":439.356230335,"data":"      \"train_samples\": 221\n"}
,{"stream_name":"stdout","time":439.356234269,"data":"    },\n"}
,{"stream_name":"stdout","time":439.356237601,"data":"    {\n"}
,{"stream_name":"stdout","time":439.356240602,"data":"      \"kind\": \"vulnerable\",\n"}
,{"stream_name":"stdout","time":439.35624385,"data":"      \"cwe\": \"VUDENC-TYPE-2\",\n"}
,{"stream_name":"stdout","time":439.356247141,"data":"      \"count\": 3,\n"}
,{"stream_name":"stdout","time":439.356250526,"data":"      \"train_samples\": 219\n"}
,{"stream_name":"stdout","time":439.356254029,"data":"    },\n"}
,{"stream_name":"stdout","time":439.356258142,"data":"    {\n"}
,{"stream_name":"stdout","time":439.356261607,"data":"      \"kind\": \"vulnerable\",\n"}
,{"stream_name":"stdout","time":439.356265,"data":"      \"cwe\": \"VUDENC-TYPE-6\",\n"}
,{"stream_name":"stdout","time":439.356268425,"data":"      \"count\": 3,\n"}
,{"stream_name":"stdout","time":439.356278,"data":"      \"train_samples\": 169\n"}
,{"stream_name":"stdout","time":439.356282028,"data":"    },\n"}
,{"stream_name":"stdout","time":439.35628581,"data":"    {\n"}
,{"stream_name":"stdout","time":439.356289052,"data":"      \"kind\": \"vulnerable\",\n"}
,{"stream_name":"stdout","time":439.356292472,"data":"      \"cwe\": \"VUDENC-TYPE-7\",\n"}
,{"stream_name":"stdout","time":439.356296037,"data":"      \"count\": 3,\n"}
,{"stream_name":"stdout","time":439.356299365,"data":"      \"train_samples\": 143\n"}
,{"stream_name":"stdout","time":439.356302825,"data":"    }\n"}
,{"stream_name":"stdout","time":439.356306278,"data":"  ],\n"}
,{"stream_name":"stdout","time":439.356309542,"data":"  \"prototype_shape\": [\n"}
,{"stream_name":"stdout","time":439.356313269,"data":"    22,\n"}
,{"stream_name":"stdout","time":439.35631711,"data":"    128\n"}
,{"stream_name":"stdout","time":439.356320402,"data":"  ],\n"}
,{"stream_name":"stdout","time":439.356323597,"data":"  \"warmup_last\": {\n"}
,{"stream_name":"stdout","time":439.356326861,"data":"    \"accuracy\": 0.872053861618042,\n"}
,{"stream_name":"stdout","time":439.356330239,"data":"    \"macro_f1\": 0.7049932364876786,\n"}
,{"stream_name":"stdout","time":439.356334392,"data":"    \"per_class_f1\": [\n"}
,{"stream_name":"stdout","time":439.356338467,"data":"      0.9269932756964457,\n"}
,{"stream_name":"stdout","time":439.356349071,"data":"      0.48299319727891155\n"}
,{"stream_name":"stdout","time":439.356352516,"data":"    ],\n"}
,{"stream_name":"stdout","time":439.356355709,"data":"    \"epoch\": 50,\n"}
,{"stream_name":"stdout","time":439.356361445,"data":"    \"train_loss\": 0.2928193090631375\n"}
,{"stream_name":"stdout","time":439.356364915,"data":"  },\n"}
,{"stream_name":"stdout","time":439.356368114,"data":"  \"head_last\": {\n"}
,{"stream_name":"stdout","time":439.356371515,"data":"    \"accuracy\": 0.8526936026936027,\n"}
,{"stream_name":"stdout","time":439.356374866,"data":"    \"balanced_accuracy\": 0.7995905498417482,\n"}
,{"stream_name":"stdout","time":439.356378324,"data":"    \"precision\": 0.5666041275797373,\n"}
,{"stream_name":"stdout","time":439.356381725,"data":"    \"recall\": 0.7173396674584323,\n"}
,{"stream_name":"stdout","time":439.356385062,"data":"    \"f1\": 0.6331236897274632,\n"}
,{"stream_name":"stdout","time":439.356388839,"data":"    \"confusion_matrix\": [\n"}
,{"stream_name":"stdout","time":439.356394435,"data":"      [\n"}
,{"stream_name":"stdout","time":439.356398179,"data":"        1724,\n"}
,{"stream_name":"stdout","time":439.356402348,"data":"        231\n"}
,{"stream_name":"stdout","time":439.356406131,"data":"      ],\n"}
,{"stream_name":"stdout","time":439.356410108,"data":"      [\n"}
,{"stream_name":"stdout","time":439.35641373,"data":"        119,\n"}
,{"stream_name":"stdout","time":439.356417038,"data":"        302\n"}
,{"stream_name":"stdout","time":439.356420239,"data":"      ]\n"}
,{"stream_name":"stdout","time":439.356424051,"data":"    ],\n"}
,{"stream_name":"stdout","time":439.356427849,"data":"    \"epoch\": 50,\n"}
,{"stream_name":"stdout","time":439.356431645,"data":"    \"train_loss\": 0.1827913373708725\n"}
,{"stream_name":"stdout","time":439.356434924,"data":"  },\n"}
,{"stream_name":"stdout","time":439.356438148,"data":"  \"test\": {\n"}
,{"stream_name":"stdout","time":439.35644151,"data":"    \"accuracy\": 0.8602693602693603,\n"}
,{"stream_name":"stdout","time":439.356444965,"data":"    \"balanced_accuracy\": 0.7902157206991027,\n"}
,{"stream_name":"stdout","time":439.356456062,"data":"    \"precision\": 0.5917525773195876,\n"}
,{"stream_name":"stdout","time":439.356459705,"data":"    \"recall\": 0.6817102137767221,\n"}
,{"stream_name":"stdout","time":439.356463169,"data":"    \"f1\": 0.6335540838852098,\n"}
,{"stream_name":"stdout","time":439.35646664,"data":"    \"confusion_matrix\": [\n"}
,{"stream_name":"stdout","time":439.356469955,"data":"      [\n"}
,{"stream_name":"stdout","time":439.356473187,"data":"        1757,\n"}
,{"stream_name":"stdout","time":439.356476388,"data":"        198\n"}
,{"stream_name":"stdout","time":439.356479598,"data":"      ],\n"}
,{"stream_name":"stdout","time":439.356482695,"data":"      [\n"}
,{"stream_name":"stdout","time":439.356486093,"data":"        134,\n"}
,{"stream_name":"stdout","time":439.356489697,"data":"        287\n"}
,{"stream_name":"stdout","time":439.356493091,"data":"      ]\n"}
,{"stream_name":"stdout","time":439.35649641,"data":"    ]\n"}
,{"stream_name":"stdout","time":439.356499715,"data":"  }\n"}
,{"stream_name":"stdout","time":439.356503064,"data":"}\n"}
,{"stream_name":"stdout","time":439.356506289,"data":"\n"}
,{"stream_name":"stderr","time":442.288077398,"data":"/usr/local/lib/python3.12/dist-packages/mistune.py:435: SyntaxWarning: invalid escape sequence '\\|'\n"}
,{"stream_name":"stderr","time":442.288104674,"data":"  cells[i][c] = re.sub('\\\\\\\\\\|', '|', cell)\n"}
,{"stream_name":"stderr","time":442.42603614,"data":"/usr/local/lib/python3.12/dist-packages/nbconvert/filters/filter_links.py:36: SyntaxWarning: invalid escape sequence '\\_'\n"}
,{"stream_name":"stderr","time":442.426059306,"data":"  text = re.sub(r'_', '\\_', text) # Escape underscores in display text\n"}
,{"stream_name":"stderr","time":443.042106146,"data":"[NbConvertApp] Converting notebook __notebook__.ipynb to notebook\n"}
,{"stream_name":"stderr","time":443.329659554,"data":"[NbConvertApp] Writing 17721 bytes to __notebook__.ipynb\n"}
,{"stream_name":"stderr","time":445.596876124,"data":"[NbConvertApp] Converting notebook __notebook__.ipynb to html\n"}
,{"stream_name":"stderr","time":446.356029342,"data":"[NbConvertApp] Writing 295251 bytes to __results__.html\n"}
]