[{"stream_name":"stderr","time":5.275744016,"data":"/usr/local/lib/python3.12/dist-packages/nbformat/__init__.py:96: MissingIDFieldWarning: Cell is missing an id field, this will become a hard error in future nbformat versions. You may want to use `normalize()` on your notebooks before validations (available since nbformat 5.1.4). Previous versions of nbformat are fixing this issue transparently, and will stop doing so in the future.\n"}
,{"stream_name":"stderr","time":5.275813363,"data":"  validate(nb)\n"}
,{"stream_name":"stderr","time":6.01595315,"data":"0.00s - Debugger warning: It seems that frozen modules are being used, which may\n"}
,{"stream_name":"stderr","time":6.015989672,"data":"0.00s - make the debugger miss breakpoints. Please pass -Xfrozen_modules=off\n"}
,{"stream_name":"stderr","time":6.015995895,"data":"0.00s - to python to disable frozen modules.\n"}
,{"stream_name":"stderr","time":6.0160029250000004,"data":"0.00s - Note: Debugging will proceed. Set PYDEVD_DISABLE_FILE_VALIDATION=1 to disable this validation.\n"}
,{"stream_name":"stderr","time":6.56375457,"data":"0.00s - Debugger warning: It seems that frozen modules are being used, which may\n"}
,{"stream_name":"stderr","time":6.56378648,"data":"0.00s - make the debugger miss breakpoints. Please pass -Xfrozen_modules=off\n"}
,{"stream_name":"stderr","time":6.563791469,"data":"0.00s - to python to disable frozen modules.\n"}
,{"stream_name":"stderr","time":6.563795135,"data":"0.00s - Note: Debugging will proceed. Set PYDEVD_DISABLE_FILE_VALIDATION=1 to disable this validation.\n"}
,{"stream_name":"stdout","time":9.461348904,"data":"\u001b[?25l     \u001b[90m━━━━━━━━━━━━━━━━━━━━━━━━━━━━━━━━━━━━━━━━\u001b[0m \u001b[32m0.0/64.4 kB\u001b[0m \u001b[31m?\u001b[0m eta \u001b[36m-:--:--\u001b[0m\r\u001b[2K     \u001b[90m━━━━━━━━━━━━━━━━━━━━━━━━━━━━━━━━━━━━━━━━\u001b[0m \u001b[32m64.4/64.4 kB\u001b[0m \u001b[31m4.3 MB/s\u001b[0m eta \u001b[36m0:00:00\u001b[0m\r\n"}
,{"stream_name":"stdout","time":10.068646867,"data":"\u001b[?25h\u001b[?25l     \u001b[90m━━━━━━━━━━━━━━━━━━━━━━━━━━━━━━━━━━━━━━━━\u001b[0m \u001b[32m0.0/57.3 kB\u001b[0m \u001b[31m?\u001b[0m eta \u001b[36m-:--:--\u001b[0m\r\u001b[2K     \u001b[90m━━━━━━━━━━━━━━━━━━━━━━━━━━━━━━━━━━━━━━━━\u001b[0m \u001b[32m57.3/57.3 kB\u001b[0m \u001b[31m4.6 MB/s\u001b[0m eta \u001b[36m0:00:00\u001b[0m\r\n"}
,{"stream_name":"stdout","time":10.169592633,"data":"\u001b[?25h\u001b[?25l   \u001b[90m━━━━━━━━━━━━━━━━━━━━━━━━━━━━━━━━━━━━━━━━\u001b[0m \u001b[32m0.0/1.3 MB\u001b[0m \u001b[31m?\u001b[0m eta \u001b[36m-:--:--\u001b[0m\r\u001b[2K   \u001b[90m━━━━━━━━━━━━━━━━━━━━━━━━━━━━━━━━━━━━━━━━\u001b[0m \u001b[32m1.3/1.3 MB\u001b[0m \u001b[31m61.9 MB/s\u001b[0m eta \u001b[36m0:00:00\u001b[0m\r\n"}
,{"stream_name":"stdout","time":10.271193582,"data":"\u001b[?25h\u001b[?25l   \u001b[90m━━━━━━━━━━━━━━━━━━━━━━━━━━━━━━━━━━━━━━━━\u001b[0m \u001b[32m0.0/5.4 MB\u001b[0m \u001b[31m?\u001b[0m eta \u001b[36m-:--:--\u001b[0m\r\u001b[2K   \u001b[91m━━━━━━━━━━━━━━━━━━━━━━━━━\u001b[0m\u001b[91m╸\u001b[0m\u001b[90m━━━━━━━━━━━━━━\u001b[0m \u001b[32m3.5/5.4 MB\u001b[0m \u001b[31m105.2 MB/s\u001b[0m eta \u001b[36m0:00:01\u001b[0m\r\u001b[2K   \u001b[90m━━━━━━━━━━━━━━━━━━━━━━━━━━━━━━━━━━━━━━━━\u001b[0m \u001b[32m5.4/5.4 MB\u001b[0m \u001b[31m80.7 MB/s\u001b[0m eta \u001b[36m0:00:00\u001b[0m\r\n"}
,{"stream_name":"stdout","time":10.321858624,"data":"\u001b[?25h\u001b[?25l   \u001b[90m━━━━━━━━━━━━━━━━━━━━━━━━━━━━━━━━━━━━━━━━\u001b[0m \u001b[32m0.0/937.5 kB\u001b[0m \u001b[31m?\u001b[0m eta \u001b[36m-:--:--\u001b[0m\r\u001b[2K   \u001b[90m━━━━━━━━━━━━━━━━━━━━━━━━━━━━━━━━━━━━━━━━\u001b[0m \u001b[32m937.5/937.5 kB\u001b[0m \u001b[31m50.5 MB/s\u001b[0m eta \u001b[36m0:00:00\u001b[0m\r\n"}
,{"stream_name":"stdout","time":10.677030021,"data":"\u001b[?25h\u001b[?25l   \u001b[90m━━━━━━━━━━━━━━━━━━━━━━━━━━━━━━━━━━━━━━━━\u001b[0m \u001b[32m0.0/25.5 MB\u001b[0m \u001b[31m?\u001b[0m eta \u001b[36m-:--:--\u001b[0m\r\u001b[2K   \u001b[91m━━\u001b[0m\u001b[91m╸\u001b[0m\u001b[90m━━━━━━━━━━━━━━━━━━━━━━━━━━━━━━━━━━━━━\u001b[0m \u001b[32m1.8/25.5 MB\u001b[0m \u001b[31m61.7 MB/s\u001b[0m eta \u001b[36m0:00:01\u001b[0m\r\u001b[2K   \u001b[91m━━━━━━\u001b[0m\u001b[91m╸\u001b[0m\u001b[90m━━━━━━━━━━━━━━━━━━━━━━━━━━━━━━━━━\u001b[0m \u001b[32m4.4/25.5 MB\u001b[0m \u001b[31m66.4 MB/s\u001b[0m eta \u001b[36m0:00:01\u001b[0m\r\u001b[2K   \u001b[91m━━━━━━━━━━━\u001b[0m\u001b[91m╸\u001b[0m\u001b[90m━━━━━━━━━━━━━━━━━━━━━━━━━━━━\u001b[0m \u001b[32m7.3/25.5 MB\u001b[0m \u001b[31m71.4 MB/s\u001b[0m eta \u001b[36m0:00:01\u001b[0m\r\u001b[2K   \u001b[91m━━━━━━━━━━━━━━━━\u001b[0m\u001b[91m╸\u001b[0m\u001b[90m━━━━━━━━━━━━━━━━━━━━━━━\u001b[0m \u001b[32m10.6/25.5 MB\u001b[0m \u001b[31m74.8 MB/s\u001b[0m eta \u001b[36m0:00:01\u001b[0m\r\u001b[2K   \u001b[91m━━━━━━━━━━━━━━━━━━━━━\u001b[0m\u001b[90m╺\u001b[0m\u001b[90m━━━━━━━━━━━━━━━━━━\u001b[0m \u001b[32m13.7/25.5 MB\u001b[0m \u001b[31m88.1 MB/s\u001b[0m eta \u001b[36m0:00:01\u001b[0m\r\u001b[2K   \u001b[91m━━━━━━━━━━━━━━━━━━━━━━━━━━━\u001b[0m\u001b[90m╺\u001b[0m\u001b[90m━━━━━━━━━━━━\u001b[0m \u001b[32m17.4/25.5 MB\u001b[0m \u001b[31m90.6 MB/s\u001b[0m eta \u001b[36m0:00:01\u001b[0m\r\u001b[2K   \u001b[91m━━━━━━━━━━━━━━━━━━━━━━━━━━━━━━━━━\u001b[0m\u001b[90m╺\u001b[0m\u001b[90m━━━━━━\u001b[0m \u001b[32m21.2/25.5 MB\u001b[0m \u001b[31m100.5 MB/s\u001b[0m eta \u001b[36m0:00:01\u001b[0m\r\u001b[2K   \u001b[91m━━━━━━━━━━━━━━━━━━━━━━━━━━━━━━━━━━━━━━━\u001b[0m\u001b[90m╺\u001b[0m \u001b[32m25.1/25.5 MB\u001b[0m \u001b[31m113.2 MB/s\u001b[0m eta \u001b[36m0:00:01\u001b[0m\r\u001b[2K   \u001b[91m━━━━━━━━━━━━━━━━━━━━━━━━━━━━━━━━━━━━━━━\u001b[0m\u001b[91m╸\u001b[0m \u001b[32m25.5/25.5 MB\u001b[0m \u001b[31m112.0 MB/s\u001b[0m eta \u001b[36m0:00:01\u001b[0m\r\u001b[2K   \u001b[91m━━━━━━━━━━━━━━━━━━━━━━━━━━━━━━━━━━━━━━━\u001b[0m\u001b[91m╸\u001b[0m \u001b[32m25.5/25.5 MB\u001b[0m \u001b[31m112.0 MB/s\u001b[0m eta \u001b[36m0:00:01\u001b[0m\r\u001b[2K   \u001b[90m━━━━━━━━━━━━━━━━━━━━━━━━━━━━━━━━━━━━━━━━\u001b[0m \u001b[32m25.5/25.5 MB\u001b[0m \u001b[31m54.7 MB/s\u001b[0m eta \u001b[36m0:00:00\u001b[0m\r\n"}
,{"stream_name":"stdout","time":10.778719054,"data":"\u001b[?25h\u001b[?25l   \u001b[90m━━━━━━━━━━━━━━━━━━━━━━━━━━━━━━━━━━━━━━━━\u001b[0m \u001b[32m0.0/2.4 MB\u001b[0m \u001b[31m?\u001b[0m eta \u001b[36m-:--:--\u001b[0m\r\u001b[2K   \u001b[91m━━━━━━━━━━━━━━━━━\u001b[0m\u001b[90m╺\u001b[0m\u001b[90m━━━━━━━━━━━━━━━━━━━━━━\u001b[0m \u001b[32m1.0/2.4 MB\u001b[0m \u001b[31m34.8 MB/s\u001b[0m eta \u001b[36m0:00:01\u001b[0m\r\u001b[2K   \u001b[91m━━━━━━━━━━━━━━━━━━━━━━━━━━━━━━━━━━━━━━━\u001b[0m\u001b[91m╸\u001b[0m \u001b[32m2.4/2.4 MB\u001b[0m \u001b[31m45.6 MB/s\u001b[0m eta \u001b[36m0:00:01\u001b[0m\r\u001b[2K   \u001b[90m━━━━━━━━━━━━━━━━━━━━━━━━━━━━━━━━━━━━━━━━\u001b[0m \u001b[32m2.4/2.4 MB\u001b[0m \u001b[31m33.3 MB/s\u001b[0m eta \u001b[36m0:00:00\u001b[0m\r\n"}
,{"stream_name":"stdout","time":10.829736897,"data":"\u001b[?25h\u001b[?25l   \u001b[90m━━━━━━━━━━━━━━━━━━━━━━━━━━━━━━━━━━━━━━━━\u001b[0m \u001b[32m0.0/167.2 kB\u001b[0m \u001b[31m?\u001b[0m eta \u001b[36m-:--:--\u001b[0m\r\u001b[2K   \u001b[90m━━━━━━━━━━━━━━━━━━━━━━━━━━━━━━━━━━━━━━━━\u001b[0m \u001b[32m167.2/167.2 kB\u001b[0m \u001b[31m12.8 MB/s\u001b[0m eta \u001b[36m0:00:00\u001b[0m\r\n"}
,{"stream_name":"stdout","time":10.982129867,"data":"\u001b[?25h\u001b[?25l   \u001b[90m━━━━━━━━━━━━━━━━━━━━━━━━━━━━━━━━━━━━━━━━\u001b[0m \u001b[32m0.0/8.8 MB\u001b[0m \u001b[31m?\u001b[0m eta \u001b[36m-:--:--\u001b[0m\r\u001b[2K   \u001b[91m━━━━━━━━━━━━━━━\u001b[0m\u001b[90m╺\u001b[0m\u001b[90m━━━━━━━━━━━━━━━━━━━━━━━━\u001b[0m \u001b[32m3.4/8.8 MB\u001b[0m \u001b[31m101.6 MB/s\u001b[0m eta \u001b[36m0:00:01\u001b[0m\r\u001b[2K   \u001b[91m━━━━━━━━━━━━━━━━━━━━━━━━━━━━━━━━━━━\u001b[0m\u001b[91m╸\u001b[0m\u001b[90m━━━━\u001b[0m \u001b[32m7.9/8.8 MB\u001b[0m \u001b[31m116.0 MB/s\u001b[0m eta \u001b[36m0:00:01\u001b[0m\r\u001b[2K   \u001b[91m━━━━━━━━━━━━━━━━━━━━━━━━━━━━━━━━━━━━━━━\u001b[0m\u001b[91m╸\u001b[0m \u001b[32m8.8/8.8 MB\u001b[0m \u001b[31m115.5 MB/s\u001b[0m eta \u001b[36m0:00:01\u001b[0m\r\u001b[2K   \u001b[90m━━━━━━━━━━━━━━━━━━━━━━━━━━━━━━━━━━━━━━━━\u001b[0m \u001b[32m8.8/8.8 MB\u001b[0m \u001b[31m70.6 MB/s\u001b[0m eta \u001b[36m0:00:00\u001b[0m\r\n"}
,{"stream_name":"stdout","time":25.077279497,"data":"\u001b[?25hpython /kaggle/input/datasets/khangtrn2/pagvul-cross-benchmark-generalization-assets/evaluate_cross_dataset.py --graph benchmarkpython=/kaggle/input/datasets/khangtrn2/benchmarkpython-pagvul-binary-assets/benchmarkpython_binary_graphs.pt --graph vudenc=/kaggle/input/datasets/khangtrn2/vudenc-pagvul-binary-assets/vudenc_binary_graphs.pt --graph realvuln_human=/kaggle/input/datasets/khangtrn2/realvuln-human-pagvul-binary-assets/realvuln_human_binary_graphs.pt --runs-root /kaggle/input/datasets/khangtrn2/pagvul-cross-benchmark-generalization-assets/runs --output /kaggle/working/generalization_results --device cuda --graph-batch-size 64\n"}
,{"stream_name":"stdout","time":125.777364663,"data":"# Cross-benchmark generalization\n"}
,{"stream_name":"stdout","time":125.777396204,"data":"\n"}
,{"stream_name":"stdout","time":125.777406354,"data":"| Train → Test | Method | Accuracy | Bal. Acc. | Precision | Recall | F1 |\n"}
,{"stream_name":"stdout","time":125.777410591,"data":"| --- | --- | ---: | ---: | ---: | ---: | ---: |\n"}
,{"stream_name":"stdout","time":125.777464959,"data":"| benchmarkpython → realvuln_human | Classical | 47.33% ± 8.47% | 50.07% ± 3.16% | 84.09% ± 1.74% | 46.04% ± 12.28% | 58.82% ± 10.63% |\n"}
,{"stream_name":"stdout","time":125.777470505,"data":"| benchmarkpython → realvuln_human | Quantum | 51.35% ± 7.73% | 50.32% ± 6.18% | 83.89% ± 3.36% | 51.84% ± 8.62% | 63.90% ± 7.69% |\n"}
,{"stream_name":"stdout","time":125.777475274,"data":"| benchmarkpython → vudenc | Classical | 35.78% ± 5.92% | 40.87% ± 3.15% | 13.60% ± 1.14% | 48.75% ± 3.42% | 21.23% ± 1.41% |\n"}
,{"stream_name":"stdout","time":125.77748017,"data":"| benchmarkpython → vudenc | Quantum | 31.22% ± 6.54% | 41.60% ± 3.09% | 14.32% ± 1.06% | 57.68% ± 6.44% | 22.91% ± 1.54% |\n"}
,{"stream_name":"stdout","time":125.777484461,"data":"| realvuln_human → benchmarkpython | Classical | 36.78% ± 0.05% | 50.02% ± 0.04% | 36.76% ± 0.02% | 100.00% ± 0.00% | 53.76% ± 0.02% |\n"}
,{"stream_name":"stdout","time":125.777488478,"data":"| realvuln_human → benchmarkpython | Quantum | 36.75% ± 0.00% | 50.00% ± 0.00% | 36.75% ± 0.00% | 100.00% ± 0.00% | 53.75% ± 0.00% |\n"}
,{"stream_name":"stdout","time":125.777492447,"data":"| realvuln_human → vudenc | Classical | 32.39% ± 4.76% | 52.03% ± 2.60% | 18.50% ± 1.04% | 82.42% ± 2.60% | 30.20% ± 1.36% |\n"}
,{"stream_name":"stdout","time":125.77749632,"data":"| realvuln_human → vudenc | Quantum | 29.02% ± 3.16% | 51.86% ± 0.99% | 18.36% ± 0.37% | 87.23% ± 2.96% | 30.33% ± 0.42% |\n"}
,{"stream_name":"stdout","time":125.777500242,"data":"| vudenc → benchmarkpython | Classical | 39.57% ± 2.05% | 48.83% ± 1.47% | 36.09% ± 0.78% | 83.78% ± 8.10% | 50.40% ± 2.04% |\n"}
,{"stream_name":"stdout","time":125.77750419,"data":"| vudenc → benchmarkpython | Quantum | 39.32% ± 2.72% | 47.93% ± 1.62% | 35.60% ± 0.84% | 80.38% ± 6.11% | 49.30% ± 1.42% |\n"}
,{"stream_name":"stdout","time":125.777508174,"data":"| vudenc → realvuln_human | Classical | 42.85% ± 3.71% | 46.62% ± 1.45% | 81.76% ± 1.11% | 41.07% ± 4.83% | 54.58% ± 4.54% |\n"}
,{"stream_name":"stdout","time":125.777512221,"data":"| vudenc → realvuln_human | Quantum | 44.55% ± 2.58% | 46.07% ± 4.84% | 81.66% ± 2.92% | 43.83% ± 1.84% | 57.03% ± 2.13% |\n"}
,{"stream_name":"stdout","time":125.777516238,"data":"\n"}
,{"stream_name":"stderr","time":128.60601863,"data":"/usr/local/lib/python3.12/dist-packages/mistune.py:435: SyntaxWarning: invalid escape sequence '\\|'\n"}
,{"stream_name":"stderr","time":128.606044836,"data":"  cells[i][c] = re.sub('\\\\\\\\\\|', '|', cell)\n"}
,{"stream_name":"stderr","time":128.743948654,"data":"/usr/local/lib/python3.12/dist-packages/nbconvert/filters/filter_links.py:36: SyntaxWarning: invalid escape sequence '\\_'\n"}
,{"stream_name":"stderr","time":128.743975611,"data":"  text = re.sub(r'_', '\\_', text) # Escape underscores in display text\n"}
,{"stream_name":"stderr","time":129.327204108,"data":"[NbConvertApp] Converting notebook __notebook__.ipynb to notebook\n"}
,{"stream_name":"stderr","time":129.615282042,"data":"[NbConvertApp] Writing 10787 bytes to __notebook__.ipynb\n"}
,{"stream_name":"stderr","time":131.949403556,"data":"[NbConvertApp] Converting notebook __notebook__.ipynb to html\n"}
,{"stream_name":"stderr","time":132.715383125,"data":"[NbConvertApp] Writing 289509 bytes to __results__.html\n"}
]