WARNING: A terminally deprecated method in sun.misc.Unsafe has been called
WARNING: sun.misc.Unsafe::objectFieldOffset has been called by scala.runtime.LazyVals$ (file:/home/khang/bin/joern/joern-cli/lib/org.scala-lang.scala3-library_3-3.7.4.jar)
WARNING: Please consider reporting this to the maintainers of class scala.runtime.LazyVals$
WARNING: sun.misc.Unsafe::objectFieldOffset will be removed in a future release
WARNING: A terminally deprecated method in sun.misc.Unsafe has been called
WARNING: sun.misc.Unsafe::objectFieldOffset has been called by scala.runtime.LazyVals$ (file:/home/khang/bin/joern/joern-cli/lib/org.scala-lang.scala3-library_3-3.7.4.jar)
WARNING: Please consider reporting this to the maintainers of class scala.runtime.LazyVals$
WARNING: sun.misc.Unsafe::objectFieldOffset will be removed in a future release
executing /mnt/c/users/gulli/downloads/python-vulcode-detection/scripts/export_benchmarkpython_cpg.sc with params=Map(files -> /mnt/c/users/gulli/downloads/python-vulcode-detection/artifacts/realvuln_human_binary_pyg/selected_files.txt, output -> /mnt/c/users/gulli/downloads/python-vulcode-detection/artifacts/realvuln_human_binary_pyg/joern_graphs.jsonl)
Creating project `cpg.bin` for CPG at `/mnt/c/users/gulli/downloads/python-vulcode-detection/CPG/RealVulnHuman/cpg.bin`
Creating working copy of CPG to be safe
Loading base CPG from: /mnt/c/users/gulli/downloads/python-vulcode-detection/artifacts/realvuln_human_binary_pyg/realvuln-human-joern-6w4j0_9r/workspace/cpg.bin/cpg.bin.tmp
[INFO ] initialising from existing storage (/mnt/c/users/gulli/downloads/python-vulcode-detection/artifacts/realvuln_human_binary_pyg/realvuln-human-joern-6w4j0_9r/workspace/cpg.bin/cpg.bin.tmp)
WARNING: A restricted method in java.lang.System has been called
WARNING: java.lang.System::load has been called by com.github.luben.zstd.util.Native$2 in an unnamed module (file:/home/khang/bin/joern/joern-cli/lib/com.github.luben.zstd-jni-1.5.7-2.jar)
WARNING: Use --enable-native-access=ALL-UNNAMED to avoid a warning for callers in this module
WARNING: Restricted methods will be blocked in a future release unless native access is enabled

Overlay dataflowOss already exists - skipping
The graph has been modified. You may want to use the `save` command to persist changes to disk.  All changes will also be saved collectively on exit
[INFO ] Start of pass: io.joern.x2cpg.frontendspecific.pysrc2cpg.ImportsPass
[INFO ] Pass io.joern.x2cpg.frontendspecific.pysrc2cpg.ImportsPass completed in 120 ms (37% on mutations). 840 + 0 changes committed from 280 parts.
[INFO ] Start of pass: io.joern.x2cpg.frontendspecific.pysrc2cpg.PythonImportResolverPass
[INFO ] Pass io.joern.x2cpg.frontendspecific.pysrc2cpg.PythonImportResolverPass completed in 264 ms (3% on mutations). 1412 + 0 changes committed from 560 parts.
[INFO ] Start of pass: io.joern.x2cpg.frontendspecific.pysrc2cpg.DynamicTypeHintFullNamePass
[INFO ] Pass io.joern.x2cpg.frontendspecific.pysrc2cpg.DynamicTypeHintFullNamePass completed in 52 ms (6% on mutations). 1 + 0 changes committed from 159 parts.
[INFO ] Start of pass: io.joern.x2cpg.frontendspecific.pysrc2cpg.PythonInheritanceNamePass
[INFO ] Pass io.joern.x2cpg.frontendspecific.pysrc2cpg.PythonInheritanceNamePass completed in 38 ms (12% on mutations). 4 + 0 changes committed from 41 parts.
[INFO ] Start of pass: io.joern.x2cpg.frontendspecific.pysrc2cpg.PythonTypeRecovery
[INFO ] Pass io.joern.x2cpg.frontendspecific.pysrc2cpg.PythonTypeRecovery completed in 522 ms (3% on mutations). 3567 + 0 changes committed from 467 parts.
[INFO ] Start of pass: io.joern.x2cpg.frontendspecific.pysrc2cpg.PythonTypeRecovery
[INFO ] Pass io.joern.x2cpg.frontendspecific.pysrc2cpg.PythonTypeRecovery completed in 393 ms (7% on mutations). 7563 + 0 changes committed from 467 parts.
[INFO ] Start of pass: io.joern.x2cpg.frontendspecific.pysrc2cpg.PythonTypeHintCallLinker
[INFO ] Pass io.joern.x2cpg.frontendspecific.pysrc2cpg.PythonTypeHintCallLinker completed in 138 ms (3% on mutations). 95 + 0 changes committed from 1 parts.
[INFO ] Start of pass: io.joern.x2cpg.passes.callgraph.NaiveCallLinker
[INFO ] Pass io.joern.x2cpg.passes.callgraph.NaiveCallLinker completed in 16 ms (6% on mutations). 0 + 0 changes committed from 1 parts.
[INFO ] Start of pass: io.joern.x2cpg.passes.base.AstLinkerPass
[INFO ] Pass io.joern.x2cpg.passes.base.AstLinkerPass completed in 9 ms (14% on mutations). 2 + 0 changes committed from 1 parts.
Exported 431 graphs; 35 selected files had no AST nodes.
[INFO ] writing to storage at `/mnt/c/users/gulli/downloads/python-vulcode-detection/artifacts/realvuln_human_binary_pyg/realvuln-human-joern-6w4j0_9r/workspace/cpg.bin/cpg.bin.tmp`
[INFO ] closed graph at /mnt/c/users/gulli/downloads/python-vulcode-detection/artifacts/realvuln_human_binary_pyg/realvuln-human-joern-6w4j0_9r/workspace/cpg.bin/cpg.bin.tmp
closing/saving project `cpg.bin`
