[{"stream_name":"stderr","time":8.290199642,"data":"/usr/local/lib/python3.12/dist-packages/nbformat/__init__.py:96: MissingIDFieldWarning: Cell is missing an id field, this will become a hard error in future nbformat versions. You may want to use `normalize()` on your notebooks before validations (available since nbformat 5.1.4). Previous versions of nbformat are fixing this issue transparently, and will stop doing so in the future.\n"}
,{"stream_name":"stderr","time":8.290271104,"data":"  validate(nb)\n"}
,{"stream_name":"stderr","time":9.655844457,"data":"0.00s - Debugger warning: It seems that frozen modules are being used, which may\n"}
,{"stream_name":"stderr","time":9.655883298,"data":"0.00s - make the debugger miss breakpoints. Please pass -Xfrozen_modules=off\n"}
,{"stream_name":"stderr","time":9.6558931,"data":"0.00s - to python to disable frozen modules.\n"}
,{"stream_name":"stderr","time":9.655896152,"data":"0.00s - Note: Debugging will proceed. Set PYDEVD_DISABLE_FILE_VALIDATION=1 to disable this validation.\n"}
,{"stream_name":"stderr","time":10.501875576,"data":"0.00s - Debugger warning: It seems that frozen modules are being used, which may\n"}
,{"stream_name":"stderr","time":10.501917946,"data":"0.00s - make the debugger miss breakpoints. Please pass -Xfrozen_modules=off\n"}
,{"stream_name":"stderr","time":10.501923598,"data":"0.00s - to python to disable frozen modules.\n"}
,{"stream_name":"stderr","time":10.501928039,"data":"0.00s - Note: Debugging will proceed. Set PYDEVD_DISABLE_FILE_VALIDATION=1 to disable this validation.\n"}
,{"stream_name":"stdout","time":16.092356395,"data":"     ━━━━━━━━━━━━━━━━━━━━━━━━━━━━━━━━━━━━━━━━ 57.3/57.3 kB 1.6 MB/s eta 0:00:00\n"}
,{"stream_name":"stdout","time":16.294564921,"data":"   ━━━━━━━━━━━━━━━━━━━━━━━━━━━━━━━━━━━━━━━━ 5.4/5.4 MB 49.0 MB/s eta 0:00:00\n"}
,{"stream_name":"stdout","time":16.295001425,"data":"     ━━━━━━━━━━━━━━━━━━━━━━━━━━━━━━━━━━━━━━━━ 57.3/57.3 kB 1.6 MB/s eta 0:00:00\n"}
,{"stream_name":"stdout","time":16.34179841,"data":"   ━━━━━━━━━━━━━━━━━━━━━━━━━━━━━━━━━━━━━━━━ 937.5/937.5 kB 34.4 MB/s eta 0:00:00\n"}
,{"stream_name":"stdout","time":16.497829831,"data":"   ━━━━━━━━━━━━━━━━━━━━━━━━━━━━━━━━━━━━━━━━ 5.4/5.4 MB 49.0 MB/s eta 0:00:00\n"}
,{"stream_name":"stdout","time":16.497874515,"data":"   ━━━━━━━━━━━━━━━━━━━━━━━━━━━━━━━━━━━━━━━━ 937.5/937.5 kB 34.4 MB/s eta 0:00:00\n"}
,{"stream_name":"stdout","time":16.592852657999998,"data":"   ━━━━━━━━━━━━━━━━━━━━━━━━━━━━━━━━━━━━━━━━ 25.5/25.5 MB 64.2 MB/s eta 0:00:00\n"}
,{"stream_name":"stdout","time":16.650221877,"data":"   ━━━━━━━━━━━━━━━━━━━━━━━━━━━━━━━━━━━━━━━━ 2.4/2.4 MB 65.7 MB/s eta 0:00:00\n"}
,{"stream_name":"stdout","time":16.723822357,"data":"   ━━━━━━━━━━━━━━━━━━━━━━━━━━━━━━━━━━━━━━━━ 167.2/167.2 kB 7.8 MB/s eta 0:00:00\n"}
,{"stream_name":"stdout","time":16.79636311,"data":"   ━━━━━━━━━━━━━━━━━━━━━━━━━━━━━━━━━━━━━━━━ 25.5/25.5 MB 64.2 MB/s eta 0:00:00\n"}
,{"stream_name":"stdout","time":16.796407195,"data":"   ━━━━━━━━━━━━━━━━━━━━━━━━━━━━━━━━━━━━━━━━ 2.4/2.4 MB 65.7 MB/s eta 0:00:00\n"}
,{"stream_name":"stdout","time":16.796451224,"data":"   ━━━━━━━━━━━━━━━━━━━━━━━━━━━━━━━━━━━━━━━━ 167.2/167.2 kB 7.8 MB/s eta 0:00:00\n"}
,{"stream_name":"stdout","time":16.839152927,"data":"   ━━━━━━━━━━━━━━━━━━━━━━━━━━━━━━━━━━━━━━━━ 8.8/8.8 MB 93.3 MB/s eta 0:00:00\n"}
,{"stream_name":"stdout","time":17.041993555,"data":"   ━━━━━━━━━━━━━━━━━━━━━━━━━━━━━━━━━━━━━━━━ 8.8/8.8 MB 93.3 MB/s eta 0:00:00\n"}
,{"stream_name":"stdout","time":27.838654773000002,"data":"COMMAND /usr/bin/python3 /kaggle/input/datasets/ryhvic/hqcdnn-fixedsplit101-assets/run_experiments.py --repo-root /kaggle/working --cache /kaggle/input/datasets/ryhvic/hqcdnn-fixedsplit101-assets/cache --output /kaggle/working/results --protocol ten_percent --dataset all --qubits 2 --sampling-seed 101\n"}
,{"stream_name":"stdout","time":47.442580509,"data":"epoch=1/50 val_recall=0.0000\n"}
,{"stream_name":"stdout","time":47.646977829,"data":"epoch=1/50 val_recall=0.0000\n"}
,{"stream_name":"stdout","time":48.069621856,"data":"epoch=2/50 val_recall=0.0000\n"}
,{"stream_name":"stdout","time":48.272682741,"data":"epoch=2/50 val_recall=0.0000\n"}
,{"stream_name":"stdout","time":48.712501525,"data":"epoch=3/50 val_recall=0.0000\n"}
,{"stream_name":"stdout","time":48.915671254,"data":"epoch=3/50 val_recall=0.0000\n"}
,{"stream_name":"stdout","time":49.346508655,"data":"epoch=4/50 val_recall=0.0000\n"}
,{"stream_name":"stdout","time":49.549647802,"data":"epoch=4/50 val_recall=0.0000\n"}
,{"stream_name":"stdout","time":49.978835091,"data":"epoch=5/50 val_recall=0.0000\n"}
,{"stream_name":"stdout","time":50.181696233,"data":"epoch=5/50 val_recall=0.0000\n"}
,{"stream_name":"stdout","time":50.603940886,"data":"epoch=6/50 val_recall=0.0588\n"}
,{"stream_name":"stdout","time":50.806900131,"data":"epoch=6/50 val_recall=0.0588\n"}
,{"stream_name":"stdout","time":51.242467453,"data":"epoch=7/50 val_recall=0.1176\n"}
,{"stream_name":"stdout","time":51.445674009,"data":"epoch=7/50 val_recall=0.1176\n"}
,{"stream_name":"stdout","time":52.036351595,"data":"epoch=8/50 val_recall=0.1765\n"}
,{"stream_name":"stdout","time":52.238583486,"data":"epoch=8/50 val_recall=0.1765\n"}
,{"stream_name":"stdout","time":52.676390902,"data":"epoch=9/50 val_recall=0.1765\n"}
,{"stream_name":"stdout","time":52.879068678,"data":"epoch=9/50 val_recall=0.1765\n"}
,{"stream_name":"stdout","time":53.294757504,"data":"epoch=10/50 val_recall=0.1765\n"}
,{"stream_name":"stdout","time":53.497289484,"data":"epoch=10/50 val_recall=0.1765\n"}
,{"stream_name":"stdout","time":53.926590437,"data":"epoch=11/50 val_recall=0.2059\n"}
,{"stream_name":"stdout","time":54.129719795,"data":"epoch=11/50 val_recall=0.2059\n"}
,{"stream_name":"stdout","time":54.568850789,"data":"epoch=12/50 val_recall=0.2059\n"}
,{"stream_name":"stdout","time":54.771582941,"data":"epoch=12/50 val_recall=0.2059\n"}
,{"stream_name":"stdout","time":55.227637854,"data":"epoch=13/50 val_recall=0.2206\n"}
,{"stream_name":"stdout","time":55.430786043,"data":"epoch=13/50 val_recall=0.2206\n"}
,{"stream_name":"stdout","time":55.905352931,"data":"epoch=14/50 val_recall=0.2206\n"}
,{"stream_name":"stdout","time":56.108174079,"data":"epoch=14/50 val_recall=0.2206\n"}
,{"stream_name":"stdout","time":56.557113124,"data":"epoch=15/50 val_recall=0.2353\n"}
,{"stream_name":"stdout","time":56.759893152,"data":"epoch=15/50 val_recall=0.2353\n"}
,{"stream_name":"stdout","time":57.227309941,"data":"epoch=16/50 val_recall=0.2353\n"}
,{"stream_name":"stdout","time":57.430077714,"data":"epoch=16/50 val_recall=0.2353\n"}
,{"stream_name":"stdout","time":57.866531594,"data":"epoch=17/50 val_recall=0.2500\n"}
,{"stream_name":"stdout","time":58.069584949,"data":"epoch=17/50 val_recall=0.2500\n"}
,{"stream_name":"stdout","time":58.512021293,"data":"epoch=18/50 val_recall=0.2500\n"}
,{"stream_name":"stdout","time":58.714792412,"data":"epoch=18/50 val_recall=0.2500\n"}
,{"stream_name":"stdout","time":59.169026254,"data":"epoch=19/50 val_recall=0.2794\n"}
,{"stream_name":"stdout","time":59.371842675,"data":"epoch=19/50 val_recall=0.2794\n"}
,{"stream_name":"stdout","time":59.806474294,"data":"epoch=20/50 val_recall=0.2794\n"}
,{"stream_name":"stdout","time":60.009374046,"data":"epoch=20/50 val_recall=0.2794\n"}
,{"stream_name":"stdout","time":60.447760912,"data":"epoch=21/50 val_recall=0.2941\n"}
,{"stream_name":"stdout","time":60.650664041,"data":"epoch=21/50 val_recall=0.2941\n"}
,{"stream_name":"stdout","time":61.0861817,"data":"epoch=22/50 val_recall=0.2941\n"}
,{"stream_name":"stdout","time":61.289189438,"data":"epoch=22/50 val_recall=0.2941\n"}
,{"stream_name":"stdout","time":61.762385109,"data":"epoch=23/50 val_recall=0.2941\n"}
,{"stream_name":"stdout","time":61.965115055,"data":"epoch=23/50 val_recall=0.2941\n"}
,{"stream_name":"stdout","time":62.423247884,"data":"epoch=24/50 val_recall=0.2941\n"}
,{"stream_name":"stdout","time":62.626108534,"data":"epoch=24/50 val_recall=0.2941\n"}
,{"stream_name":"stdout","time":63.076944204,"data":"epoch=25/50 val_recall=0.2941\n"}
,{"stream_name":"stdout","time":63.280015915999996,"data":"epoch=25/50 val_recall=0.2941\n"}
,{"stream_name":"stdout","time":63.721044019,"data":"epoch=26/50 val_recall=0.3235\n"}
,{"stream_name":"stdout","time":63.923987338,"data":"epoch=26/50 val_recall=0.3235\n"}
,{"stream_name":"stdout","time":64.392230246,"data":"epoch=27/50 val_recall=0.3088\n"}
,{"stream_name":"stdout","time":64.595071803,"data":"epoch=27/50 val_recall=0.3088\n"}
,{"stream_name":"stdout","time":65.051705284,"data":"epoch=28/50 val_recall=0.3088\n"}
,{"stream_name":"stdout","time":65.254584734,"data":"epoch=28/50 val_recall=0.3088\n"}
,{"stream_name":"stdout","time":65.714528486,"data":"epoch=29/50 val_recall=0.2941\n"}
,{"stream_name":"stdout","time":65.917662464,"data":"epoch=29/50 val_recall=0.2941\n"}
,{"stream_name":"stdout","time":66.378250673,"data":"epoch=30/50 val_recall=0.2941\n"}
,{"stream_name":"stdout","time":66.581167606,"data":"epoch=30/50 val_recall=0.2941\n"}
,{"stream_name":"stdout","time":67.006793978,"data":"epoch=31/50 val_recall=0.2941\n"}
,{"stream_name":"stdout","time":67.209591915,"data":"epoch=31/50 val_recall=0.2941\n"}
,{"stream_name":"stdout","time":67.636445051,"data":"epoch=32/50 val_recall=0.2941\n"}
,{"stream_name":"stdout","time":67.839076283,"data":"epoch=32/50 val_recall=0.2941\n"}
,{"stream_name":"stdout","time":68.265267634,"data":"epoch=33/50 val_recall=0.3529\n"}
,{"stream_name":"stdout","time":68.46788727,"data":"epoch=33/50 val_recall=0.3529\n"}
,{"stream_name":"stdout","time":68.917452886,"data":"epoch=34/50 val_recall=0.4118\n"}
,{"stream_name":"stdout","time":69.120115717,"data":"epoch=34/50 val_recall=0.4118\n"}
,{"stream_name":"stdout","time":69.561541319,"data":"epoch=35/50 val_recall=0.4118\n"}
,{"stream_name":"stdout","time":69.764260397,"data":"epoch=35/50 val_recall=0.4118\n"}
,{"stream_name":"stdout","time":70.208950917,"data":"epoch=36/50 val_recall=0.3824\n"}
,{"stream_name":"stdout","time":70.411672636,"data":"epoch=36/50 val_recall=0.3824\n"}
,{"stream_name":"stdout","time":70.857036604,"data":"epoch=37/50 val_recall=0.3824\n"}
,{"stream_name":"stdout","time":71.06001716,"data":"epoch=37/50 val_recall=0.3824\n"}
,{"stream_name":"stdout","time":71.539086413,"data":"epoch=38/50 val_recall=0.3676\n"}
,{"stream_name":"stdout","time":71.741769199,"data":"epoch=38/50 val_recall=0.3676\n"}
,{"stream_name":"stdout","time":72.196680812,"data":"epoch=39/50 val_recall=0.3529\n"}
,{"stream_name":"stdout","time":72.399241628,"data":"epoch=39/50 val_recall=0.3529\n"}
,{"stream_name":"stdout","time":72.840647883,"data":"epoch=40/50 val_recall=0.3529\n"}
,{"stream_name":"stdout","time":73.043388137,"data":"epoch=40/50 val_recall=0.3529\n"}
,{"stream_name":"stdout","time":73.478422201,"data":"epoch=41/50 val_recall=0.3529\n"}
,{"stream_name":"stdout","time":73.681749045,"data":"epoch=41/50 val_recall=0.3529\n"}
,{"stream_name":"stdout","time":74.155782179,"data":"epoch=42/50 val_recall=0.3676\n"}
,{"stream_name":"stdout","time":74.358576593,"data":"epoch=42/50 val_recall=0.3676\n"}
,{"stream_name":"stdout","time":74.790698482,"data":"epoch=43/50 val_recall=0.3824\n"}
,{"stream_name":"stdout","time":74.993111324,"data":"epoch=43/50 val_recall=0.3824\n"}
,{"stream_name":"stdout","time":75.445861688,"data":"epoch=44/50 val_recall=0.3971\n"}
,{"stream_name":"stdout","time":75.648448133,"data":"epoch=44/50 val_recall=0.3971\n"}
,{"stream_name":"stdout","time":76.518174804,"data":"epoch=1/50 val_recall=1.0000\n"}
,{"stream_name":"stdout","time":76.721190485,"data":"epoch=1/50 val_recall=1.0000\n"}
,{"stream_name":"stdout","time":77.173090659,"data":"epoch=2/50 val_recall=1.0000\n"}
,{"stream_name":"stdout","time":77.375859654,"data":"epoch=2/50 val_recall=1.0000\n"}
,{"stream_name":"stdout","time":77.809484517,"data":"epoch=3/50 val_recall=1.0000\n"}
,{"stream_name":"stdout","time":78.015357545,"data":"epoch=3/50 val_recall=1.0000\n"}
,{"stream_name":"stdout","time":78.431191978,"data":"epoch=4/50 val_recall=1.0000\n"}
,{"stream_name":"stdout","time":78.634203174,"data":"epoch=4/50 val_recall=1.0000\n"}
,{"stream_name":"stdout","time":79.071989406,"data":"epoch=5/50 val_recall=0.9559\n"}
,{"stream_name":"stdout","time":79.275051455,"data":"epoch=5/50 val_recall=0.9559\n"}
,{"stream_name":"stdout","time":79.697217773,"data":"epoch=6/50 val_recall=0.4118\n"}
,{"stream_name":"stdout","time":79.900365699,"data":"epoch=6/50 val_recall=0.4118\n"}
,{"stream_name":"stdout","time":80.322393002,"data":"epoch=7/50 val_recall=0.0441\n"}
,{"stream_name":"stdout","time":80.526177,"data":"epoch=7/50 val_recall=0.0441\n"}
,{"stream_name":"stdout","time":80.949746121,"data":"epoch=8/50 val_recall=0.0000\n"}
,{"stream_name":"stdout","time":81.152687784,"data":"epoch=8/50 val_recall=0.0000\n"}
,{"stream_name":"stdout","time":81.626162528,"data":"epoch=9/50 val_recall=0.0000\n"}
,{"stream_name":"stdout","time":81.8289161,"data":"epoch=9/50 val_recall=0.0000\n"}
,{"stream_name":"stdout","time":82.246585638,"data":"epoch=10/50 val_recall=0.0000\n"}
,{"stream_name":"stdout","time":82.449338109,"data":"epoch=10/50 val_recall=0.0000\n"}
,{"stream_name":"stdout","time":82.885374656,"data":"epoch=11/50 val_recall=0.0000\n"}
,{"stream_name":"stdout","time":83.088042168,"data":"epoch=11/50 val_recall=0.0000\n"}
,{"stream_name":"stdout","time":83.950123676,"data":"epoch=1/50 val_recall=1.0000\n"}
,{"stream_name":"stdout","time":84.152885156,"data":"epoch=1/50 val_recall=1.0000\n"}
,{"stream_name":"stdout","time":84.585892447,"data":"epoch=2/50 val_recall=1.0000\n"}
,{"stream_name":"stdout","time":84.788957277,"data":"epoch=2/50 val_recall=1.0000\n"}
,{"stream_name":"stdout","time":85.228671403,"data":"epoch=3/50 val_recall=1.0000\n"}
,{"stream_name":"stdout","time":85.43163884,"data":"epoch=3/50 val_recall=1.0000\n"}
,{"stream_name":"stdout","time":85.867710794,"data":"epoch=4/50 val_recall=0.8824\n"}
,{"stream_name":"stdout","time":86.070393192,"data":"epoch=4/50 val_recall=0.8824\n"}
,{"stream_name":"stdout","time":86.486416693,"data":"epoch=5/50 val_recall=0.2647\n"}
,{"stream_name":"stdout","time":86.689092135,"data":"epoch=5/50 val_recall=0.2647\n"}
,{"stream_name":"stdout","time":87.144705622,"data":"epoch=6/50 val_recall=0.0147\n"}
,{"stream_name":"stdout","time":87.347515298,"data":"epoch=6/50 val_recall=0.0147\n"}
,{"stream_name":"stdout","time":87.808285481,"data":"epoch=7/50 val_recall=0.0000\n"}
,{"stream_name":"stdout","time":88.010916178,"data":"epoch=7/50 val_recall=0.0000\n"}
,{"stream_name":"stdout","time":88.449785838,"data":"epoch=8/50 val_recall=0.0000\n"}
,{"stream_name":"stdout","time":88.652719436,"data":"epoch=8/50 val_recall=0.0000\n"}
,{"stream_name":"stdout","time":89.071653285,"data":"epoch=9/50 val_recall=0.0000\n"}
,{"stream_name":"stdout","time":89.2744061,"data":"epoch=9/50 val_recall=0.0000\n"}
,{"stream_name":"stdout","time":89.693342919,"data":"epoch=10/50 val_recall=0.0000\n"}
,{"stream_name":"stdout","time":89.895995138,"data":"epoch=10/50 val_recall=0.0000\n"}
,{"stream_name":"stdout","time":90.321821932,"data":"epoch=11/50 val_recall=0.0000\n"}
,{"stream_name":"stdout","time":90.524611234,"data":"epoch=11/50 val_recall=0.0000\n"}
,{"stream_name":"stdout","time":93.535272337,"data":"epoch=1/50 val_recall=0.0000\n"}
,{"stream_name":"stdout","time":93.737870095,"data":"epoch=1/50 val_recall=0.0000\n"}
,{"stream_name":"stdout","time":96.281733073,"data":"epoch=2/50 val_recall=0.0190\n"}
,{"stream_name":"stdout","time":96.484415553,"data":"epoch=2/50 val_recall=0.0190\n"}
,{"stream_name":"stdout","time":98.982437139,"data":"epoch=3/50 val_recall=0.1710\n"}
,{"stream_name":"stdout","time":99.185239327,"data":"epoch=3/50 val_recall=0.1710\n"}
,{"stream_name":"stdout","time":101.72973726,"data":"epoch=4/50 val_recall=0.2043\n"}
,{"stream_name":"stdout","time":101.93259796,"data":"epoch=4/50 val_recall=0.2043\n"}
,{"stream_name":"stdout","time":104.418994604,"data":"epoch=5/50 val_recall=0.2280\n"}
,{"stream_name":"stdout","time":104.622058568,"data":"epoch=5/50 val_recall=0.2280\n"}
,{"stream_name":"stdout","time":107.136648795,"data":"epoch=6/50 val_recall=0.2185\n"}
,{"stream_name":"stdout","time":107.339526553,"data":"epoch=6/50 val_recall=0.2185\n"}
,{"stream_name":"stdout","time":109.845560542,"data":"epoch=7/50 val_recall=0.1971\n"}
,{"stream_name":"stdout","time":110.054351325,"data":"epoch=7/50 val_recall=0.1971\n"}
,{"stream_name":"stdout","time":112.605230195,"data":"epoch=8/50 val_recall=0.2874\n"}
,{"stream_name":"stdout","time":112.807982566,"data":"epoch=8/50 val_recall=0.2874\n"}
,{"stream_name":"stdout","time":115.310873639,"data":"epoch=9/50 val_recall=0.2494\n"}
,{"stream_name":"stdout","time":115.514421593,"data":"epoch=9/50 val_recall=0.2494\n"}
,{"stream_name":"stdout","time":118.008142097,"data":"epoch=10/50 val_recall=0.2542\n"}
,{"stream_name":"stdout","time":118.21087237,"data":"epoch=10/50 val_recall=0.2542\n"}
,{"stream_name":"stdout","time":120.707876366,"data":"epoch=11/50 val_recall=0.2993\n"}
,{"stream_name":"stdout","time":120.910928625,"data":"epoch=11/50 val_recall=0.2993\n"}
,{"stream_name":"stdout","time":123.420842148,"data":"epoch=12/50 val_recall=0.3563\n"}
,{"stream_name":"stdout","time":123.623520304,"data":"epoch=12/50 val_recall=0.3563\n"}
,{"stream_name":"stdout","time":126.102792705,"data":"epoch=13/50 val_recall=0.3088\n"}
,{"stream_name":"stdout","time":126.305967036,"data":"epoch=13/50 val_recall=0.3088\n"}
,{"stream_name":"stdout","time":128.799950178,"data":"epoch=14/50 val_recall=0.3682\n"}
,{"stream_name":"stdout","time":129.002970045,"data":"epoch=14/50 val_recall=0.3682\n"}
,{"stream_name":"stdout","time":131.573864505,"data":"epoch=15/50 val_recall=0.2542\n"}
,{"stream_name":"stdout","time":131.776771416,"data":"epoch=15/50 val_recall=0.2542\n"}
,{"stream_name":"stdout","time":134.268483983,"data":"epoch=16/50 val_recall=0.3777\n"}
,{"stream_name":"stdout","time":134.471500006,"data":"epoch=16/50 val_recall=0.3777\n"}
,{"stream_name":"stdout","time":136.947455916,"data":"epoch=17/50 val_recall=0.2898\n"}
,{"stream_name":"stdout","time":137.150648261,"data":"epoch=17/50 val_recall=0.2898\n"}
,{"stream_name":"stdout","time":139.640206044,"data":"epoch=18/50 val_recall=0.3278\n"}
,{"stream_name":"stdout","time":139.843010167,"data":"epoch=18/50 val_recall=0.3278\n"}
,{"stream_name":"stdout","time":142.340151811,"data":"epoch=19/50 val_recall=0.3800\n"}
,{"stream_name":"stdout","time":142.548812766,"data":"epoch=19/50 val_recall=0.3800\n"}
,{"stream_name":"stdout","time":145.010424131,"data":"epoch=20/50 val_recall=0.3017\n"}
,{"stream_name":"stdout","time":145.213774786,"data":"epoch=20/50 val_recall=0.3017\n"}
,{"stream_name":"stdout","time":147.685577075,"data":"epoch=21/50 val_recall=0.3302\n"}
,{"stream_name":"stdout","time":147.888686158,"data":"epoch=21/50 val_recall=0.3302\n"}
,{"stream_name":"stdout","time":150.355166853,"data":"epoch=22/50 val_recall=0.3682\n"}
,{"stream_name":"stdout","time":150.558256718,"data":"epoch=22/50 val_recall=0.3682\n"}
,{"stream_name":"stdout","time":153.068849519,"data":"epoch=23/50 val_recall=0.3397\n"}
,{"stream_name":"stdout","time":153.271712539,"data":"epoch=23/50 val_recall=0.3397\n"}
,{"stream_name":"stdout","time":155.750002279,"data":"epoch=24/50 val_recall=0.3278\n"}
,{"stream_name":"stdout","time":155.952876382,"data":"epoch=24/50 val_recall=0.3278\n"}
,{"stream_name":"stdout","time":158.406832719,"data":"epoch=25/50 val_recall=0.3397\n"}
,{"stream_name":"stdout","time":158.609618674,"data":"epoch=25/50 val_recall=0.3397\n"}
,{"stream_name":"stdout","time":161.061241987,"data":"epoch=26/50 val_recall=0.3207\n"}
,{"stream_name":"stdout","time":161.263751968,"data":"epoch=26/50 val_recall=0.3207\n"}
,{"stream_name":"stdout","time":163.770578397,"data":"epoch=27/50 val_recall=0.3777\n"}
,{"stream_name":"stdout","time":163.973320414,"data":"epoch=27/50 val_recall=0.3777\n"}
,{"stream_name":"stdout","time":166.432590512,"data":"epoch=28/50 val_recall=0.3420\n"}
,{"stream_name":"stdout","time":166.635550756,"data":"epoch=28/50 val_recall=0.3420\n"}
,{"stream_name":"stdout","time":169.092452735,"data":"epoch=29/50 val_recall=0.4157\n"}
,{"stream_name":"stdout","time":169.295659158,"data":"epoch=29/50 val_recall=0.4157\n"}
,{"stream_name":"stdout","time":171.806105963,"data":"epoch=30/50 val_recall=0.3183\n"}
,{"stream_name":"stdout","time":172.009224052,"data":"epoch=30/50 val_recall=0.3183\n"}
,{"stream_name":"stdout","time":174.481557242,"data":"epoch=31/50 val_recall=0.3539\n"}
,{"stream_name":"stdout","time":174.694448689,"data":"epoch=31/50 val_recall=0.3539\n"}
,{"stream_name":"stdout","time":177.177294415,"data":"epoch=32/50 val_recall=0.3634\n"}
,{"stream_name":"stdout","time":177.380308711,"data":"epoch=32/50 val_recall=0.3634\n"}
,{"stream_name":"stdout","time":179.862216151,"data":"epoch=33/50 val_recall=0.3705\n"}
,{"stream_name":"stdout","time":180.06497465,"data":"epoch=33/50 val_recall=0.3705\n"}
,{"stream_name":"stdout","time":182.617433621,"data":"epoch=34/50 val_recall=0.3919\n"}
,{"stream_name":"stdout","time":182.820176341,"data":"epoch=34/50 val_recall=0.3919\n"}
,{"stream_name":"stdout","time":185.268210691,"data":"epoch=35/50 val_recall=0.3753\n"}
,{"stream_name":"stdout","time":185.471149769,"data":"epoch=35/50 val_recall=0.3753\n"}
,{"stream_name":"stdout","time":187.9844782,"data":"epoch=36/50 val_recall=0.3682\n"}
,{"stream_name":"stdout","time":188.187320895,"data":"epoch=36/50 val_recall=0.3682\n"}
,{"stream_name":"stdout","time":190.700300241,"data":"epoch=37/50 val_recall=0.3444\n"}
,{"stream_name":"stdout","time":190.903245247,"data":"epoch=37/50 val_recall=0.3444\n"}
,{"stream_name":"stdout","time":193.422346976,"data":"epoch=38/50 val_recall=0.3682\n"}
,{"stream_name":"stdout","time":193.625042344,"data":"epoch=38/50 val_recall=0.3682\n"}
,{"stream_name":"stdout","time":196.103440727,"data":"epoch=39/50 val_recall=0.3943\n"}
,{"stream_name":"stdout","time":196.306282997,"data":"epoch=39/50 val_recall=0.3943\n"}
,{"stream_name":"stdout","time":200.564867296,"data":"epoch=1/50 val_recall=0.3967\n"}
,{"stream_name":"stdout","time":200.767963342,"data":"epoch=1/50 val_recall=0.3967\n"}
,{"stream_name":"stdout","time":203.294550533,"data":"epoch=2/50 val_recall=0.0903\n"}
,{"stream_name":"stdout","time":203.497208621,"data":"epoch=2/50 val_recall=0.0903\n"}
,{"stream_name":"stdout","time":205.939379975,"data":"epoch=3/50 val_recall=0.0784\n"}
,{"stream_name":"stdout","time":206.150004598,"data":"epoch=3/50 val_recall=0.0784\n"}
,{"stream_name":"stdout","time":208.611020186,"data":"epoch=4/50 val_recall=0.0570\n"}
,{"stream_name":"stdout","time":208.813908925,"data":"epoch=4/50 val_recall=0.0570\n"}
,{"stream_name":"stdout","time":211.303910132,"data":"epoch=5/50 val_recall=0.0641\n"}
,{"stream_name":"stdout","time":211.506314949,"data":"epoch=5/50 val_recall=0.0641\n"}
,{"stream_name":"stdout","time":213.99174506,"data":"epoch=6/50 val_recall=0.0356\n"}
,{"stream_name":"stdout","time":214.19472628,"data":"epoch=6/50 val_recall=0.0356\n"}
,{"stream_name":"stdout","time":216.647058907,"data":"epoch=7/50 val_recall=0.0689\n"}
,{"stream_name":"stdout","time":216.850096329,"data":"epoch=7/50 val_recall=0.0689\n"}
,{"stream_name":"stdout","time":219.30799641,"data":"epoch=8/50 val_recall=0.1116\n"}
,{"stream_name":"stdout","time":219.510563136,"data":"epoch=8/50 val_recall=0.1116\n"}
,{"stream_name":"stdout","time":222.021080926,"data":"epoch=9/50 val_recall=0.1520\n"}
,{"stream_name":"stdout","time":222.224451747,"data":"epoch=9/50 val_recall=0.1520\n"}
,{"stream_name":"stdout","time":224.69857396,"data":"epoch=10/50 val_recall=0.2209\n"}
,{"stream_name":"stdout","time":224.901489234,"data":"epoch=10/50 val_recall=0.2209\n"}
,{"stream_name":"stdout","time":227.387936076,"data":"epoch=11/50 val_recall=0.2304\n"}
,{"stream_name":"stdout","time":227.590704797,"data":"epoch=11/50 val_recall=0.2304\n"}
,{"stream_name":"stdout","time":231.99846188,"data":"epoch=1/50 val_recall=0.0903\n"}
,{"stream_name":"stdout","time":232.201406705,"data":"epoch=1/50 val_recall=0.0903\n"}
,{"stream_name":"stdout","time":234.713036576,"data":"epoch=2/50 val_recall=0.0000\n"}
,{"stream_name":"stdout","time":234.916012623,"data":"epoch=2/50 val_recall=0.0000\n"}
,{"stream_name":"stdout","time":237.377486832,"data":"epoch=3/50 val_recall=0.0000\n"}
,{"stream_name":"stdout","time":237.588352167,"data":"epoch=3/50 val_recall=0.0000\n"}
,{"stream_name":"stdout","time":240.090221924,"data":"epoch=4/50 val_recall=0.0000\n"}
,{"stream_name":"stdout","time":240.293136548,"data":"epoch=4/50 val_recall=0.0000\n"}
,{"stream_name":"stdout","time":242.805635556,"data":"epoch=5/50 val_recall=0.0000\n"}
,{"stream_name":"stdout","time":243.008776835,"data":"epoch=5/50 val_recall=0.0000\n"}
,{"stream_name":"stdout","time":245.481575828,"data":"epoch=6/50 val_recall=0.0000\n"}
,{"stream_name":"stdout","time":245.684495397,"data":"epoch=6/50 val_recall=0.0000\n"}
,{"stream_name":"stdout","time":248.166801299,"data":"epoch=7/50 val_recall=0.0000\n"}
,{"stream_name":"stdout","time":248.369816024,"data":"epoch=7/50 val_recall=0.0000\n"}
,{"stream_name":"stdout","time":250.837004953,"data":"epoch=8/50 val_recall=0.0000\n"}
,{"stream_name":"stdout","time":251.040154655,"data":"epoch=8/50 val_recall=0.0000\n"}
,{"stream_name":"stdout","time":253.543159172,"data":"epoch=9/50 val_recall=0.0000\n"}
,{"stream_name":"stdout","time":253.746376721,"data":"epoch=9/50 val_recall=0.0000\n"}
,{"stream_name":"stdout","time":256.190892162,"data":"epoch=10/50 val_recall=0.0000\n"}
,{"stream_name":"stdout","time":256.39379775,"data":"epoch=10/50 val_recall=0.0000\n"}
,{"stream_name":"stdout","time":258.838748871,"data":"epoch=11/50 val_recall=0.0000\n"}
,{"stream_name":"stdout","time":259.041934563,"data":"epoch=11/50 val_recall=0.0000\n"}
,{"stream_name":"stdout","time":260.732473703,"data":"epoch=1/50 val_recall=0.0000\n"}
,{"stream_name":"stdout","time":260.84374667,"data":"epoch=2/50 val_recall=0.0000\n"}
,{"stream_name":"stdout","time":260.935905769,"data":"epoch=1/50 val_recall=0.0000\n"}
,{"stream_name":"stdout","time":260.935946707,"data":"epoch=2/50 val_recall=0.0000\n"}
,{"stream_name":"stdout","time":260.961614922,"data":"epoch=3/50 val_recall=0.0000\n"}
,{"stream_name":"stdout","time":261.076619681,"data":"epoch=4/50 val_recall=0.0000\n"}
,{"stream_name":"stdout","time":261.164757372,"data":"epoch=3/50 val_recall=0.0000\n"}
,{"stream_name":"stdout","time":261.164799715,"data":"epoch=4/50 val_recall=0.0000\n"}
,{"stream_name":"stdout","time":261.190667585,"data":"epoch=5/50 val_recall=0.0000\n"}
,{"stream_name":"stdout","time":261.3094918,"data":"epoch=6/50 val_recall=0.0000\n"}
,{"stream_name":"stdout","time":261.394861397,"data":"epoch=5/50 val_recall=0.0000\n"}
,{"stream_name":"stdout","time":261.394908131,"data":"epoch=6/50 val_recall=0.0000\n"}
,{"stream_name":"stdout","time":261.452049684,"data":"epoch=7/50 val_recall=0.0000\n"}
,{"stream_name":"stdout","time":261.571012835,"data":"epoch=8/50 val_recall=0.1481\n"}
,{"stream_name":"stdout","time":261.655478462,"data":"epoch=7/50 val_recall=0.0000\n"}
,{"stream_name":"stdout","time":261.655529099,"data":"epoch=8/50 val_recall=0.1481\n"}
,{"stream_name":"stdout","time":261.684140725,"data":"epoch=9/50 val_recall=0.4815\n"}
,{"stream_name":"stdout","time":261.795926334,"data":"epoch=10/50 val_recall=0.6111\n"}
,{"stream_name":"stdout","time":261.887543419,"data":"epoch=9/50 val_recall=0.4815\n"}
,{"stream_name":"stdout","time":261.887584582,"data":"epoch=10/50 val_recall=0.6111\n"}
,{"stream_name":"stdout","time":261.907340691,"data":"epoch=11/50 val_recall=0.7593\n"}
,{"stream_name":"stdout","time":262.019712672,"data":"epoch=12/50 val_recall=0.8148\n"}
,{"stream_name":"stdout","time":262.110690387,"data":"epoch=11/50 val_recall=0.7593\n"}
,{"stream_name":"stdout","time":262.110751935,"data":"epoch=12/50 val_recall=0.8148\n"}
,{"stream_name":"stdout","time":262.132237519,"data":"epoch=13/50 val_recall=0.8704\n"}
,{"stream_name":"stdout","time":262.243038392,"data":"epoch=14/50 val_recall=1.0000\n"}
,{"stream_name":"stdout","time":262.335548299,"data":"epoch=13/50 val_recall=0.8704\n"}
,{"stream_name":"stdout","time":262.335589725,"data":"epoch=14/50 val_recall=1.0000\n"}
,{"stream_name":"stdout","time":262.354508079,"data":"epoch=15/50 val_recall=1.0000\n"}
,{"stream_name":"stdout","time":262.468111452,"data":"epoch=16/50 val_recall=1.0000\n"}
,{"stream_name":"stdout","time":262.557795721,"data":"epoch=15/50 val_recall=1.0000\n"}
,{"stream_name":"stdout","time":262.557839596,"data":"epoch=16/50 val_recall=1.0000\n"}
,{"stream_name":"stdout","time":262.583436769,"data":"epoch=17/50 val_recall=1.0000\n"}
,{"stream_name":"stdout","time":262.695509541,"data":"epoch=18/50 val_recall=1.0000\n"}
,{"stream_name":"stdout","time":262.786744079,"data":"epoch=17/50 val_recall=1.0000\n"}
,{"stream_name":"stdout","time":262.786783047,"data":"epoch=18/50 val_recall=1.0000\n"}
,{"stream_name":"stdout","time":262.810819715,"data":"epoch=19/50 val_recall=1.0000\n"}
,{"stream_name":"stdout","time":262.920568557,"data":"epoch=20/50 val_recall=1.0000\n"}
,{"stream_name":"stdout","time":263.013811211,"data":"epoch=19/50 val_recall=1.0000\n"}
,{"stream_name":"stdout","time":263.013858158,"data":"epoch=20/50 val_recall=1.0000\n"}
,{"stream_name":"stdout","time":263.033945396,"data":"epoch=21/50 val_recall=1.0000\n"}
,{"stream_name":"stdout","time":263.147575485,"data":"epoch=22/50 val_recall=1.0000\n"}
,{"stream_name":"stdout","time":263.237275551,"data":"epoch=21/50 val_recall=1.0000\n"}
,{"stream_name":"stdout","time":263.237321898,"data":"epoch=22/50 val_recall=1.0000\n"}
,{"stream_name":"stdout","time":263.263105997,"data":"epoch=23/50 val_recall=1.0000\n"}
,{"stream_name":"stdout","time":263.379005347,"data":"epoch=24/50 val_recall=1.0000\n"}
,{"stream_name":"stdout","time":263.466309409,"data":"epoch=23/50 val_recall=1.0000\n"}
,{"stream_name":"stdout","time":263.466354042,"data":"epoch=24/50 val_recall=1.0000\n"}
,{"stream_name":"stdout","time":263.554446459,"data":"epoch=1/50 val_recall=1.0000\n"}
,{"stream_name":"stdout","time":263.66645218,"data":"epoch=2/50 val_recall=1.0000\n"}
,{"stream_name":"stdout","time":263.757553562,"data":"epoch=1/50 val_recall=1.0000\n"}
,{"stream_name":"stdout","time":263.75759495,"data":"epoch=2/50 val_recall=1.0000\n"}
,{"stream_name":"stdout","time":263.781309205,"data":"epoch=3/50 val_recall=1.0000\n"}
,{"stream_name":"stdout","time":263.891481173,"data":"epoch=4/50 val_recall=1.0000\n"}
,{"stream_name":"stdout","time":263.984321019,"data":"epoch=3/50 val_recall=1.0000\n"}
,{"stream_name":"stdout","time":263.98435792,"data":"epoch=4/50 val_recall=1.0000\n"}
,{"stream_name":"stdout","time":264.004354027,"data":"epoch=5/50 val_recall=1.0000\n"}
,{"stream_name":"stdout","time":264.115247739,"data":"epoch=6/50 val_recall=1.0000\n"}
,{"stream_name":"stdout","time":264.207580573,"data":"epoch=5/50 val_recall=1.0000\n"}
,{"stream_name":"stdout","time":264.207622262,"data":"epoch=6/50 val_recall=1.0000\n"}
,{"stream_name":"stdout","time":264.226836099,"data":"epoch=7/50 val_recall=1.0000\n"}
,{"stream_name":"stdout","time":264.339280387,"data":"epoch=8/50 val_recall=1.0000\n"}
,{"stream_name":"stdout","time":264.429836021,"data":"epoch=7/50 val_recall=1.0000\n"}
,{"stream_name":"stdout","time":264.429873199,"data":"epoch=8/50 val_recall=1.0000\n"}
,{"stream_name":"stdout","time":264.451487844,"data":"epoch=9/50 val_recall=1.0000\n"}
,{"stream_name":"stdout","time":264.581085373,"data":"epoch=10/50 val_recall=1.0000\n"}
,{"stream_name":"stdout","time":264.654765624,"data":"epoch=9/50 val_recall=1.0000\n"}
,{"stream_name":"stdout","time":264.65480417,"data":"epoch=10/50 val_recall=1.0000\n"}
,{"stream_name":"stdout","time":264.698324493,"data":"epoch=11/50 val_recall=1.0000\n"}
,{"stream_name":"stdout","time":264.875987318,"data":"epoch=1/50 val_recall=1.0000\n"}
,{"stream_name":"stdout","time":264.901828091,"data":"epoch=11/50 val_recall=1.0000\n"}
,{"stream_name":"stdout","time":264.901864677,"data":"epoch=1/50 val_recall=1.0000\n"}
,{"stream_name":"stdout","time":264.990078148,"data":"epoch=2/50 val_recall=1.0000\n"}
,{"stream_name":"stdout","time":265.105316463,"data":"epoch=3/50 val_recall=1.0000\n"}
,{"stream_name":"stdout","time":265.193281902,"data":"epoch=2/50 val_recall=1.0000\n"}
,{"stream_name":"stdout","time":265.193329099,"data":"epoch=3/50 val_recall=1.0000\n"}
,{"stream_name":"stdout","time":265.218497814,"data":"epoch=4/50 val_recall=1.0000\n"}
,{"stream_name":"stdout","time":265.329292524,"data":"epoch=5/50 val_recall=1.0000\n"}
,{"stream_name":"stdout","time":265.421811899,"data":"epoch=4/50 val_recall=1.0000\n"}
,{"stream_name":"stdout","time":265.421853357,"data":"epoch=5/50 val_recall=1.0000\n"}
,{"stream_name":"stdout","time":265.44005912,"data":"epoch=6/50 val_recall=1.0000\n"}
,{"stream_name":"stdout","time":265.559627751,"data":"epoch=7/50 val_recall=1.0000\n"}
,{"stream_name":"stdout","time":265.643328355,"data":"epoch=6/50 val_recall=1.0000\n"}
,{"stream_name":"stdout","time":265.643398734,"data":"epoch=7/50 val_recall=1.0000\n"}
,{"stream_name":"stdout","time":265.673141357,"data":"epoch=8/50 val_recall=1.0000\n"}
,{"stream_name":"stdout","time":265.783425735,"data":"epoch=9/50 val_recall=1.0000\n"}
,{"stream_name":"stdout","time":265.876474937,"data":"epoch=8/50 val_recall=1.0000\n"}
,{"stream_name":"stdout","time":265.876513386,"data":"epoch=9/50 val_recall=1.0000\n"}
,{"stream_name":"stdout","time":265.89528137,"data":"epoch=10/50 val_recall=1.0000\n"}
,{"stream_name":"stdout","time":266.007982509,"data":"epoch=11/50 val_recall=1.0000\n"}
,{"stream_name":"stdout","time":266.097870307,"data":"epoch=10/50 val_recall=1.0000\n"}
,{"stream_name":"stdout","time":266.097925219,"data":"epoch=11/50 val_recall=1.0000\n"}
,{"stream_name":"stdout","time":267.464704107,"data":"COMMAND /usr/bin/python3 /kaggle/input/datasets/ryhvic/hqcdnn-fixedsplit101-assets/run_experiments.py --repo-root /kaggle/working --cache /kaggle/input/datasets/ryhvic/hqcdnn-fixedsplit101-assets/cache --output /kaggle/working/results --protocol ten_percent --dataset all --qubits 4 --sampling-seed 101\n"}
,{"stream_name":"stdout","time":274.759254383,"data":"epoch=1/50 val_recall=1.0000\n"}
,{"stream_name":"stdout","time":274.972051644,"data":"epoch=1/50 val_recall=1.0000\n"}
,{"stream_name":"stdout","time":275.38625701,"data":"epoch=2/50 val_recall=1.0000\n"}
,{"stream_name":"stdout","time":275.589330888,"data":"epoch=2/50 val_recall=1.0000\n"}
,{"stream_name":"stdout","time":276.013582892,"data":"epoch=3/50 val_recall=1.0000\n"}
,{"stream_name":"stdout","time":276.216628995,"data":"epoch=3/50 val_recall=1.0000\n"}
,{"stream_name":"stdout","time":276.648517748,"data":"epoch=4/50 val_recall=0.3824\n"}
,{"stream_name":"stdout","time":276.851530354,"data":"epoch=4/50 val_recall=0.3824\n"}
,{"stream_name":"stdout","time":277.267099128,"data":"epoch=5/50 val_recall=0.0147\n"}
,{"stream_name":"stdout","time":277.470166538,"data":"epoch=5/50 val_recall=0.0147\n"}
,{"stream_name":"stdout","time":277.883962669,"data":"epoch=6/50 val_recall=0.0000\n"}
,{"stream_name":"stdout","time":278.08671622,"data":"epoch=6/50 val_recall=0.0000\n"}
,{"stream_name":"stdout","time":278.504640141,"data":"epoch=7/50 val_recall=0.0000\n"}
,{"stream_name":"stdout","time":278.707708835,"data":"epoch=7/50 val_recall=0.0000\n"}
,{"stream_name":"stdout","time":279.129720415,"data":"epoch=8/50 val_recall=0.0000\n"}
,{"stream_name":"stdout","time":279.332527857,"data":"epoch=8/50 val_recall=0.0000\n"}
,{"stream_name":"stdout","time":279.7677511,"data":"epoch=9/50 val_recall=0.0000\n"}
,{"stream_name":"stdout","time":279.970787884,"data":"epoch=9/50 val_recall=0.0000\n"}
,{"stream_name":"stdout","time":280.396445594,"data":"epoch=10/50 val_recall=0.0000\n"}
,{"stream_name":"stdout","time":280.599188506,"data":"epoch=10/50 val_recall=0.0000\n"}
,{"stream_name":"stdout","time":281.025931749,"data":"epoch=11/50 val_recall=0.0000\n"}
,{"stream_name":"stdout","time":281.228897114,"data":"epoch=11/50 val_recall=0.0000\n"}
,{"stream_name":"stdout","time":282.149261233,"data":"epoch=1/50 val_recall=0.0000\n"}
,{"stream_name":"stdout","time":282.352612831,"data":"epoch=1/50 val_recall=0.0000\n"}
,{"stream_name":"stdout","time":282.778259617,"data":"epoch=2/50 val_recall=0.0000\n"}
,{"stream_name":"stdout","time":282.981376028,"data":"epoch=2/50 val_recall=0.0000\n"}
,{"stream_name":"stdout","time":283.404436168,"data":"epoch=3/50 val_recall=0.0000\n"}
,{"stream_name":"stdout","time":283.607601049,"data":"epoch=3/50 val_recall=0.0000\n"}
,{"stream_name":"stdout","time":284.026516513,"data":"epoch=4/50 val_recall=0.0000\n"}
,{"stream_name":"stdout","time":284.229614545,"data":"epoch=4/50 val_recall=0.0000\n"}
,{"stream_name":"stdout","time":284.647741742,"data":"epoch=5/50 val_recall=0.0000\n"}
,{"stream_name":"stdout","time":284.850959726,"data":"epoch=5/50 val_recall=0.0000\n"}
,{"stream_name":"stdout","time":285.298965971,"data":"epoch=6/50 val_recall=0.0000\n"}
,{"stream_name":"stdout","time":285.502362671,"data":"epoch=6/50 val_recall=0.0000\n"}
,{"stream_name":"stdout","time":285.93768498,"data":"epoch=7/50 val_recall=0.0000\n"}
,{"stream_name":"stdout","time":286.140729189,"data":"epoch=7/50 val_recall=0.0000\n"}
,{"stream_name":"stdout","time":286.56235916,"data":"epoch=8/50 val_recall=0.0000\n"}
,{"stream_name":"stdout","time":286.765780746,"data":"epoch=8/50 val_recall=0.0000\n"}
,{"stream_name":"stdout","time":287.19070966,"data":"epoch=9/50 val_recall=0.0000\n"}
,{"stream_name":"stdout","time":287.394170774,"data":"epoch=9/50 val_recall=0.0000\n"}
,{"stream_name":"stdout","time":287.810755979,"data":"epoch=10/50 val_recall=0.0000\n"}
,{"stream_name":"stdout","time":288.014075391,"data":"epoch=10/50 val_recall=0.0000\n"}
,{"stream_name":"stdout","time":288.428981373,"data":"epoch=11/50 val_recall=0.0000\n"}
,{"stream_name":"stdout","time":288.632156101,"data":"epoch=11/50 val_recall=0.0000\n"}
,{"stream_name":"stdout","time":289.466233341,"data":"epoch=1/50 val_recall=0.0000\n"}
,{"stream_name":"stdout","time":289.669698488,"data":"epoch=1/50 val_recall=0.0000\n"}
,{"stream_name":"stdout","time":290.099351613,"data":"epoch=2/50 val_recall=0.0000\n"}
,{"stream_name":"stdout","time":290.302341181,"data":"epoch=2/50 val_recall=0.0000\n"}
,{"stream_name":"stdout","time":290.727770097,"data":"epoch=3/50 val_recall=0.0000\n"}
,{"stream_name":"stdout","time":290.931008474,"data":"epoch=3/50 val_recall=0.0000\n"}
,{"stream_name":"stdout","time":291.402079401,"data":"epoch=4/50 val_recall=0.0000\n"}
,{"stream_name":"stdout","time":291.605323396,"data":"epoch=4/50 val_recall=0.0000\n"}
,{"stream_name":"stdout","time":292.035496166,"data":"epoch=5/50 val_recall=0.0000\n"}
,{"stream_name":"stdout","time":292.238730423,"data":"epoch=5/50 val_recall=0.0000\n"}
,{"stream_name":"stdout","time":292.65547913,"data":"epoch=6/50 val_recall=0.0000\n"}
,{"stream_name":"stdout","time":292.858616856,"data":"epoch=6/50 val_recall=0.0000\n"}
,{"stream_name":"stdout","time":293.277964947,"data":"epoch=7/50 val_recall=0.0000\n"}
,{"stream_name":"stdout","time":293.481186438,"data":"epoch=7/50 val_recall=0.0000\n"}
,{"stream_name":"stdout","time":293.896657972,"data":"epoch=8/50 val_recall=0.0000\n"}
,{"stream_name":"stdout","time":294.099746518,"data":"epoch=8/50 val_recall=0.0000\n"}
,{"stream_name":"stdout","time":294.52554033,"data":"epoch=9/50 val_recall=0.0000\n"}
,{"stream_name":"stdout","time":294.728851895,"data":"epoch=9/50 val_recall=0.0000\n"}
,{"stream_name":"stdout","time":295.150846632,"data":"epoch=10/50 val_recall=0.0000\n"}
,{"stream_name":"stdout","time":295.354009653,"data":"epoch=10/50 val_recall=0.0000\n"}
,{"stream_name":"stdout","time":295.785630651,"data":"epoch=11/50 val_recall=0.0000\n"}
,{"stream_name":"stdout","time":295.988911382,"data":"epoch=11/50 val_recall=0.0000\n"}
,{"stream_name":"stdout","time":299.061668324,"data":"epoch=1/50 val_recall=0.0879\n"}
,{"stream_name":"stdout","time":299.264630468,"data":"epoch=1/50 val_recall=0.0879\n"}
,{"stream_name":"stdout","time":301.892831474,"data":"epoch=2/50 val_recall=0.0000\n"}
,{"stream_name":"stdout","time":302.095655773,"data":"epoch=2/50 val_recall=0.0000\n"}
,{"stream_name":"stdout","time":304.684170035,"data":"epoch=3/50 val_recall=0.0000\n"}
,{"stream_name":"stdout","time":304.886912409,"data":"epoch=3/50 val_recall=0.0000\n"}
,{"stream_name":"stdout","time":307.509646978,"data":"epoch=4/50 val_recall=0.0000\n"}
,{"stream_name":"stdout","time":307.721940694,"data":"epoch=4/50 val_recall=0.0000\n"}
,{"stream_name":"stdout","time":310.325415193,"data":"epoch=5/50 val_recall=0.0000\n"}
,{"stream_name":"stdout","time":310.528190407,"data":"epoch=5/50 val_recall=0.0000\n"}
,{"stream_name":"stdout","time":313.191996293,"data":"epoch=6/50 val_recall=0.0000\n"}
,{"stream_name":"stdout","time":313.394805561,"data":"epoch=6/50 val_recall=0.0000\n"}
,{"stream_name":"stdout","time":315.992823914,"data":"epoch=7/50 val_recall=0.0000\n"}
,{"stream_name":"stdout","time":316.195621079,"data":"epoch=7/50 val_recall=0.0000\n"}
,{"stream_name":"stdout","time":318.842101499,"data":"epoch=8/50 val_recall=0.0214\n"}
,{"stream_name":"stdout","time":319.044891562,"data":"epoch=8/50 val_recall=0.0214\n"}
,{"stream_name":"stdout","time":321.715566694,"data":"epoch=9/50 val_recall=0.0309\n"}
,{"stream_name":"stdout","time":321.918471848,"data":"epoch=9/50 val_recall=0.0309\n"}
,{"stream_name":"stdout","time":324.524878112,"data":"epoch=10/50 val_recall=0.0641\n"}
,{"stream_name":"stdout","time":324.727604145,"data":"epoch=10/50 val_recall=0.0641\n"}
,{"stream_name":"stdout","time":327.317823209,"data":"epoch=11/50 val_recall=0.1069\n"}
,{"stream_name":"stdout","time":327.520370367,"data":"epoch=11/50 val_recall=0.1069\n"}
,{"stream_name":"stdout","time":330.117302471,"data":"epoch=12/50 val_recall=0.1615\n"}
,{"stream_name":"stdout","time":330.320243264,"data":"epoch=12/50 val_recall=0.1615\n"}
,{"stream_name":"stdout","time":332.952115013,"data":"epoch=13/50 val_recall=0.1686\n"}
,{"stream_name":"stdout","time":333.155266177,"data":"epoch=13/50 val_recall=0.1686\n"}
,{"stream_name":"stdout","time":335.732667203,"data":"epoch=14/50 val_recall=0.1948\n"}
,{"stream_name":"stdout","time":335.935713054,"data":"epoch=14/50 val_recall=0.1948\n"}
,{"stream_name":"stdout","time":338.521608772,"data":"epoch=15/50 val_recall=0.1876\n"}
,{"stream_name":"stdout","time":338.739615754,"data":"epoch=15/50 val_recall=0.1876\n"}
,{"stream_name":"stdout","time":341.35493696,"data":"epoch=16/50 val_recall=0.2067\n"}
,{"stream_name":"stdout","time":341.558435962,"data":"epoch=16/50 val_recall=0.2067\n"}
,{"stream_name":"stdout","time":344.167917074,"data":"epoch=17/50 val_recall=0.2114\n"}
,{"stream_name":"stdout","time":344.371181247,"data":"epoch=17/50 val_recall=0.2114\n"}
,{"stream_name":"stdout","time":346.984213778,"data":"epoch=18/50 val_recall=0.2185\n"}
,{"stream_name":"stdout","time":347.187326411,"data":"epoch=18/50 val_recall=0.2185\n"}
,{"stream_name":"stdout","time":349.7579318,"data":"epoch=19/50 val_recall=0.2589\n"}
,{"stream_name":"stdout","time":349.961119045,"data":"epoch=19/50 val_recall=0.2589\n"}
,{"stream_name":"stdout","time":352.635233335,"data":"epoch=20/50 val_recall=0.2470\n"}
,{"stream_name":"stdout","time":352.837701275,"data":"epoch=20/50 val_recall=0.2470\n"}
,{"stream_name":"stdout","time":355.426190206,"data":"epoch=21/50 val_recall=0.2589\n"}
,{"stream_name":"stdout","time":355.628873504,"data":"epoch=21/50 val_recall=0.2589\n"}
,{"stream_name":"stdout","time":358.219525535,"data":"epoch=22/50 val_recall=0.2755\n"}
,{"stream_name":"stdout","time":358.422607638,"data":"epoch=22/50 val_recall=0.2755\n"}
,{"stream_name":"stdout","time":361.031201608,"data":"epoch=23/50 val_recall=0.2542\n"}
,{"stream_name":"stdout","time":361.234000136,"data":"epoch=23/50 val_recall=0.2542\n"}
,{"stream_name":"stdout","time":363.848718424,"data":"epoch=24/50 val_recall=0.2637\n"}
,{"stream_name":"stdout","time":364.051620756,"data":"epoch=24/50 val_recall=0.2637\n"}
,{"stream_name":"stdout","time":366.624314833,"data":"epoch=25/50 val_recall=0.2755\n"}
,{"stream_name":"stdout","time":366.826972489,"data":"epoch=25/50 val_recall=0.2755\n"}
,{"stream_name":"stdout","time":369.414618977,"data":"epoch=26/50 val_recall=0.2684\n"}
,{"stream_name":"stdout","time":369.638980069,"data":"epoch=26/50 val_recall=0.2684\n"}
,{"stream_name":"stdout","time":372.244360018,"data":"epoch=27/50 val_recall=0.3040\n"}
,{"stream_name":"stdout","time":372.447253182,"data":"epoch=27/50 val_recall=0.3040\n"}
,{"stream_name":"stdout","time":375.065180335,"data":"epoch=28/50 val_recall=0.2827\n"}
,{"stream_name":"stdout","time":375.267916065,"data":"epoch=28/50 val_recall=0.2827\n"}
,{"stream_name":"stdout","time":377.920285547,"data":"epoch=29/50 val_recall=0.3183\n"}
,{"stream_name":"stdout","time":378.123278204,"data":"epoch=29/50 val_recall=0.3183\n"}
,{"stream_name":"stdout","time":380.738465304,"data":"epoch=30/50 val_recall=0.2542\n"}
,{"stream_name":"stdout","time":380.941677296,"data":"epoch=30/50 val_recall=0.2542\n"}
,{"stream_name":"stdout","time":383.608199912,"data":"epoch=31/50 val_recall=0.2993\n"}
,{"stream_name":"stdout","time":383.811274444,"data":"epoch=31/50 val_recall=0.2993\n"}
,{"stream_name":"stdout","time":386.438298065,"data":"epoch=32/50 val_recall=0.2874\n"}
,{"stream_name":"stdout","time":386.64123142,"data":"epoch=32/50 val_recall=0.2874\n"}
,{"stream_name":"stdout","time":389.252012116,"data":"epoch=33/50 val_recall=0.3064\n"}
,{"stream_name":"stdout","time":389.455361145,"data":"epoch=33/50 val_recall=0.3064\n"}
,{"stream_name":"stdout","time":392.139918812,"data":"epoch=34/50 val_recall=0.2945\n"}
,{"stream_name":"stdout","time":392.34288532,"data":"epoch=34/50 val_recall=0.2945\n"}
,{"stream_name":"stdout","time":394.992859627,"data":"epoch=35/50 val_recall=0.3302\n"}
,{"stream_name":"stdout","time":395.195879964,"data":"epoch=35/50 val_recall=0.3302\n"}
,{"stream_name":"stdout","time":397.784102898,"data":"epoch=36/50 val_recall=0.2803\n"}
,{"stream_name":"stdout","time":397.987174137,"data":"epoch=36/50 val_recall=0.2803\n"}
,{"stream_name":"stdout","time":400.635255038,"data":"epoch=37/50 val_recall=0.2945\n"}
,{"stream_name":"stdout","time":400.854648994,"data":"epoch=37/50 val_recall=0.2945\n"}
,{"stream_name":"stdout","time":403.531887551,"data":"epoch=38/50 val_recall=0.2993\n"}
,{"stream_name":"stdout","time":403.735094978,"data":"epoch=38/50 val_recall=0.2993\n"}
,{"stream_name":"stdout","time":406.380912932,"data":"epoch=39/50 val_recall=0.3207\n"}
,{"stream_name":"stdout","time":406.584202775,"data":"epoch=39/50 val_recall=0.3207\n"}
,{"stream_name":"stdout","time":409.212856044,"data":"epoch=40/50 val_recall=0.3017\n"}
,{"stream_name":"stdout","time":409.416192689,"data":"epoch=40/50 val_recall=0.3017\n"}
,{"stream_name":"stdout","time":412.133381467,"data":"epoch=41/50 val_recall=0.3183\n"}
,{"stream_name":"stdout","time":412.336088486,"data":"epoch=41/50 val_recall=0.3183\n"}
,{"stream_name":"stdout","time":414.991277837,"data":"epoch=42/50 val_recall=0.2993\n"}
,{"stream_name":"stdout","time":415.194874011,"data":"epoch=42/50 val_recall=0.2993\n"}
,{"stream_name":"stdout","time":417.832303472,"data":"epoch=43/50 val_recall=0.2993\n"}
,{"stream_name":"stdout","time":418.035691417,"data":"epoch=43/50 val_recall=0.2993\n"}
,{"stream_name":"stdout","time":420.691018712,"data":"epoch=44/50 val_recall=0.2993\n"}
,{"stream_name":"stdout","time":420.894155434,"data":"epoch=44/50 val_recall=0.2993\n"}
,{"stream_name":"stdout","time":423.584097366,"data":"epoch=45/50 val_recall=0.3183\n"}
,{"stream_name":"stdout","time":423.78694008,"data":"epoch=45/50 val_recall=0.3183\n"}
,{"stream_name":"stdout","time":428.370238712,"data":"epoch=1/50 val_recall=0.0000\n"}
,{"stream_name":"stdout","time":428.57348434,"data":"epoch=1/50 val_recall=0.0000\n"}
,{"stream_name":"stdout","time":431.245105172,"data":"epoch=2/50 val_recall=0.0000\n"}
,{"stream_name":"stdout","time":431.462640351,"data":"epoch=2/50 val_recall=0.0000\n"}
,{"stream_name":"stdout","time":434.148107615,"data":"epoch=3/50 val_recall=0.0000\n"}
,{"stream_name":"stdout","time":434.350879844,"data":"epoch=3/50 val_recall=0.0000\n"}
,{"stream_name":"stdout","time":436.97868501,"data":"epoch=4/50 val_recall=0.0000\n"}
,{"stream_name":"stdout","time":437.181225668,"data":"epoch=4/50 val_recall=0.0000\n"}
,{"stream_name":"stdout","time":439.847983965,"data":"epoch=5/50 val_recall=0.1615\n"}
,{"stream_name":"stdout","time":440.051198389,"data":"epoch=5/50 val_recall=0.1615\n"}
,{"stream_name":"stdout","time":442.737754632,"data":"epoch=6/50 val_recall=0.2067\n"}
,{"stream_name":"stdout","time":442.940882835,"data":"epoch=6/50 val_recall=0.2067\n"}
,{"stream_name":"stdout","time":445.543183893,"data":"epoch=7/50 val_recall=0.2185\n"}
,{"stream_name":"stdout","time":445.746076385,"data":"epoch=7/50 val_recall=0.2185\n"}
,{"stream_name":"stdout","time":448.349855306,"data":"epoch=8/50 val_recall=0.2518\n"}
,{"stream_name":"stdout","time":448.552432133,"data":"epoch=8/50 val_recall=0.2518\n"}
,{"stream_name":"stdout","time":451.257657774,"data":"epoch=9/50 val_recall=0.2945\n"}
,{"stream_name":"stdout","time":451.461080142,"data":"epoch=9/50 val_recall=0.2945\n"}
,{"stream_name":"stdout","time":454.103880829,"data":"epoch=10/50 val_recall=0.2874\n"}
,{"stream_name":"stdout","time":454.306729465,"data":"epoch=10/50 val_recall=0.2874\n"}
,{"stream_name":"stdout","time":456.912790209,"data":"epoch=11/50 val_recall=0.3658\n"}
,{"stream_name":"stdout","time":457.115514153,"data":"epoch=11/50 val_recall=0.3658\n"}
,{"stream_name":"stdout","time":459.753810565,"data":"epoch=12/50 val_recall=0.3230\n"}
,{"stream_name":"stdout","time":459.957028018,"data":"epoch=12/50 val_recall=0.3230\n"}
,{"stream_name":"stdout","time":462.634579689,"data":"epoch=13/50 val_recall=0.3515\n"}
,{"stream_name":"stdout","time":462.852581536,"data":"epoch=13/50 val_recall=0.3515\n"}
,{"stream_name":"stdout","time":465.477406135,"data":"epoch=14/50 val_recall=0.3373\n"}
,{"stream_name":"stdout","time":465.680200356,"data":"epoch=14/50 val_recall=0.3373\n"}
,{"stream_name":"stdout","time":468.343857727,"data":"epoch=15/50 val_recall=0.3895\n"}
,{"stream_name":"stdout","time":468.546556446,"data":"epoch=15/50 val_recall=0.3895\n"}
,{"stream_name":"stdout","time":471.214083663,"data":"epoch=16/50 val_recall=0.3753\n"}
,{"stream_name":"stdout","time":471.416751541,"data":"epoch=16/50 val_recall=0.3753\n"}
,{"stream_name":"stdout","time":474.100194751,"data":"epoch=17/50 val_recall=0.3848\n"}
,{"stream_name":"stdout","time":474.302771216,"data":"epoch=17/50 val_recall=0.3848\n"}
,{"stream_name":"stdout","time":477.019980597,"data":"epoch=18/50 val_recall=0.3872\n"}
,{"stream_name":"stdout","time":477.222770228,"data":"epoch=18/50 val_recall=0.3872\n"}
,{"stream_name":"stdout","time":479.869184005,"data":"epoch=19/50 val_recall=0.3848\n"}
,{"stream_name":"stdout","time":480.072167735,"data":"epoch=19/50 val_recall=0.3848\n"}
,{"stream_name":"stdout","time":482.775979853,"data":"epoch=20/50 val_recall=0.3919\n"}
,{"stream_name":"stdout","time":482.978936336,"data":"epoch=20/50 val_recall=0.3919\n"}
,{"stream_name":"stdout","time":485.634815693,"data":"epoch=21/50 val_recall=0.3753\n"}
,{"stream_name":"stdout","time":485.838156173,"data":"epoch=21/50 val_recall=0.3753\n"}
,{"stream_name":"stdout","time":488.474870518,"data":"epoch=22/50 val_recall=0.3919\n"}
,{"stream_name":"stdout","time":488.677446,"data":"epoch=22/50 val_recall=0.3919\n"}
,{"stream_name":"stdout","time":491.32429134,"data":"epoch=23/50 val_recall=0.3943\n"}
,{"stream_name":"stdout","time":491.527281314,"data":"epoch=23/50 val_recall=0.3943\n"}
,{"stream_name":"stdout","time":494.179509315,"data":"epoch=24/50 val_recall=0.3919\n"}
,{"stream_name":"stdout","time":494.397052282,"data":"epoch=24/50 val_recall=0.3919\n"}
,{"stream_name":"stdout","time":497.042943014,"data":"epoch=25/50 val_recall=0.3919\n"}
,{"stream_name":"stdout","time":497.246037237,"data":"epoch=25/50 val_recall=0.3919\n"}
,{"stream_name":"stdout","time":499.833835698,"data":"epoch=26/50 val_recall=0.3919\n"}
,{"stream_name":"stdout","time":500.036604266,"data":"epoch=26/50 val_recall=0.3919\n"}
,{"stream_name":"stdout","time":502.701495378,"data":"epoch=27/50 val_recall=0.3919\n"}
,{"stream_name":"stdout","time":502.904251996,"data":"epoch=27/50 val_recall=0.3919\n"}
,{"stream_name":"stdout","time":505.537179413,"data":"epoch=28/50 val_recall=0.3919\n"}
,{"stream_name":"stdout","time":505.741108222,"data":"epoch=28/50 val_recall=0.3919\n"}
,{"stream_name":"stdout","time":508.395113416,"data":"epoch=29/50 val_recall=0.3919\n"}
,{"stream_name":"stdout","time":508.597739387,"data":"epoch=29/50 val_recall=0.3919\n"}
,{"stream_name":"stdout","time":511.279147738,"data":"epoch=30/50 val_recall=0.3967\n"}
,{"stream_name":"stdout","time":511.48251201,"data":"epoch=30/50 val_recall=0.3967\n"}
,{"stream_name":"stdout","time":514.186732959,"data":"epoch=31/50 val_recall=0.3919\n"}
,{"stream_name":"stdout","time":514.389768024,"data":"epoch=31/50 val_recall=0.3919\n"}
,{"stream_name":"stdout","time":516.994062578,"data":"epoch=32/50 val_recall=0.3967\n"}
,{"stream_name":"stdout","time":517.197485801,"data":"epoch=32/50 val_recall=0.3967\n"}
,{"stream_name":"stdout","time":519.813167345,"data":"epoch=33/50 val_recall=0.3990\n"}
,{"stream_name":"stdout","time":520.015821379,"data":"epoch=33/50 val_recall=0.3990\n"}
,{"stream_name":"stdout","time":522.759747603,"data":"epoch=34/50 val_recall=0.3990\n"}
,{"stream_name":"stdout","time":522.96334241,"data":"epoch=34/50 val_recall=0.3990\n"}
,{"stream_name":"stdout","time":525.629953049,"data":"epoch=35/50 val_recall=0.3990\n"}
,{"stream_name":"stdout","time":525.857466124,"data":"epoch=35/50 val_recall=0.3990\n"}
,{"stream_name":"stdout","time":528.504818798,"data":"epoch=36/50 val_recall=0.3967\n"}
,{"stream_name":"stdout","time":528.707765545,"data":"epoch=36/50 val_recall=0.3967\n"}
,{"stream_name":"stdout","time":531.372377437,"data":"epoch=37/50 val_recall=0.4157\n"}
,{"stream_name":"stdout","time":531.575366064,"data":"epoch=37/50 val_recall=0.4157\n"}
,{"stream_name":"stdout","time":534.208390128,"data":"epoch=38/50 val_recall=0.3967\n"}
,{"stream_name":"stdout","time":534.411710122,"data":"epoch=38/50 val_recall=0.3967\n"}
,{"stream_name":"stdout","time":536.99889859,"data":"epoch=39/50 val_recall=0.4109\n"}
,{"stream_name":"stdout","time":537.201795375,"data":"epoch=39/50 val_recall=0.4109\n"}
,{"stream_name":"stdout","time":539.840083393,"data":"epoch=40/50 val_recall=0.3919\n"}
,{"stream_name":"stdout","time":540.043348378,"data":"epoch=40/50 val_recall=0.3919\n"}
,{"stream_name":"stdout","time":542.795458239,"data":"epoch=41/50 val_recall=0.4157\n"}
,{"stream_name":"stdout","time":542.998706162,"data":"epoch=41/50 val_recall=0.4157\n"}
,{"stream_name":"stdout","time":545.73831458,"data":"epoch=42/50 val_recall=0.4109\n"}
,{"stream_name":"stdout","time":545.941051626,"data":"epoch=42/50 val_recall=0.4109\n"}
,{"stream_name":"stdout","time":548.721141173,"data":"epoch=43/50 val_recall=0.4181\n"}
,{"stream_name":"stdout","time":548.924209059,"data":"epoch=43/50 val_recall=0.4181\n"}
,{"stream_name":"stdout","time":551.703256944,"data":"epoch=44/50 val_recall=0.4109\n"}
,{"stream_name":"stdout","time":551.906082932,"data":"epoch=44/50 val_recall=0.4109\n"}
,{"stream_name":"stdout","time":554.615282522,"data":"epoch=45/50 val_recall=0.4204\n"}
,{"stream_name":"stdout","time":554.818425387,"data":"epoch=45/50 val_recall=0.4204\n"}
,{"stream_name":"stdout","time":557.545961852,"data":"epoch=46/50 val_recall=0.4062\n"}
,{"stream_name":"stdout","time":557.770203233,"data":"epoch=46/50 val_recall=0.4062\n"}
,{"stream_name":"stdout","time":560.389040444,"data":"epoch=47/50 val_recall=0.4228\n"}
,{"stream_name":"stdout","time":560.592229268,"data":"epoch=47/50 val_recall=0.4228\n"}
,{"stream_name":"stdout","time":563.290406301,"data":"epoch=48/50 val_recall=0.4157\n"}
,{"stream_name":"stdout","time":563.494637162,"data":"epoch=48/50 val_recall=0.4157\n"}
,{"stream_name":"stdout","time":566.223628162,"data":"epoch=49/50 val_recall=0.4228\n"}
,{"stream_name":"stdout","time":566.426520331,"data":"epoch=49/50 val_recall=0.4228\n"}
,{"stream_name":"stdout","time":569.10989539,"data":"epoch=50/50 val_recall=0.4157\n"}
,{"stream_name":"stdout","time":569.312777381,"data":"epoch=50/50 val_recall=0.4157\n"}
,{"stream_name":"stdout","time":573.915839808,"data":"epoch=1/50 val_recall=0.0000\n"}
,{"stream_name":"stdout","time":574.118685,"data":"epoch=1/50 val_recall=0.0000\n"}
,{"stream_name":"stdout","time":576.830529969,"data":"epoch=2/50 val_recall=0.0000\n"}
,{"stream_name":"stdout","time":577.033412744,"data":"epoch=2/50 val_recall=0.0000\n"}
,{"stream_name":"stdout","time":579.814995797,"data":"epoch=3/50 val_recall=0.0024\n"}
,{"stream_name":"stdout","time":580.017456235,"data":"epoch=3/50 val_recall=0.0024\n"}
,{"stream_name":"stdout","time":582.761640493,"data":"epoch=4/50 val_recall=0.1140\n"}
,{"stream_name":"stdout","time":582.964635362,"data":"epoch=4/50 val_recall=0.1140\n"}
,{"stream_name":"stdout","time":585.608093109,"data":"epoch=5/50 val_recall=0.1924\n"}
,{"stream_name":"stdout","time":585.810896749,"data":"epoch=5/50 val_recall=0.1924\n"}
,{"stream_name":"stdout","time":588.504881663,"data":"epoch=6/50 val_recall=0.1805\n"}
,{"stream_name":"stdout","time":588.723990235,"data":"epoch=6/50 val_recall=0.1805\n"}
,{"stream_name":"stdout","time":591.45524038,"data":"epoch=7/50 val_recall=0.2827\n"}
,{"stream_name":"stdout","time":591.657741057,"data":"epoch=7/50 val_recall=0.2827\n"}
,{"stream_name":"stdout","time":594.333153459,"data":"epoch=8/50 val_recall=0.2375\n"}
,{"stream_name":"stdout","time":594.535905327,"data":"epoch=8/50 val_recall=0.2375\n"}
,{"stream_name":"stdout","time":597.162967372,"data":"epoch=9/50 val_recall=0.2352\n"}
,{"stream_name":"stdout","time":597.366251324,"data":"epoch=9/50 val_recall=0.2352\n"}
,{"stream_name":"stdout","time":600.038207207,"data":"epoch=10/50 val_recall=0.3468\n"}
,{"stream_name":"stdout","time":600.241574329,"data":"epoch=10/50 val_recall=0.3468\n"}
,{"stream_name":"stdout","time":602.960294401,"data":"epoch=11/50 val_recall=0.2779\n"}
,{"stream_name":"stdout","time":603.163473329,"data":"epoch=11/50 val_recall=0.2779\n"}
,{"stream_name":"stdout","time":605.83005006,"data":"epoch=12/50 val_recall=0.3515\n"}
,{"stream_name":"stdout","time":606.033259577,"data":"epoch=12/50 val_recall=0.3515\n"}
,{"stream_name":"stdout","time":608.655116394,"data":"epoch=13/50 val_recall=0.3183\n"}
,{"stream_name":"stdout","time":608.858414758,"data":"epoch=13/50 val_recall=0.3183\n"}
,{"stream_name":"stdout","time":611.624681964,"data":"epoch=14/50 val_recall=0.3112\n"}
,{"stream_name":"stdout","time":611.827984778,"data":"epoch=14/50 val_recall=0.3112\n"}
,{"stream_name":"stdout","time":614.563925196,"data":"epoch=15/50 val_recall=0.2898\n"}
,{"stream_name":"stdout","time":614.767387342,"data":"epoch=15/50 val_recall=0.2898\n"}
,{"stream_name":"stdout","time":617.440492565,"data":"epoch=16/50 val_recall=0.3658\n"}
,{"stream_name":"stdout","time":617.643284468,"data":"epoch=16/50 val_recall=0.3658\n"}
,{"stream_name":"stdout","time":620.321842379,"data":"epoch=17/50 val_recall=0.3159\n"}
,{"stream_name":"stdout","time":620.538665074,"data":"epoch=17/50 val_recall=0.3159\n"}
,{"stream_name":"stdout","time":623.256112964,"data":"epoch=18/50 val_recall=0.3468\n"}
,{"stream_name":"stdout","time":623.459176103,"data":"epoch=18/50 val_recall=0.3468\n"}
,{"stream_name":"stdout","time":626.174781796,"data":"epoch=19/50 val_recall=0.3159\n"}
,{"stream_name":"stdout","time":626.377851096,"data":"epoch=19/50 val_recall=0.3159\n"}
,{"stream_name":"stdout","time":629.032810891,"data":"epoch=20/50 val_recall=0.3254\n"}
,{"stream_name":"stdout","time":629.235784543,"data":"epoch=20/50 val_recall=0.3254\n"}
,{"stream_name":"stdout","time":631.958569077,"data":"epoch=21/50 val_recall=0.3634\n"}
,{"stream_name":"stdout","time":632.162260948,"data":"epoch=21/50 val_recall=0.3634\n"}
,{"stream_name":"stdout","time":634.748173048,"data":"epoch=22/50 val_recall=0.3682\n"}
,{"stream_name":"stdout","time":634.950991887,"data":"epoch=22/50 val_recall=0.3682\n"}
,{"stream_name":"stdout","time":637.564099229,"data":"epoch=23/50 val_recall=0.3373\n"}
,{"stream_name":"stdout","time":637.767324459,"data":"epoch=23/50 val_recall=0.3373\n"}
,{"stream_name":"stdout","time":640.435839837,"data":"epoch=24/50 val_recall=0.3777\n"}
,{"stream_name":"stdout","time":640.638933137,"data":"epoch=24/50 val_recall=0.3777\n"}
,{"stream_name":"stdout","time":643.329862156,"data":"epoch=25/50 val_recall=0.3705\n"}
,{"stream_name":"stdout","time":643.532930039,"data":"epoch=25/50 val_recall=0.3705\n"}
,{"stream_name":"stdout","time":646.172253858,"data":"epoch=26/50 val_recall=0.3919\n"}
,{"stream_name":"stdout","time":646.375780774,"data":"epoch=26/50 val_recall=0.3919\n"}
,{"stream_name":"stdout","time":648.981556418,"data":"epoch=27/50 val_recall=0.3563\n"}
,{"stream_name":"stdout","time":649.184818747,"data":"epoch=27/50 val_recall=0.3563\n"}
,{"stream_name":"stdout","time":651.855863927,"data":"epoch=28/50 val_recall=0.4276\n"}
,{"stream_name":"stdout","time":652.0853941,"data":"epoch=28/50 val_recall=0.4276\n"}
,{"stream_name":"stdout","time":654.671848271,"data":"epoch=29/50 val_recall=0.3682\n"}
,{"stream_name":"stdout","time":654.875319299,"data":"epoch=29/50 val_recall=0.3682\n"}
,{"stream_name":"stdout","time":657.532018121,"data":"epoch=30/50 val_recall=0.3539\n"}
,{"stream_name":"stdout","time":657.735415714,"data":"epoch=30/50 val_recall=0.3539\n"}
,{"stream_name":"stdout","time":660.412339774,"data":"epoch=31/50 val_recall=0.3895\n"}
,{"stream_name":"stdout","time":660.615415128,"data":"epoch=31/50 val_recall=0.3895\n"}
,{"stream_name":"stdout","time":663.300260126,"data":"epoch=32/50 val_recall=0.3800\n"}
,{"stream_name":"stdout","time":663.503277715,"data":"epoch=32/50 val_recall=0.3800\n"}
,{"stream_name":"stdout","time":666.142936435,"data":"epoch=33/50 val_recall=0.3800\n"}
,{"stream_name":"stdout","time":666.346173756,"data":"epoch=33/50 val_recall=0.3800\n"}
,{"stream_name":"stdout","time":668.980091937,"data":"epoch=34/50 val_recall=0.3800\n"}
,{"stream_name":"stdout","time":669.183330204,"data":"epoch=34/50 val_recall=0.3800\n"}
,{"stream_name":"stdout","time":671.877057146,"data":"epoch=35/50 val_recall=0.3777\n"}
,{"stream_name":"stdout","time":672.080757018,"data":"epoch=35/50 val_recall=0.3777\n"}
,{"stream_name":"stdout","time":674.761917755,"data":"epoch=36/50 val_recall=0.3563\n"}
,{"stream_name":"stdout","time":674.965719545,"data":"epoch=36/50 val_recall=0.3563\n"}
,{"stream_name":"stdout","time":677.586231261,"data":"epoch=37/50 val_recall=0.3777\n"}
,{"stream_name":"stdout","time":677.789457617,"data":"epoch=37/50 val_recall=0.3777\n"}
,{"stream_name":"stdout","time":680.489754287,"data":"epoch=38/50 val_recall=0.3777\n"}
,{"stream_name":"stdout","time":680.692841061,"data":"epoch=38/50 val_recall=0.3777\n"}
,{"stream_name":"stdout","time":682.517188579,"data":"epoch=1/50 val_recall=1.0000\n"}
,{"stream_name":"stdout","time":682.632182884,"data":"epoch=2/50 val_recall=1.0000\n"}
,{"stream_name":"stdout","time":682.733977901,"data":"epoch=1/50 val_recall=1.0000\n"}
,{"stream_name":"stdout","time":682.73401061,"data":"epoch=2/50 val_recall=1.0000\n"}
,{"stream_name":"stdout","time":682.752662218,"data":"epoch=3/50 val_recall=1.0000\n"}
,{"stream_name":"stdout","time":682.870646197,"data":"epoch=4/50 val_recall=1.0000\n"}
,{"stream_name":"stdout","time":682.955391985,"data":"epoch=3/50 val_recall=1.0000\n"}
,{"stream_name":"stdout","time":682.955467214,"data":"epoch=4/50 val_recall=1.0000\n"}
,{"stream_name":"stdout","time":682.986864416,"data":"epoch=5/50 val_recall=1.0000\n"}
,{"stream_name":"stdout","time":683.107055804,"data":"epoch=6/50 val_recall=1.0000\n"}
,{"stream_name":"stdout","time":683.189687952,"data":"epoch=5/50 val_recall=1.0000\n"}
,{"stream_name":"stdout","time":683.189727304,"data":"epoch=6/50 val_recall=1.0000\n"}
,{"stream_name":"stdout","time":683.228412297,"data":"epoch=7/50 val_recall=1.0000\n"}
,{"stream_name":"stdout","time":683.349299798,"data":"epoch=8/50 val_recall=1.0000\n"}
,{"stream_name":"stdout","time":683.431044823,"data":"epoch=7/50 val_recall=1.0000\n"}
,{"stream_name":"stdout","time":683.431082523,"data":"epoch=8/50 val_recall=1.0000\n"}
,{"stream_name":"stdout","time":683.470589446,"data":"epoch=9/50 val_recall=1.0000\n"}
,{"stream_name":"stdout","time":683.589419644,"data":"epoch=10/50 val_recall=1.0000\n"}
,{"stream_name":"stdout","time":683.673352616,"data":"epoch=9/50 val_recall=1.0000\n"}
,{"stream_name":"stdout","time":683.673412192,"data":"epoch=10/50 val_recall=1.0000\n"}
,{"stream_name":"stdout","time":683.707515841,"data":"epoch=11/50 val_recall=1.0000\n"}
,{"stream_name":"stdout","time":683.889095148,"data":"epoch=1/50 val_recall=0.0000\n"}
,{"stream_name":"stdout","time":683.910337417,"data":"epoch=11/50 val_recall=1.0000\n"}
,{"stream_name":"stdout","time":683.910388073,"data":"epoch=1/50 val_recall=0.0000\n"}
,{"stream_name":"stdout","time":684.006174307,"data":"epoch=2/50 val_recall=0.0000\n"}
,{"stream_name":"stdout","time":684.122288038,"data":"epoch=3/50 val_recall=0.0000\n"}
,{"stream_name":"stdout","time":684.20890709,"data":"epoch=2/50 val_recall=0.0000\n"}
,{"stream_name":"stdout","time":684.208946516,"data":"epoch=3/50 val_recall=0.0000\n"}
,{"stream_name":"stdout","time":684.23897835,"data":"epoch=4/50 val_recall=0.0000\n"}
,{"stream_name":"stdout","time":684.363590323,"data":"epoch=5/50 val_recall=0.0000\n"}
,{"stream_name":"stdout","time":684.441603884,"data":"epoch=4/50 val_recall=0.0000\n"}
,{"stream_name":"stdout","time":684.441650186,"data":"epoch=5/50 val_recall=0.0000\n"}
,{"stream_name":"stdout","time":684.48125808,"data":"epoch=6/50 val_recall=0.0000\n"}
,{"stream_name":"stdout","time":684.603374927,"data":"epoch=7/50 val_recall=0.0000\n"}
,{"stream_name":"stdout","time":684.684558849,"data":"epoch=6/50 val_recall=0.0000\n"}
,{"stream_name":"stdout","time":684.684593651,"data":"epoch=7/50 val_recall=0.0000\n"}
,{"stream_name":"stdout","time":684.729078651,"data":"epoch=8/50 val_recall=0.0000\n"}
,{"stream_name":"stdout","time":684.848695046,"data":"epoch=9/50 val_recall=0.0000\n"}
,{"stream_name":"stdout","time":684.93188517,"data":"epoch=8/50 val_recall=0.0000\n"}
,{"stream_name":"stdout","time":684.93194275,"data":"epoch=9/50 val_recall=0.0000\n"}
,{"stream_name":"stdout","time":684.967645894,"data":"epoch=10/50 val_recall=0.0000\n"}
,{"stream_name":"stdout","time":685.088206808,"data":"epoch=11/50 val_recall=0.0000\n"}
,{"stream_name":"stdout","time":685.170882951,"data":"epoch=10/50 val_recall=0.0000\n"}
,{"stream_name":"stdout","time":685.170947907,"data":"epoch=11/50 val_recall=0.0000\n"}
,{"stream_name":"stdout","time":685.297463206,"data":"epoch=1/50 val_recall=0.0000\n"}
,{"stream_name":"stdout","time":685.415906559,"data":"epoch=2/50 val_recall=0.0000\n"}
,{"stream_name":"stdout","time":685.500820321,"data":"epoch=1/50 val_recall=0.0000\n"}
,{"stream_name":"stdout","time":685.500887206,"data":"epoch=2/50 val_recall=0.0000\n"}
,{"stream_name":"stdout","time":685.534980005,"data":"epoch=3/50 val_recall=0.0000\n"}
,{"stream_name":"stdout","time":685.652089042,"data":"epoch=4/50 val_recall=0.0000\n"}
,{"stream_name":"stdout","time":685.738093828,"data":"epoch=3/50 val_recall=0.0000\n"}
,{"stream_name":"stdout","time":685.738182146,"data":"epoch=4/50 val_recall=0.0000\n"}
,{"stream_name":"stdout","time":685.771259393,"data":"epoch=5/50 val_recall=0.0000\n"}
,{"stream_name":"stdout","time":685.894472579,"data":"epoch=6/50 val_recall=0.0000\n"}
,{"stream_name":"stdout","time":685.974452673,"data":"epoch=5/50 val_recall=0.0000\n"}
,{"stream_name":"stdout","time":685.974492601,"data":"epoch=6/50 val_recall=0.0000\n"}
,{"stream_name":"stdout","time":686.014568209,"data":"epoch=7/50 val_recall=0.0000\n"}
,{"stream_name":"stdout","time":686.133016295,"data":"epoch=8/50 val_recall=0.0000\n"}
,{"stream_name":"stdout","time":686.217728788,"data":"epoch=7/50 val_recall=0.0000\n"}
,{"stream_name":"stdout","time":686.217776277,"data":"epoch=8/50 val_recall=0.0000\n"}
,{"stream_name":"stdout","time":686.251034949,"data":"epoch=9/50 val_recall=0.0000\n"}
,{"stream_name":"stdout","time":686.373727921,"data":"epoch=10/50 val_recall=0.0000\n"}
,{"stream_name":"stdout","time":686.454205063,"data":"epoch=9/50 val_recall=0.0000\n"}
,{"stream_name":"stdout","time":686.454245608,"data":"epoch=10/50 val_recall=0.0000\n"}
,{"stream_name":"stdout","time":686.498277288,"data":"epoch=11/50 val_recall=0.0000\n"}
,{"stream_name":"stdout","time":686.701348625,"data":"epoch=11/50 val_recall=0.0000\n"}
,{"stream_name":"stdout","time":687.882730186,"data":"HQCDNN_TEN_PERCENT_COMPLETE\n"}
,{"stream_name":"stderr","time":691.382904573,"data":"/usr/local/lib/python3.12/dist-packages/mistune.py:435: SyntaxWarning: invalid escape sequence '\\|'\n"}
,{"stream_name":"stderr","time":691.382967051,"data":"  cells[i][c] = re.sub('\\\\\\\\\\|', '|', cell)\n"}
,{"stream_name":"stderr","time":691.610972984,"data":"/usr/local/lib/python3.12/dist-packages/nbconvert/filters/filter_links.py:36: SyntaxWarning: invalid escape sequence '\\_'\n"}
,{"stream_name":"stderr","time":691.611032847,"data":"  text = re.sub(r'_', '\\_', text) # Escape underscores in display text\n"}
,{"stream_name":"stderr","time":692.443841729,"data":"[NbConvertApp] Converting notebook __notebook__.ipynb to notebook\n"}
,{"stream_name":"stderr","time":692.885458625,"data":"[NbConvertApp] Writing 18859 bytes to __notebook__.ipynb\n"}
,{"stream_name":"stderr","time":696.069751871,"data":"[NbConvertApp] Converting notebook __notebook__.ipynb to html\n"}
,{"stream_name":"stderr","time":697.139607032,"data":"[NbConvertApp] Writing 289171 bytes to __results__.html\n"}
]